Archive member included to satisfy reference by file (symbol)

/home/aleks/.pico-sdk/toolchain/14_2_Rel1/bin/../lib/gcc/arm-none-eabi/14.2.1/thumb/v6-m/nofp/libgcc.a(_dvmd_tls.o)
                              CMakeFiles/IntegratedMotorController_code.dir/home/aleks/.pico-sdk/sdk/2.2.0/src/rp2_common/pico_divider/divider_hardware.S.o (__aeabi_idiv0)
/home/aleks/.pico-sdk/toolchain/14_2_Rel1/bin/../lib/gcc/arm-none-eabi/14.2.1/../../../../arm-none-eabi/lib/thumb/v6-m/nofp/libg.a(libc_a-calloc.o)
                              CMakeFiles/IntegratedMotorController_code.dir/home/aleks/.pico-sdk/sdk/2.2.0/src/rp2_common/pico_malloc/malloc.c.o (calloc)
/home/aleks/.pico-sdk/toolchain/14_2_Rel1/bin/../lib/gcc/arm-none-eabi/14.2.1/../../../../arm-none-eabi/lib/thumb/v6-m/nofp/libg.a(libc_a-callocr.o)
                              /home/aleks/.pico-sdk/toolchain/14_2_Rel1/bin/../lib/gcc/arm-none-eabi/14.2.1/../../../../arm-none-eabi/lib/thumb/v6-m/nofp/libg.a(libc_a-calloc.o) (_calloc_r)
/home/aleks/.pico-sdk/toolchain/14_2_Rel1/bin/../lib/gcc/arm-none-eabi/14.2.1/../../../../arm-none-eabi/lib/thumb/v6-m/nofp/libg.a(libc_a-malloc.o)
                              CMakeFiles/IntegratedMotorController_code.dir/home/aleks/.pico-sdk/sdk/2.2.0/src/rp2_common/pico_malloc/malloc.c.o (malloc)
/home/aleks/.pico-sdk/toolchain/14_2_Rel1/bin/../lib/gcc/arm-none-eabi/14.2.1/../../../../arm-none-eabi/lib/thumb/v6-m/nofp/libg.a(libc_a-mallocr.o)
                              /home/aleks/.pico-sdk/toolchain/14_2_Rel1/bin/../lib/gcc/arm-none-eabi/14.2.1/../../../../arm-none-eabi/lib/thumb/v6-m/nofp/libg.a(libc_a-callocr.o) (_malloc_r)
/home/aleks/.pico-sdk/toolchain/14_2_Rel1/bin/../lib/gcc/arm-none-eabi/14.2.1/../../../../arm-none-eabi/lib/thumb/v6-m/nofp/libg.a(libc_a-mlock.o)
                              /home/aleks/.pico-sdk/toolchain/14_2_Rel1/bin/../lib/gcc/arm-none-eabi/14.2.1/../../../../arm-none-eabi/lib/thumb/v6-m/nofp/libg.a(libc_a-mallocr.o) (__malloc_lock)
/home/aleks/.pico-sdk/toolchain/14_2_Rel1/bin/../lib/gcc/arm-none-eabi/14.2.1/../../../../arm-none-eabi/lib/thumb/v6-m/nofp/libg.a(libc_a-realloc.o)
                              CMakeFiles/IntegratedMotorController_code.dir/home/aleks/.pico-sdk/sdk/2.2.0/src/rp2_common/pico_malloc/malloc.c.o (realloc)
/home/aleks/.pico-sdk/toolchain/14_2_Rel1/bin/../lib/gcc/arm-none-eabi/14.2.1/../../../../arm-none-eabi/lib/thumb/v6-m/nofp/libg.a(libc_a-reallocr.o)
                              /home/aleks/.pico-sdk/toolchain/14_2_Rel1/bin/../lib/gcc/arm-none-eabi/14.2.1/../../../../arm-none-eabi/lib/thumb/v6-m/nofp/libg.a(libc_a-realloc.o) (_realloc_r)
/home/aleks/.pico-sdk/toolchain/14_2_Rel1/bin/../lib/gcc/arm-none-eabi/14.2.1/../../../../arm-none-eabi/lib/thumb/v6-m/nofp/libg.a(libc_a-memcmp.o)
                              CMakeFiles/IntegratedMotorController_code.dir/home/aleks/.pico-sdk/sdk/2.2.0/src/rp2_common/pico_atomic/atomic.c.o (memcmp)
/home/aleks/.pico-sdk/toolchain/14_2_Rel1/bin/../lib/gcc/arm-none-eabi/14.2.1/../../../../arm-none-eabi/lib/thumb/v6-m/nofp/libg.a(libc_a-memmove.o)
                              /home/aleks/.pico-sdk/toolchain/14_2_Rel1/bin/../lib/gcc/arm-none-eabi/14.2.1/../../../../arm-none-eabi/lib/thumb/v6-m/nofp/libg.a(libc_a-reallocr.o) (memmove)
/home/aleks/.pico-sdk/toolchain/14_2_Rel1/bin/../lib/gcc/arm-none-eabi/14.2.1/../../../../arm-none-eabi/lib/thumb/v6-m/nofp/libg.a(libc_a-lcltime_r.o)
                              CMakeFiles/IntegratedMotorController_code.dir/home/aleks/.pico-sdk/sdk/2.2.0/src/common/pico_util/datetime.c.o (localtime_r)
/home/aleks/.pico-sdk/toolchain/14_2_Rel1/bin/../lib/gcc/arm-none-eabi/14.2.1/../../../../arm-none-eabi/lib/thumb/v6-m/nofp/libg.a(libc_a-mktime.o)
                              CMakeFiles/IntegratedMotorController_code.dir/home/aleks/.pico-sdk/sdk/2.2.0/src/common/pico_util/datetime.c.o (mktime)
/home/aleks/.pico-sdk/toolchain/14_2_Rel1/bin/../lib/gcc/arm-none-eabi/14.2.1/../../../../arm-none-eabi/lib/thumb/v6-m/nofp/libg.a(libc_a-month_lengths.o)
                              /home/aleks/.pico-sdk/toolchain/14_2_Rel1/bin/../lib/gcc/arm-none-eabi/14.2.1/../../../../arm-none-eabi/lib/thumb/v6-m/nofp/libg.a(libc_a-lcltime_r.o) (__month_lengths)
/home/aleks/.pico-sdk/toolchain/14_2_Rel1/bin/../lib/gcc/arm-none-eabi/14.2.1/../../../../arm-none-eabi/lib/thumb/v6-m/nofp/libg.a(libc_a-tzcalc_limits.o)
                              /home/aleks/.pico-sdk/toolchain/14_2_Rel1/bin/../lib/gcc/arm-none-eabi/14.2.1/../../../../arm-none-eabi/lib/thumb/v6-m/nofp/libg.a(libc_a-lcltime_r.o) (__tzcalc_limits)
/home/aleks/.pico-sdk/toolchain/14_2_Rel1/bin/../lib/gcc/arm-none-eabi/14.2.1/../../../../arm-none-eabi/lib/thumb/v6-m/nofp/libg.a(libc_a-tzlock.o)
                              /home/aleks/.pico-sdk/toolchain/14_2_Rel1/bin/../lib/gcc/arm-none-eabi/14.2.1/../../../../arm-none-eabi/lib/thumb/v6-m/nofp/libg.a(libc_a-lcltime_r.o) (__tz_lock)
[...]
Memory Configuration

Name             Origin             Length             Attributes
FLASH            0x10000000         0x00200000         xr
RAM              0x20000000         0x00040000         xrw
SCRATCH_X        0x20040000         0x00001000         xrw
SCRATCH_Y        0x20041000         0x00001000         xrw
*default*        0x00000000         0xffffffff

Linker script and memory map

LOAD /home/aleks/.pico-sdk/toolchain/14_2_Rel1/bin/../lib/gcc/arm-none-eabi/14.2.1/thumb/v6-m/nofp/crti.o
LOAD /home/aleks/.pico-sdk/toolchain/14_2_Rel1/bin/../lib/gcc/arm-none-eabi/14.2.1/thumb/v6-m/nofp/crtbegin.o
LOAD /home/aleks/.pico-sdk/toolchain/14_2_Rel1/bin/../lib/gcc/arm-none-eabi/14.2.1/../../../../arm-none-eabi/lib/thumb/v6-m/nofp/crt0.o

.flash_begin    0x10000000        0x0
                0x10000000                        __flash_binary_start = .

.boot2          0x10000000      0x100
                0x10000000                        __boot2_start__ = .
 *(.boot2)
 .boot2         0x10000000      0x100 pico-sdk/src/rp2040/boot_stage2/CMakeFiles/bs2_default_library.dir/./bs2_default_padded_checksummed.S.o
                0x10000100                        __boot2_end__ = .
                0x00000001                        ASSERT (((__boot2_end__ - __boot2_start__) == 0x100), ERROR: Pico second stage bootloader must be 256 bytes in size)

.text           0x10000100     0x72b4
                0x10000100                        __logical_binary_start = .
 *(.vectors)
 .vectors       0x10000100       0xd4 CMakeFiles/IntegratedMotorController_code.dir/home/aleks/.pico-sdk/sdk/2.2.0/src/rp2_common/pico_crt0/crt0.S.o
                0x10000100                __vectors
                0x10000100                __VECTOR_TABLE
                0x100001c0                isr_irq30
                0x100001c0                __unhandled_user_irq
                0x100001c0                isr_irq13
                0x100001c0                isr_irq27
                0x100001c0                isr_irq31
                0x100001c0                isr_irq5
                0x100001c0                isr_irq11
                0x100001c0                isr_irq23
                0x100001c0                isr_irq18
                0x100001c0                isr_irq28
                0x100001c0                isr_irq19
                0x100001c0                isr_irq0
                0x100001c0                isr_irq6
                0x100001c0                isr_irq22
                0x100001c0                isr_irq17
                0x100001c0                isr_irq14
                0x100001c0                __vectors_end
                0x100001c0                __default_isrs_start
                0x100001c0                isr_irq2
                0x100001c0                isr_irq10
                0x100001c0                isr_irq8
                0x100001c0                isr_irq24
                0x100001c0                isr_irq1
                0x100001c0                isr_irq7
                0x100001c0                isr_irq21
                0x100001c0                isr_irq20
                0x100001c0                isr_irq15
                0x100001c0                isr_irq25
                0x100001c0                isr_irq4
                0x100001c0                isr_irq16
                0x100001c0                isr_irq29
                0x100001c0                isr_irq26
                0x100001c0                isr_irq3
                0x100001c0                isr_irq12
                0x100001c0                isr_irq9
                0x100001c6                unhandled_user_irq_num_in_r0
                0x100001c8                isr_invalid
                0x100001ca                isr_nmi
                0x100001cc                isr_hardfault
                0x100001ce                isr_svcall
                0x100001d0                isr_pendsv
                0x100001d2                isr_systick
                0x100001d4                __default_isrs_end
 *(.binary_info_header)
 .binary_info_header
                0x100001d4       0x14 CMakeFiles/IntegratedMotorController_code.dir/home/aleks/.pico-sdk/sdk/2.2.0/src/rp2_common/pico_crt0/crt0.S.o
                0x100001e8                        __binary_info_header_end = .
 *(.embedded_block)
                0x100001e8                        __embedded_block_end = .
 *(.reset)
 .reset         0x100001e8       0x9c CMakeFiles/IntegratedMotorController_code.dir/home/aleks/.pico-sdk/sdk/2.2.0/src/rp2_common/pico_crt0/crt0.S.o
                0x100001e8                _entry_point
 *(.init)
 .init          0x10000284        0x4 /home/aleks/.pico-sdk/toolchain/14_2_Rel1/bin/../lib/gcc/arm-none-eabi/14.2.1/thumb/v6-m/nofp/crti.o
                0x10000284                _init
 *(EXCLUDE_FILE(*libm.a: *libc.a:*lib_a-mem*.o *libgcc.a:) .text*)
 .text.register_tm_clones
                0x10000288       0x28 /home/aleks/.pico-sdk/toolchain/14_2_Rel1/bin/../lib/gcc/arm-none-eabi/14.2.1/thumb/v6-m/nofp/crtbegin.o
 .text.frame_dummy
                0x100002b0       0x24 /home/aleks/.pico-sdk/toolchain/14_2_Rel1/bin/../lib/gcc/arm-none-eabi/14.2.1/thumb/v6-m/nofp/crtbegin.o
 .text.startup.main
                0x100002d4      0x644 CMakeFiles/IntegratedMotorController_code.dir/src/main.c.o
                0x100002d4                main
 .text.gpio_set_function
                0x10000918       0x34 CMakeFiles/IntegratedMotorController_code.dir/home/aleks/.pico-sdk/sdk/2.2.0/src/rp2_common/hardware_gpio/gpio.c.o
                0x10000918                gpio_set_function
 .text.gpio_init
                0x1000094c       0x40 CMakeFiles/IntegratedMotorController_code.dir/home/aleks/.pico-sdk/sdk/2.2.0/src/rp2_common/hardware_gpio/gpio.c.o
                0x1000094c                gpio_init
 .text.rp2040_chip_version
                0x1000098c        0xc CMakeFiles/IntegratedMotorController_code.dir/home/aleks/.pico-sdk/sdk/2.2.0/src/rp2040/pico_platform/platform.c.o
                0x1000098c                rp2040_chip_version
 .text.panic    0x10000998       0x30 CMakeFiles/IntegratedMotorController_code.dir/home/aleks/.pico-sdk/sdk/2.2.0/src/rp2_common/pico_platform_panic/panic.c.o
                0x10000998                panic
 .text.hw_claim_or_assert
                0x100009c8       0x44 CMakeFiles/IntegratedMotorController_code.dir/home/aleks/.pico-sdk/sdk/2.2.0/src/common/hardware_claim/claim.c.o
                0x100009c8                hw_claim_or_assert
 .text.hw_claim_unused_from_range
                0x10000a0c       0x88 CMakeFiles/IntegratedMotorController_code.dir/home/aleks/.pico-sdk/sdk/2.2.0/src/common/hardware_claim/claim.c.o
                0x10000a0c                hw_claim_unused_from_range
 .text.next_striped_spin_lock_num
                0x10000a94       0x18 CMakeFiles/IntegratedMotorController_code.dir/home/aleks/.pico-sdk/sdk/2.2.0/src/rp2_common/hardware_sync/sync.c.o
                0x10000a94                next_striped_spin_lock_num
 .text.spin_lock_claim_unused
                0x10000aac       0x24 CMakeFiles/IntegratedMotorController_code.dir/home/aleks/.pico-sdk/sdk/2.2.0/src/rp2_common/hardware_sync/sync.c.o
                0x10000aac                spin_lock_claim_unused
 .text.spin_locks_reset
                0x10000ad0       0x1c CMakeFiles/IntegratedMotorController_code.dir/home/aleks/.pico-sdk/sdk/2.2.0/src/rp2_common/hardware_sync_spin_lock/sync_spin_lock.c.o
                0x10000ad0                spin_locks_reset
 .text.runtime_init_per_core_irq_priorities
                0x10000aec       0x24 CMakeFiles/IntegratedMotorController_code.dir/home/aleks/.pico-sdk/sdk/2.2.0/src/rp2_common/hardware_irq/irq.c.o
                0x10000aec                runtime_init_per_core_irq_priorities
 .text.irq_set_enabled
                0x10000b10       0x24 CMakeFiles/IntegratedMotorController_code.dir/home/aleks/.pico-sdk/sdk/2.2.0/src/rp2_common/hardware_irq/irq.c.o
                0x10000b10                irq_set_enabled
 .text.irq_is_enabled
                0x10000b34       0x18 CMakeFiles/IntegratedMotorController_code.dir/home/aleks/.pico-sdk/sdk/2.2.0/src/rp2_common/hardware_irq/irq.c.o
                0x10000b34                irq_is_enabled
 .text.irq_set_pending
                0x10000b4c       0x10 CMakeFiles/IntegratedMotorController_code.dir/home/aleks/.pico-sdk/sdk/2.2.0/src/rp2_common/hardware_irq/irq.c.o
                0x10000b4c                irq_set_pending
 .text.irq_has_shared_handler
                0x10000b5c       0x24 CMakeFiles/IntegratedMotorController_code.dir/home/aleks/.pico-sdk/sdk/2.2.0/src/rp2_common/hardware_irq/irq.c.o
                0x10000b5c                irq_has_shared_handler
 .text.irq_set_exclusive_handler
                0x10000b80       0x54 CMakeFiles/IntegratedMotorController_code.dir/home/aleks/.pico-sdk/sdk/2.2.0/src/rp2_common/hardware_irq/irq.c.o
                0x10000b80                irq_set_exclusive_handler
 .text.irq_add_shared_handler
                0x10000bd4      0x1f4 CMakeFiles/IntegratedMotorController_code.dir/home/aleks/.pico-sdk/sdk/2.2.0/src/rp2_common/hardware_irq/irq.c.o
                0x10000bd4                irq_add_shared_handler
 .text.irq_add_tail_to_free_list
                0x10000dc8       0xb4 CMakeFiles/IntegratedMotorController_code.dir/home/aleks/.pico-sdk/sdk/2.2.0/src/rp2_common/hardware_irq/irq.c.o
                0x10000dc8                irq_add_tail_to_free_list
 .text.user_irq_claim_unused
                0x10000e7c       0x2c CMakeFiles/IntegratedMotorController_code.dir/home/aleks/.pico-sdk/sdk/2.2.0/src/rp2_common/hardware_irq/irq.c.o
                0x10000e7c                user_irq_claim_unused
 .text.lock_init
                0x10000ea8       0x10 CMakeFiles/IntegratedMotorController_code.dir/home/aleks/.pico-sdk/sdk/2.2.0/src/common/pico_sync/lock_core.c.o
                0x10000ea8                lock_init
 .text.runtime_init_mutex
                0x10000eb8       0x50 CMakeFiles/IntegratedMotorController_code.dir/home/aleks/.pico-sdk/sdk/2.2.0/src/common/pico_sync/mutex.c.o
                0x10000eb8                runtime_init_mutex
 .text.mutex_init
                0x10000f08       0x1c CMakeFiles/IntegratedMotorController_code.dir/home/aleks/.pico-sdk/sdk/2.2.0/src/common/pico_sync/mutex.c.o
                0x10000f08                mutex_init
 .text.critical_section_init
                0x10000f24       0x1c CMakeFiles/IntegratedMotorController_code.dir/home/aleks/.pico-sdk/sdk/2.2.0/src/common/pico_sync/critical_section.c.o
                0x10000f24                critical_section_init
 .text.critical_section_init_with_lock_num
                0x10000f40       0x14 CMakeFiles/IntegratedMotorController_code.dir/home/aleks/.pico-sdk/sdk/2.2.0/src/common/pico_sync/critical_section.c.o
                0x10000f40                critical_section_init_with_lock_num
 .text.sleep_until_callback
                0x10000f54       0x30 CMakeFiles/IntegratedMotorController_code.dir/home/aleks/.pico-sdk/sdk/2.2.0/src/common/pico_time/time.c.o
 .text.alarm_pool_irq_handler
                0x10000f84      0x300 CMakeFiles/IntegratedMotorController_code.dir/home/aleks/.pico-sdk/sdk/2.2.0/src/common/pico_time/time.c.o
 .text.runtime_init_default_alarm_pool
                0x10001284       0xdc CMakeFiles/IntegratedMotorController_code.dir/home/aleks/.pico-sdk/sdk/2.2.0/src/common/pico_time/time.c.o
                0x10001284                runtime_init_default_alarm_pool
 .text.alarm_pool_get_default
                0x10001360        0x8 CMakeFiles/IntegratedMotorController_code.dir/home/aleks/.pico-sdk/sdk/2.2.0/src/common/pico_time/time.c.o
                0x10001360                alarm_pool_get_default
 .text.alarm_pool_add_alarm_at
                0x10001368       0xd0 CMakeFiles/IntegratedMotorController_code.dir/home/aleks/.pico-sdk/sdk/2.2.0/src/common/pico_time/time.c.o
                0x10001368                alarm_pool_add_alarm_at
 .text.alarm_pool_add_alarm_at_force_in_context
                0x10001438       0xb0 CMakeFiles/IntegratedMotorController_code.dir/home/aleks/.pico-sdk/sdk/2.2.0/src/common/pico_time/time.c.o
                0x10001438                alarm_pool_add_alarm_at_force_in_context
 .text.alarm_pool_cancel_alarm
                0x100014e8       0x74 CMakeFiles/IntegratedMotorController_code.dir/home/aleks/.pico-sdk/sdk/2.2.0/src/common/pico_time/time.c.o
                0x100014e8                alarm_pool_cancel_alarm
 .text.alarm_pool_core_num
                0x1000155c        0x4 CMakeFiles/IntegratedMotorController_code.dir/home/aleks/.pico-sdk/sdk/2.2.0/src/common/pico_time/time.c.o
                0x1000155c                alarm_pool_core_num
 .text.sleep_ms
                0x10001560       0xfc CMakeFiles/IntegratedMotorController_code.dir/home/aleks/.pico-sdk/sdk/2.2.0/src/common/pico_time/time.c.o
                0x10001560                sleep_ms
 .text.best_effort_wfe_or_timeout
                0x1000165c      0x10c CMakeFiles/IntegratedMotorController_code.dir/home/aleks/.pico-sdk/sdk/2.2.0/src/common/pico_time/time.c.o
                0x1000165c                best_effort_wfe_or_timeout
 .text.timer_hardware_alarm_claim
                0x10001768       0x14 CMakeFiles/IntegratedMotorController_code.dir/home/aleks/.pico-sdk/sdk/2.2.0/src/rp2_common/hardware_timer/timer.c.o
                0x10001768                timer_hardware_alarm_claim
 .text.timer_time_us_64
                0x1000177c       0x10 CMakeFiles/IntegratedMotorController_code.dir/home/aleks/.pico-sdk/sdk/2.2.0/src/rp2_common/hardware_timer/timer.c.o
                0x1000177c                timer_time_us_64
 .text.time_us_64
                0x1000178c       0x14 CMakeFiles/IntegratedMotorController_code.dir/home/aleks/.pico-sdk/sdk/2.2.0/src/rp2_common/hardware_timer/timer.c.o
                0x1000178c                time_us_64
 .text.busy_wait_us
                0x100017a0       0x68 CMakeFiles/IntegratedMotorController_code.dir/home/aleks/.pico-sdk/sdk/2.2.0/src/rp2_common/hardware_timer/timer.c.o
                0x100017a0                busy_wait_us
 .text.busy_wait_until
                0x10001808       0x20 CMakeFiles/IntegratedMotorController_code.dir/home/aleks/.pico-sdk/sdk/2.2.0/src/rp2_common/hardware_timer/timer.c.o
                0x10001808                busy_wait_until
 .text.clock_configure_int_divider
                0x10001828       0xf4 CMakeFiles/IntegratedMotorController_code.dir/home/aleks/.pico-sdk/sdk/2.2.0/src/rp2_common/hardware_clocks/clocks.c.o
                0x10001828                clock_configure_int_divider
 .text.clock_configure_undivided
                0x1000191c       0xe8 CMakeFiles/IntegratedMotorController_code.dir/home/aleks/.pico-sdk/sdk/2.2.0/src/rp2_common/hardware_clocks/clocks.c.o
                0x1000191c                clock_configure_undivided
 .text.clock_get_hz
                0x10001a04        0xc CMakeFiles/IntegratedMotorController_code.dir/home/aleks/.pico-sdk/sdk/2.2.0/src/rp2_common/hardware_clocks/clocks.c.o
                0x10001a04                clock_get_hz
 .text.pll_init
                0x10001a10       0xa4 CMakeFiles/IntegratedMotorController_code.dir/home/aleks/.pico-sdk/sdk/2.2.0/src/rp2_common/hardware_pll/pll.c.o
                0x10001a10                pll_init
 .text.watchdog_reboot
                0x10001ab4       0x9c CMakeFiles/IntegratedMotorController_code.dir/home/aleks/.pico-sdk/sdk/2.2.0/src/rp2_common/hardware_watchdog/watchdog.c.o
                0x10001ab4                watchdog_reboot
 .text.tick_start
                0x10001b50       0x10 CMakeFiles/IntegratedMotorController_code.dir/home/aleks/.pico-sdk/sdk/2.2.0/src/rp2_common/hardware_ticks/ticks.c.o
                0x10001b50                tick_start
 .text.rom_func_lookup
                0x10001b60       0x10 CMakeFiles/IntegratedMotorController_code.dir/home/aleks/.pico-sdk/sdk/2.2.0/src/rp2_common/pico_bootrom/bootrom.c.o
                0x10001b60                rom_func_lookup
 .text.rom_data_lookup
                0x10001b70       0x10 CMakeFiles/IntegratedMotorController_code.dir/home/aleks/.pico-sdk/sdk/2.2.0/src/rp2_common/pico_bootrom/bootrom.c.o
                0x10001b70                rom_data_lookup
 .text.rom_funcs_lookup
                0x10001b80       0x44 CMakeFiles/IntegratedMotorController_code.dir/home/aleks/.pico-sdk/sdk/2.2.0/src/rp2_common/pico_bootrom/bootrom.c.o
                0x10001b80                rom_funcs_lookup
 .text.rom_reset_usb_boot_extra
                0x10001bc4       0x24 CMakeFiles/IntegratedMotorController_code.dir/home/aleks/.pico-sdk/sdk/2.2.0/src/rp2_common/pico_bootrom/bootrom.c.o
                0x10001bc4                rom_reset_usb_boot_extra
 .text.xosc_init
                0x10001be8       0x28 CMakeFiles/IntegratedMotorController_code.dir/home/aleks/.pico-sdk/sdk/2.2.0/src/rp2_common/hardware_xosc/xosc.c.o
                0x10001be8                xosc_init
 .text.first_per_core_initializer
                0x10001c10        0x4 CMakeFiles/IntegratedMotorController_code.dir/home/aleks/.pico-sdk/sdk/2.2.0/src/rp2_common/pico_runtime/runtime.c.o
 .text.hard_assertion_failure
                0x10001c14        0xc CMakeFiles/IntegratedMotorController_code.dir/home/aleks/.pico-sdk/sdk/2.2.0/src/rp2_common/pico_runtime/runtime.c.o
                0x10001c14                hard_assertion_failure
 .text.runtime_run_initializers
                0x10001c20       0x28 CMakeFiles/IntegratedMotorController_code.dir/home/aleks/.pico-sdk/sdk/2.2.0/src/rp2_common/pico_runtime/runtime.c.o
                0x10001c20                runtime_run_initializers
 .text.runtime_init_early_resets
                0x10001c48       0x2c CMakeFiles/IntegratedMotorController_code.dir/home/aleks/.pico-sdk/sdk/2.2.0/src/rp2_common/pico_runtime_init/runtime_init.c.o
                0x10001c48                runtime_init_early_resets
 .text.runtime_init_usb_power_down
                0x10001c74       0x1c CMakeFiles/IntegratedMotorController_code.dir/home/aleks/.pico-sdk/sdk/2.2.0/src/rp2_common/pico_runtime_init/runtime_init.c.o
                0x10001c74                runtime_init_usb_power_down
 .text.runtime_init_post_clock_resets
                0x10001c90       0x20 CMakeFiles/IntegratedMotorController_code.dir/home/aleks/.pico-sdk/sdk/2.2.0/src/rp2_common/pico_runtime_init/runtime_init.c.o
                0x10001c90                runtime_init_post_clock_resets
 .text.runtime_init_rp2040_gpio_ie_disable
                0x10001cb0       0x14 CMakeFiles/IntegratedMotorController_code.dir/home/aleks/.pico-sdk/sdk/2.2.0/src/rp2_common/pico_runtime_init/runtime_init.c.o
                0x10001cb0                runtime_init_rp2040_gpio_ie_disable
 .text.runtime_init_spin_locks_reset
                0x10001cc4        0x8 CMakeFiles/IntegratedMotorController_code.dir/home/aleks/.pico-sdk/sdk/2.2.0/src/rp2_common/pico_runtime_init/runtime_init.c.o
                0x10001cc4                runtime_init_spin_locks_reset
 .text.runtime_init_install_ram_vector_table
                0x10001ccc       0xb4 CMakeFiles/IntegratedMotorController_code.dir/home/aleks/.pico-sdk/sdk/2.2.0/src/rp2_common/pico_runtime_init/runtime_init.c.o
                0x10001ccc                runtime_init_install_ram_vector_table
 .text.runtime_init_clocks
                0x10001d80       0xd8 CMakeFiles/IntegratedMotorController_code.dir/home/aleks/.pico-sdk/sdk/2.2.0/src/rp2_common/pico_runtime_init/runtime_init_clocks.c.o
                0x10001d80                runtime_init_clocks
 .text          0x10001e58       0x10 CMakeFiles/IntegratedMotorController_code.dir/home/aleks/.pico-sdk/sdk/2.2.0/src/rp2_common/pico_bit_ops/bit_ops_aeabi.S.o
 .text.__wrap___aeabi_idiv
                0x10001e68       0x50 CMakeFiles/IntegratedMotorController_code.dir/home/aleks/.pico-sdk/sdk/2.2.0/src/rp2_common/pico_divider/divider_hardware.S.o
                0x10001e68                __wrap___aeabi_idivmod
                0x10001e68                divmod_s32s32
                0x10001e68                div_s32s32
                0x10001e68                __wrap___aeabi_idiv
                0x10001e70                divmod_s32s32_unsafe
                0x10001e9c                divmod_s32s32_savestate
 .text.__wrap___aeabi_uidiv
                0x10001eb8       0x4c CMakeFiles/IntegratedMotorController_code.dir/home/aleks/.pico-sdk/sdk/2.2.0/src/rp2_common/pico_divider/divider_hardware.S.o
                0x10001eb8                __wrap___aeabi_uidiv
                0x10001eb8                __wrap___aeabi_uidivmod
                0x10001eb8                div_u32u32
                0x10001eb8                divmod_u32u32
                0x10001ec0                divmod_u32u32_unsafe
                0x10001ee8                divmod_u32u32_savestate
 .text.__wrap___aeabi_ldiv
                0x10001f04      0x424 CMakeFiles/IntegratedMotorController_code.dir/home/aleks/.pico-sdk/sdk/2.2.0/src/rp2_common/pico_divider/divider_hardware.S.o
                0x10001f04                div_s64s64
                0x10001f04                divmod_s64s64
                0x10001f04                __wrap___aeabi_ldivmod
                0x10001f34                div_u64u64
                0x10001f34                divmod_u64u64
                0x10001f34                __wrap___aeabi_uldivmod
                0x10001f44                divmod_u64u64_savestate
                0x10001f64                divmod_s64s64_unsafe
                0x10001fec                divmod_u64u64_unsafe
 .text.__wrap___aeabi_darithmetic
                0x10002328       0x80 CMakeFiles/IntegratedMotorController_code.dir/home/aleks/.pico-sdk/sdk/2.2.0/src/rp2_common/pico_double/double_aeabi_rp2040.S.o
                0x10002328                __wrap___aeabi_drsub
                0x1000232e                __wrap___aeabi_dsub
                0x10002340                __wrap___aeabi_dadd
                0x10002352                __wrap___aeabi_ddiv
                0x1000238e                __wrap___aeabi_dmul
 .text.__wrap___aeabi_cdcmple
                0x100023a8       0x6c CMakeFiles/IntegratedMotorController_code.dir/home/aleks/.pico-sdk/sdk/2.2.0/src/rp2_common/pico_double/double_aeabi_rp2040.S.o
                0x100023a8                __wrap___aeabi_cdrcmple
                0x100023b8                __wrap___aeabi_cdcmple
                0x100023b8                __wrap___aeabi_cdcmpeq
 .text.__wrap___aeabi_dcmplt
                0x10002414        0xc CMakeFiles/IntegratedMotorController_code.dir/home/aleks/.pico-sdk/sdk/2.2.0/src/rp2_common/pico_double/double_aeabi_rp2040.S.o
                0x10002414                __wrap___aeabi_dcmplt
 .text.__wrap___aeabi_dcmple
                0x10002420       0x10 CMakeFiles/IntegratedMotorController_code.dir/home/aleks/.pico-sdk/sdk/2.2.0/src/rp2_common/pico_double/double_aeabi_rp2040.S.o
                0x10002420                __wrap___aeabi_dcmple
 .text.__wrap___aeabi_dcmpge
                0x10002430       0x10 CMakeFiles/IntegratedMotorController_code.dir/home/aleks/.pico-sdk/sdk/2.2.0/src/rp2_common/pico_double/double_aeabi_rp2040.S.o
                0x10002430                __wrap___aeabi_dcmpge
 .text.__wrap___aeabi_dcmpgt
                0x10002440        0xa CMakeFiles/IntegratedMotorController_code.dir/home/aleks/.pico-sdk/sdk/2.2.0/src/rp2_common/pico_double/double_aeabi_rp2040.S.o
                0x10002440                __wrap___aeabi_dcmpgt
 .text.__wrap___aeabi_dcmpun
                0x1000244a       0x18 CMakeFiles/IntegratedMotorController_code.dir/home/aleks/.pico-sdk/sdk/2.2.0/src/rp2_common/pico_double/double_aeabi_rp2040.S.o
                0x1000244a                __wrap___aeabi_dcmpun
 *fill*         0x10002462        0x2 
 .text.__wrap___aeabi_i2d
                0x10002464       0x38 CMakeFiles/IntegratedMotorController_code.dir/home/aleks/.pico-sdk/sdk/2.2.0/src/rp2_common/pico_double/double_aeabi_rp2040.S.o
                0x10002464                __wrap___aeabi_ui2d
                0x10002464                uint2double
                0x1000246c                __wrap___aeabi_i2d
                0x1000246c                int2double
 .text.__wrap___aeabi_d2iz
                0x1000249c       0x48 CMakeFiles/IntegratedMotorController_code.dir/home/aleks/.pico-sdk/sdk/2.2.0/src/rp2_common/pico_double/double_aeabi_rp2040.S.o
                0x1000249c                __wrap___aeabi_d2iz
                0x1000249c                double2int_z
 .text.__wrap___aeabi_d2uiz
                0x100024e4       0x18 CMakeFiles/IntegratedMotorController_code.dir/home/aleks/.pico-sdk/sdk/2.2.0/src/rp2_common/pico_double/double_aeabi_rp2040.S.o
                0x100024e4                double2uint_z
                0x100024e4                double2uint
                0x100024e4                __wrap___aeabi_d2uiz
 .text.__aeabi_double_init
                0x100024fc       0xa4 CMakeFiles/IntegratedMotorController_code.dir/home/aleks/.pico-sdk/sdk/2.2.0/src/rp2_common/pico_double/double_init_rom_rp2040.c.o
                0x100024fc                __aeabi_double_init
 .text.double_table_shim_on_use_helper
                0x100025a0       0x2c CMakeFiles/IntegratedMotorController_code.dir/home/aleks/.pico-sdk/sdk/2.2.0/src/rp2_common/pico_double/double_v1_rom_shim_rp2040.S.o
                0x100025a0                double_table_shim_on_use_helper
 .text.__wrap___aeabi_dsub
                0x100025cc       0x10 CMakeFiles/IntegratedMotorController_code.dir/home/aleks/.pico-sdk/sdk/2.2.0/src/rp2_common/pico_double/double_v1_rom_shim_rp2040.S.o
                0x100025cc                drsub_shim
                0x100025d2                dsub_shim
 .text.dadd_shim
                0x100025dc      0x15c CMakeFiles/IntegratedMotorController_code.dir/home/aleks/.pico-sdk/sdk/2.2.0/src/rp2_common/pico_double/double_v1_rom_shim_rp2040.S.o
                0x100025dc                dadd_shim
 .text.dmul_shim
                0x10002738      0x15c CMakeFiles/IntegratedMotorController_code.dir/home/aleks/.pico-sdk/sdk/2.2.0/src/rp2_common/pico_double/double_v1_rom_shim_rp2040.S.o
                0x10002738                dmul_shim
 .text.ddiv_shim
                0x10002894      0x1b0 CMakeFiles/IntegratedMotorController_code.dir/home/aleks/.pico-sdk/sdk/2.2.0/src/rp2_common/pico_double/double_v1_rom_shim_rp2040.S.o
                0x10002894                ddiv_shim
 .text.double2uint_shim
                0x10002a44        0xe CMakeFiles/IntegratedMotorController_code.dir/home/aleks/.pico-sdk/sdk/2.2.0/src/rp2_common/pico_double/double_v1_rom_shim_rp2040.S.o
                0x10002a44                double2uint_shim
                0x10002a46                double2ufix_shim
 *fill*         0x10002a52        0x2 
 .text.double2uint64_shim
                0x10002a54       0x70 CMakeFiles/IntegratedMotorController_code.dir/home/aleks/.pico-sdk/sdk/2.2.0/src/rp2_common/pico_double/double_v1_rom_shim_rp2040.S.o
                0x10002a54                double2uint64_shim
                0x10002a56                double2ufix64_shim
                0x10002a76                d2fix_a
 .text.dunpacks
                0x10002ac4       0x3c CMakeFiles/IntegratedMotorController_code.dir/home/aleks/.pico-sdk/sdk/2.2.0/src/rp2_common/pico_double/double_v1_rom_shim_rp2040.S.o
                0x10002ac4                dunpacks
 .text.__aeabi_lmul
                0x10002b00       0x32 CMakeFiles/IntegratedMotorController_code.dir/home/aleks/.pico-sdk/sdk/2.2.0/src/rp2_common/pico_int64_ops/pico_int64_ops_aeabi.S.o
                0x10002b00                __wrap___aeabi_lmul
 *fill*         0x10002b32        0x2 
 .text.__wrap___aeabi_farithmetic
                0x10002b34       0x48 CMakeFiles/IntegratedMotorController_code.dir/home/aleks/.pico-sdk/sdk/2.2.0/src/rp2_common/pico_float/float_aeabi_rp2040.S.o
                0x10002b34                __wrap___aeabi_frsub
                0x10002b3a                __wrap___aeabi_fsub
                0x10002b40                __wrap___aeabi_fadd
                0x10002b46                __wrap___aeabi_fdiv
                0x10002b6e                __wrap___aeabi_fmul
 .text.__wrap___aeabi_ui2f
                0x10002b7c        0xa CMakeFiles/IntegratedMotorController_code.dir/home/aleks/.pico-sdk/sdk/2.2.0/src/rp2_common/pico_float/float_aeabi_rp2040.S.o
                0x10002b7c                uint2float
                0x10002b7c                __wrap___aeabi_ui2f
 *fill*         0x10002b86        0x2 
 .text.__wrap___aeabi_i2f
                0x10002b88       0x44 CMakeFiles/IntegratedMotorController_code.dir/home/aleks/.pico-sdk/sdk/2.2.0/src/rp2_common/pico_float/float_aeabi_rp2040.S.o
                0x10002b88                int2float
                0x10002b88                __wrap___aeabi_i2f
 .text.__wrap___aeabi_f2uiz
                0x10002bcc        0xc CMakeFiles/IntegratedMotorController_code.dir/home/aleks/.pico-sdk/sdk/2.2.0/src/rp2_common/pico_float/float_aeabi_rp2040.S.o
                0x10002bcc                float2uint
                0x10002bcc                float2uint_z
                0x10002bcc                __wrap___aeabi_f2uiz
 .text.__wrap___aeabi_f2d
                0x10002bd8       0x14 CMakeFiles/IntegratedMotorController_code.dir/home/aleks/.pico-sdk/sdk/2.2.0/src/rp2_common/pico_float/float_aeabi_rp2040.S.o
                0x10002bd8                __wrap___aeabi_f2d
 .text.__aeabi_float_init
                0x10002bec       0x64 CMakeFiles/IntegratedMotorController_code.dir/home/aleks/.pico-sdk/sdk/2.2.0/src/rp2_common/pico_float/float_init_rom_rp2040.c.o
                0x10002bec                __aeabi_float_init
 .text.float_table_shim_on_use_helper
                0x10002c50       0x2c CMakeFiles/IntegratedMotorController_code.dir/home/aleks/.pico-sdk/sdk/2.2.0/src/rp2_common/pico_float/float_v1_rom_shim_rp2040.S.o
                0x10002c50                float_table_shim_on_use_helper
 .text.float2double_shim
                0x10002c7c       0x30 CMakeFiles/IntegratedMotorController_code.dir/home/aleks/.pico-sdk/sdk/2.2.0/src/rp2_common/pico_float/float_v1_rom_shim_rp2040.S.o
                0x10002c7c                float2double_shim
 .text          0x10002cac       0x10 CMakeFiles/IntegratedMotorController_code.dir/home/aleks/.pico-sdk/sdk/2.2.0/src/rp2_common/pico_mem_ops/mem_ops_aeabi.S.o
                0x10002cac                __aeabi_mem_init
 .text.memset   0x10002cbc        0xc CMakeFiles/IntegratedMotorController_code.dir/home/aleks/.pico-sdk/sdk/2.2.0/src/rp2_common/pico_mem_ops/mem_ops_aeabi.S.o
                0x10002cbc                __wrap_memset
 .text.memcpy   0x10002cc8        0xc CMakeFiles/IntegratedMotorController_code.dir/home/aleks/.pico-sdk/sdk/2.2.0/src/rp2_common/pico_mem_ops/mem_ops_aeabi.S.o
                0x10002cc8                __wrap___aeabi_memcpy
                0x10002cc8                __wrap_memcpy
 .text._out_null
                0x10002cd4        0x4 CMakeFiles/IntegratedMotorController_code.dir/home/aleks/.pico-sdk/sdk/2.2.0/src/rp2_common/pico_printf/printf.c.o
 .text._out_rev
                0x10002cd8       0xac CMakeFiles/IntegratedMotorController_code.dir/home/aleks/.pico-sdk/sdk/2.2.0/src/rp2_common/pico_printf/printf.c.o
 .text._ntoa_format
                0x10002d84      0x1cc CMakeFiles/IntegratedMotorController_code.dir/home/aleks/.pico-sdk/sdk/2.2.0/src/rp2_common/pico_printf/printf.c.o
 .text._out_char
                0x10002f50       0x10 CMakeFiles/IntegratedMotorController_code.dir/home/aleks/.pico-sdk/sdk/2.2.0/src/rp2_common/pico_printf/printf.c.o
 .text._out_fct
                0x10002f60       0x10 CMakeFiles/IntegratedMotorController_code.dir/home/aleks/.pico-sdk/sdk/2.2.0/src/rp2_common/pico_printf/printf.c.o
 .text._ftoa    0x10002f70      0x4a8 CMakeFiles/IntegratedMotorController_code.dir/home/aleks/.pico-sdk/sdk/2.2.0/src/rp2_common/pico_printf/printf.c.o
 .text._etoa    0x10003418      0x57c CMakeFiles/IntegratedMotorController_code.dir/home/aleks/.pico-sdk/sdk/2.2.0/src/rp2_common/pico_printf/printf.c.o
 .text._vsnprintf
                0x10003994      0xbe0 CMakeFiles/IntegratedMotorController_code.dir/home/aleks/.pico-sdk/sdk/2.2.0/src/rp2_common/pico_printf/printf.c.o
 .text.vfctprintf
                0x10004574       0x24 CMakeFiles/IntegratedMotorController_code.dir/home/aleks/.pico-sdk/sdk/2.2.0/src/rp2_common/pico_printf/printf.c.o
                0x10004574                vfctprintf
 .text.weak_raw_vprintf
                0x10004598       0x30 CMakeFiles/IntegratedMotorController_code.dir/home/aleks/.pico-sdk/sdk/2.2.0/src/rp2_common/pico_printf/printf.c.o
                0x10004598                weak_raw_vprintf
 .text._exit    0x100045c8        0x4 CMakeFiles/IntegratedMotorController_code.dir/home/aleks/.pico-sdk/sdk/2.2.0/src/rp2_common/pico_clib_interface/newlib_interface.c.o
                0x100045c8                _exit
 .text.exit     0x100045cc        0x8 CMakeFiles/IntegratedMotorController_code.dir/home/aleks/.pico-sdk/sdk/2.2.0/src/rp2_common/pico_clib_interface/newlib_interface.c.o
                0x100045cc                exit
 .text.runtime_init
                0x100045d4       0x2c CMakeFiles/IntegratedMotorController_code.dir/home/aleks/.pico-sdk/sdk/2.2.0/src/rp2_common/pico_clib_interface/newlib_interface.c.o
                0x100045d4                runtime_init
 .text.stdio_out_chars_no_crlf
                0x10004600       0x10 CMakeFiles/IntegratedMotorController_code.dir/home/aleks/.pico-sdk/sdk/2.2.0/src/rp2_common/pico_stdio/stdio.c.o
 .text.stdio_out_chars_crlf
                0x10004610       0xb0 CMakeFiles/IntegratedMotorController_code.dir/home/aleks/.pico-sdk/sdk/2.2.0/src/rp2_common/pico_stdio/stdio.c.o
 .text.stdio_buffered_printer
                0x100046c0       0x64 CMakeFiles/IntegratedMotorController_code.dir/home/aleks/.pico-sdk/sdk/2.2.0/src/rp2_common/pico_stdio/stdio.c.o
 .text.stdio_put_string
                0x10004724       0xfc CMakeFiles/IntegratedMotorController_code.dir/home/aleks/.pico-sdk/sdk/2.2.0/src/rp2_common/pico_stdio/stdio.c.o
                0x10004724                stdio_put_string
 .text.stdio_set_driver_enabled
                0x10004820       0x30 CMakeFiles/IntegratedMotorController_code.dir/home/aleks/.pico-sdk/sdk/2.2.0/src/rp2_common/pico_stdio/stdio.c.o
                0x10004820                stdio_set_driver_enabled
 .text.stdio_init_all
                0x10004850        0x8 CMakeFiles/IntegratedMotorController_code.dir/home/aleks/.pico-sdk/sdk/2.2.0/src/rp2_common/pico_stdio/stdio.c.o
                0x10004850                stdio_init_all
 .text.stdio_getchar_timeout_us
                0x10004858       0x98 CMakeFiles/IntegratedMotorController_code.dir/home/aleks/.pico-sdk/sdk/2.2.0/src/rp2_common/pico_stdio/stdio.c.o
                0x10004858                stdio_getchar_timeout_us
 .text.__wrap_putchar
                0x100048f0       0x94 CMakeFiles/IntegratedMotorController_code.dir/home/aleks/.pico-sdk/sdk/2.2.0/src/rp2_common/pico_stdio/stdio.c.o
                0x100048f0                stdio_putchar
                0x100048f0                __wrap_putchar
 .text.__wrap_puts
                0x10004984       0x3c CMakeFiles/IntegratedMotorController_code.dir/home/aleks/.pico-sdk/sdk/2.2.0/src/rp2_common/pico_stdio/stdio.c.o
                0x10004984                __wrap_puts
                0x10004984                stdio_puts
 .text.__wrap_vprintf
                0x100049c0       0xcc CMakeFiles/IntegratedMotorController_code.dir/home/aleks/.pico-sdk/sdk/2.2.0/src/rp2_common/pico_stdio/stdio.c.o
                0x100049c0                __wrap_vprintf
                0x100049c0                stdio_vprintf
 .text.__wrap_printf
                0x10004a8c       0x18 CMakeFiles/IntegratedMotorController_code.dir/home/aleks/.pico-sdk/sdk/2.2.0/src/rp2_common/pico_stdio/stdio.c.o
                0x10004a8c                stdio_printf
                0x10004a8c                __wrap_printf
 .text.resetd_init
                0x10004aa4        0x4 CMakeFiles/IntegratedMotorController_code.dir/home/aleks/.pico-sdk/sdk/2.2.0/src/rp2_common/pico_stdio_usb/reset_interface.c.o
 .text.resetd_reset
                0x10004aa8        0xc CMakeFiles/IntegratedMotorController_code.dir/home/aleks/.pico-sdk/sdk/2.2.0/src/rp2_common/pico_stdio_usb/reset_interface.c.o
 .text.resetd_open
                0x10004ab4       0x28 CMakeFiles/IntegratedMotorController_code.dir/home/aleks/.pico-sdk/sdk/2.2.0/src/rp2_common/pico_stdio_usb/reset_interface.c.o
 .text.resetd_xfer_cb
                0x10004adc        0x4 CMakeFiles/IntegratedMotorController_code.dir/home/aleks/.pico-sdk/sdk/2.2.0/src/rp2_common/pico_stdio_usb/reset_interface.c.o
 .text.resetd_control_xfer_cb
                0x10004ae0       0x54 CMakeFiles/IntegratedMotorController_code.dir/home/aleks/.pico-sdk/sdk/2.2.0/src/rp2_common/pico_stdio_usb/reset_interface.c.o
 .text.tud_descriptor_bos_cb
                0x10004b34        0x8 CMakeFiles/IntegratedMotorController_code.dir/home/aleks/.pico-sdk/sdk/2.2.0/src/rp2_common/pico_stdio_usb/reset_interface.c.o
                0x10004b34                tud_descriptor_bos_cb
 .text.tud_vendor_control_xfer_cb
                0x10004b3c       0x34 CMakeFiles/IntegratedMotorController_code.dir/home/aleks/.pico-sdk/sdk/2.2.0/src/rp2_common/pico_stdio_usb/reset_interface.c.o
                0x10004b3c                tud_vendor_control_xfer_cb
 .text.usbd_app_driver_get_cb
                0x10004b70        0xc CMakeFiles/IntegratedMotorController_code.dir/home/aleks/.pico-sdk/sdk/2.2.0/src/rp2_common/pico_stdio_usb/reset_interface.c.o
                0x10004b70                usbd_app_driver_get_cb
 .text.tud_cdc_line_coding_cb
                0x10004b7c       0x2c CMakeFiles/IntegratedMotorController_code.dir/home/aleks/.pico-sdk/sdk/2.2.0/src/rp2_common/pico_stdio_usb/reset_interface.c.o
                0x10004b7c                tud_cdc_line_coding_cb
 .text.stdio_usb_set_chars_available_callback
                0x10004ba8       0x14 CMakeFiles/IntegratedMotorController_code.dir/home/aleks/.pico-sdk/sdk/2.2.0/src/rp2_common/pico_stdio_usb/stdio_usb.c.o
                0x10004ba8                stdio_usb_set_chars_available_callback
 .text.usb_irq  0x10004bbc       0x10 CMakeFiles/IntegratedMotorController_code.dir/home/aleks/.pico-sdk/sdk/2.2.0/src/rp2_common/pico_stdio_usb/stdio_usb.c.o
 .text.timer_task
                0x10004bcc       0x64 CMakeFiles/IntegratedMotorController_code.dir/home/aleks/.pico-sdk/sdk/2.2.0/src/rp2_common/pico_stdio_usb/stdio_usb.c.o
 .text.stdio_usb_in_chars
                0x10004c30       0x8c CMakeFiles/IntegratedMotorController_code.dir/home/aleks/.pico-sdk/sdk/2.2.0/src/rp2_common/pico_stdio_usb/stdio_usb.c.o
                0x10004c30                stdio_usb_in_chars
 .text.stdio_usb_out_flush
                0x10004cbc       0x4c CMakeFiles/IntegratedMotorController_code.dir/home/aleks/.pico-sdk/sdk/2.2.0/src/rp2_common/pico_stdio_usb/stdio_usb.c.o
 .text.stdio_usb_out_chars
                0x10004d08      0x100 CMakeFiles/IntegratedMotorController_code.dir/home/aleks/.pico-sdk/sdk/2.2.0/src/rp2_common/pico_stdio_usb/stdio_usb.c.o
 .text.low_priority_worker_irq
                0x10004e08       0xc8 CMakeFiles/IntegratedMotorController_code.dir/home/aleks/.pico-sdk/sdk/2.2.0/src/rp2_common/pico_stdio_usb/stdio_usb.c.o
 .text.stdio_usb_init
                0x10004ed0       0xe8 CMakeFiles/IntegratedMotorController_code.dir/home/aleks/.pico-sdk/sdk/2.2.0/src/rp2_common/pico_stdio_usb/stdio_usb.c.o
                0x10004ed0                stdio_usb_init
 .text.tud_descriptor_device_cb
                0x10004fb8        0x8 CMakeFiles/IntegratedMotorController_code.dir/home/aleks/.pico-sdk/sdk/2.2.0/src/rp2_common/pico_stdio_usb/stdio_usb_descriptors.c.o
                0x10004fb8                tud_descriptor_device_cb
 .text.tud_descriptor_configuration_cb
                0x10004fc0        0x8 CMakeFiles/IntegratedMotorController_code.dir/home/aleks/.pico-sdk/sdk/2.2.0/src/rp2_common/pico_stdio_usb/stdio_usb_descriptors.c.o
                0x10004fc0                tud_descriptor_configuration_cb
 .text.tud_descriptor_string_cb
                0x10004fc8       0x78 CMakeFiles/IntegratedMotorController_code.dir/home/aleks/.pico-sdk/sdk/2.2.0/src/rp2_common/pico_stdio_usb/stdio_usb_descriptors.c.o
                0x10004fc8                tud_descriptor_string_cb
 .text.startup._retrieve_unique_id_on_boot
                0x10005040       0x10 CMakeFiles/IntegratedMotorController_code.dir/home/aleks/.pico-sdk/sdk/2.2.0/src/rp2_common/pico_unique_id/unique_id.c.o
 .text.pico_get_unique_board_id_string
                0x10005050      0x1a8 CMakeFiles/IntegratedMotorController_code.dir/home/aleks/.pico-sdk/sdk/2.2.0/src/rp2_common/pico_unique_id/unique_id.c.o
                0x10005050                pico_get_unique_board_id_string
 .text.flash_get_unique_id
                0x100051f8       0x3c CMakeFiles/IntegratedMotorController_code.dir/home/aleks/.pico-sdk/sdk/2.2.0/src/rp2_common/hardware_flash/flash.c.o
                0x100051f8                flash_get_unique_id
 .text.dcd_init
                0x10005234       0x90 CMakeFiles/IntegratedMotorController_code.dir/home/aleks/.pico-sdk/sdk/2.2.0/lib/tinyusb/src/portable/raspberrypi/rp2040/dcd_rp2040.c.o
                0x10005234                dcd_init
 .text.dcd_int_enable
                0x100052c4        0xc CMakeFiles/IntegratedMotorController_code.dir/home/aleks/.pico-sdk/sdk/2.2.0/lib/tinyusb/src/portable/raspberrypi/rp2040/dcd_rp2040.c.o
                0x100052c4                dcd_int_enable
 .text.dcd_set_address
                0x100052d0       0x14 CMakeFiles/IntegratedMotorController_code.dir/home/aleks/.pico-sdk/sdk/2.2.0/lib/tinyusb/src/portable/raspberrypi/rp2040/dcd_rp2040.c.o
                0x100052d0                dcd_set_address
 .text.dcd_sof_enable
                0x100052e4       0x1c CMakeFiles/IntegratedMotorController_code.dir/home/aleks/.pico-sdk/sdk/2.2.0/lib/tinyusb/src/portable/raspberrypi/rp2040/dcd_rp2040.c.o
                0x100052e4                dcd_sof_enable
 .text.dcd_edpt0_status_complete
                0x10005300       0x1c CMakeFiles/IntegratedMotorController_code.dir/home/aleks/.pico-sdk/sdk/2.2.0/lib/tinyusb/src/portable/raspberrypi/rp2040/dcd_rp2040.c.o
                0x10005300                dcd_edpt0_status_complete
 .text.dcd_edpt_open
                0x1000531c      0x114 CMakeFiles/IntegratedMotorController_code.dir/home/aleks/.pico-sdk/sdk/2.2.0/lib/tinyusb/src/portable/raspberrypi/rp2040/dcd_rp2040.c.o
                0x1000531c                dcd_edpt_open
 .text.dcd_edpt_close_all
                0x10005430        0x8 CMakeFiles/IntegratedMotorController_code.dir/home/aleks/.pico-sdk/sdk/2.2.0/lib/tinyusb/src/portable/raspberrypi/rp2040/dcd_rp2040.c.o
                0x10005430                dcd_edpt_close_all
 .text.dcd_edpt_xfer
                0x10005438       0x24 CMakeFiles/IntegratedMotorController_code.dir/home/aleks/.pico-sdk/sdk/2.2.0/lib/tinyusb/src/portable/raspberrypi/rp2040/dcd_rp2040.c.o
                0x10005438                dcd_edpt_xfer
 .text.dcd_edpt_stall
                0x1000545c       0x3c CMakeFiles/IntegratedMotorController_code.dir/home/aleks/.pico-sdk/sdk/2.2.0/lib/tinyusb/src/portable/raspberrypi/rp2040/dcd_rp2040.c.o
                0x1000545c                dcd_edpt_stall
 .text.dcd_edpt_clear_stall
                0x10005498       0x30 CMakeFiles/IntegratedMotorController_code.dir/home/aleks/.pico-sdk/sdk/2.2.0/lib/tinyusb/src/portable/raspberrypi/rp2040/dcd_rp2040.c.o
                0x10005498                dcd_edpt_clear_stall
 .text.rp2040_usb_init
                0x100054c8       0x40 CMakeFiles/IntegratedMotorController_code.dir/home/aleks/.pico-sdk/sdk/2.2.0/lib/tinyusb/src/portable/raspberrypi/rp2040/rp2040_usb.c.o
                0x100054c8                rp2040_usb_init
 .text.hw_endpoint_xfer_start
                0x10005508       0x40 CMakeFiles/IntegratedMotorController_code.dir/home/aleks/.pico-sdk/sdk/2.2.0/lib/tinyusb/src/portable/raspberrypi/rp2040/rp2040_usb.c.o
                0x10005508                hw_endpoint_xfer_start
 .text.tud_event_hook_cb
                0x10005548        0x4 CMakeFiles/IntegratedMotorController_code.dir/home/aleks/.pico-sdk/sdk/2.2.0/lib/tinyusb/src/device/usbd.c.o
                0x10005548                tud_event_hook_cb
 .text.tud_sof_cb
                0x1000554c        0x4 CMakeFiles/IntegratedMotorController_code.dir/home/aleks/.pico-sdk/sdk/2.2.0/lib/tinyusb/src/device/usbd.c.o
                0x1000554c                tud_sof_cb
 .text.tud_descriptor_device_qualifier_cb
                0x10005550        0x4 CMakeFiles/IntegratedMotorController_code.dir/home/aleks/.pico-sdk/sdk/2.2.0/lib/tinyusb/src/device/usbd.c.o
                0x10005550                tud_descriptor_device_qualifier_cb
 .text.tud_descriptor_other_speed_configuration_cb
                0x10005554        0x4 CMakeFiles/IntegratedMotorController_code.dir/home/aleks/.pico-sdk/sdk/2.2.0/lib/tinyusb/src/device/usbd.c.o
                0x10005554                tud_descriptor_other_speed_configuration_cb
 .text.tud_mount_cb
                0x10005558        0x4 CMakeFiles/IntegratedMotorController_code.dir/home/aleks/.pico-sdk/sdk/2.2.0/lib/tinyusb/src/device/usbd.c.o
                0x10005558                tud_mount_cb
 .text.tud_umount_cb
                0x1000555c        0x4 CMakeFiles/IntegratedMotorController_code.dir/home/aleks/.pico-sdk/sdk/2.2.0/lib/tinyusb/src/device/usbd.c.o
                0x1000555c                tud_umount_cb
 .text.tud_suspend_cb
                0x10005560        0x4 CMakeFiles/IntegratedMotorController_code.dir/home/aleks/.pico-sdk/sdk/2.2.0/lib/tinyusb/src/device/usbd.c.o
                0x10005560                tud_suspend_cb
 .text.tud_resume_cb
                0x10005564        0x4 CMakeFiles/IntegratedMotorController_code.dir/home/aleks/.pico-sdk/sdk/2.2.0/lib/tinyusb/src/device/usbd.c.o
                0x10005564                tud_resume_cb
 .text.tud_mounted
                0x10005568       0x10 CMakeFiles/IntegratedMotorController_code.dir/home/aleks/.pico-sdk/sdk/2.2.0/lib/tinyusb/src/device/usbd.c.o
                0x10005568                tud_mounted
 .text.tud_suspended
                0x10005578       0x10 CMakeFiles/IntegratedMotorController_code.dir/home/aleks/.pico-sdk/sdk/2.2.0/lib/tinyusb/src/device/usbd.c.o
                0x10005578                tud_suspended
 .text.tud_rhport_init
                0x10005588       0xf4 CMakeFiles/IntegratedMotorController_code.dir/home/aleks/.pico-sdk/sdk/2.2.0/lib/tinyusb/src/device/usbd.c.o
                0x10005588                tud_rhport_init
 .text.tud_task_ext
                0x1000567c      0x800 CMakeFiles/IntegratedMotorController_code.dir/home/aleks/.pico-sdk/sdk/2.2.0/lib/tinyusb/src/device/usbd.c.o
                0x1000567c                tud_task_ext
 .text.usbd_open_edpt_pair
                0x10005e7c       0x9c CMakeFiles/IntegratedMotorController_code.dir/home/aleks/.pico-sdk/sdk/2.2.0/lib/tinyusb/src/device/usbd.c.o
                0x10005e7c                usbd_open_edpt_pair
 .text.usbd_edpt_open
                0x10005f18       0x34 CMakeFiles/IntegratedMotorController_code.dir/home/aleks/.pico-sdk/sdk/2.2.0/lib/tinyusb/src/device/usbd.c.o
                0x10005f18                usbd_edpt_open
 .text.usbd_edpt_claim
                0x10005f4c       0x28 CMakeFiles/IntegratedMotorController_code.dir/home/aleks/.pico-sdk/sdk/2.2.0/lib/tinyusb/src/device/usbd.c.o
                0x10005f4c                usbd_edpt_claim
 .text.usbd_edpt_release
                0x10005f74       0x28 CMakeFiles/IntegratedMotorController_code.dir/home/aleks/.pico-sdk/sdk/2.2.0/lib/tinyusb/src/device/usbd.c.o
                0x10005f74                usbd_edpt_release
 .text.usbd_edpt_xfer
                0x10005f9c       0x4c CMakeFiles/IntegratedMotorController_code.dir/home/aleks/.pico-sdk/sdk/2.2.0/lib/tinyusb/src/device/usbd.c.o
                0x10005f9c                usbd_edpt_xfer
 .text.tud_control_status
                0x10005fe8       0x2c CMakeFiles/IntegratedMotorController_code.dir/home/aleks/.pico-sdk/sdk/2.2.0/lib/tinyusb/src/device/usbd_control.c.o
                0x10005fe8                tud_control_status
 .text.tud_control_xfer
                0x10006014       0xa8 CMakeFiles/IntegratedMotorController_code.dir/home/aleks/.pico-sdk/sdk/2.2.0/lib/tinyusb/src/device/usbd_control.c.o
                0x10006014                tud_control_xfer
 .text.usbd_control_reset
                0x100060bc       0x14 CMakeFiles/IntegratedMotorController_code.dir/home/aleks/.pico-sdk/sdk/2.2.0/lib/tinyusb/src/device/usbd_control.c.o
                0x100060bc                usbd_control_reset
 .text.usbd_control_set_complete_callback
                0x100060d0        0xc CMakeFiles/IntegratedMotorController_code.dir/home/aleks/.pico-sdk/sdk/2.2.0/lib/tinyusb/src/device/usbd_control.c.o
                0x100060d0                usbd_control_set_complete_callback
 .text.usbd_control_set_request
                0x100060dc       0x1c CMakeFiles/IntegratedMotorController_code.dir/home/aleks/.pico-sdk/sdk/2.2.0/lib/tinyusb/src/device/usbd_control.c.o
                0x100060dc                usbd_control_set_request
 .text.usbd_control_xfer_cb
                0x100060f8       0xec CMakeFiles/IntegratedMotorController_code.dir/home/aleks/.pico-sdk/sdk/2.2.0/lib/tinyusb/src/device/usbd_control.c.o
                0x100060f8                usbd_control_xfer_cb
 .text._prep_out_transaction.isra.0
                0x100061e4       0x6c CMakeFiles/IntegratedMotorController_code.dir/home/aleks/.pico-sdk/sdk/2.2.0/lib/tinyusb/src/class/cdc/cdc_device.c.o
 .text.tud_cdc_n_connected
                0x10006250       0x2c CMakeFiles/IntegratedMotorController_code.dir/home/aleks/.pico-sdk/sdk/2.2.0/lib/tinyusb/src/class/cdc/cdc_device.c.o
                0x10006250                tud_cdc_n_connected
 .text.tud_cdc_n_available
                0x1000627c       0x14 CMakeFiles/IntegratedMotorController_code.dir/home/aleks/.pico-sdk/sdk/2.2.0/lib/tinyusb/src/class/cdc/cdc_device.c.o
                0x1000627c                tud_cdc_n_available
 .text.tud_cdc_n_read
                0x10006290       0x88 CMakeFiles/IntegratedMotorController_code.dir/home/aleks/.pico-sdk/sdk/2.2.0/lib/tinyusb/src/class/cdc/cdc_device.c.o
                0x10006290                tud_cdc_n_read
 .text.tud_cdc_n_write_flush
                0x10006318       0x74 CMakeFiles/IntegratedMotorController_code.dir/home/aleks/.pico-sdk/sdk/2.2.0/lib/tinyusb/src/class/cdc/cdc_device.c.o
                0x10006318                tud_cdc_n_write_flush
 .text.tud_cdc_n_write
                0x1000638c       0x40 CMakeFiles/IntegratedMotorController_code.dir/home/aleks/.pico-sdk/sdk/2.2.0/lib/tinyusb/src/class/cdc/cdc_device.c.o
                0x1000638c                tud_cdc_n_write
 .text.tud_cdc_n_write_available
                0x100063cc       0x14 CMakeFiles/IntegratedMotorController_code.dir/home/aleks/.pico-sdk/sdk/2.2.0/lib/tinyusb/src/class/cdc/cdc_device.c.o
                0x100063cc                tud_cdc_n_write_available
 .text.cdcd_init
                0x100063e0       0x70 CMakeFiles/IntegratedMotorController_code.dir/home/aleks/.pico-sdk/sdk/2.2.0/lib/tinyusb/src/class/cdc/cdc_device.c.o
                0x100063e0                cdcd_init
 .text.cdcd_deinit
                0x10006450       0x30 CMakeFiles/IntegratedMotorController_code.dir/home/aleks/.pico-sdk/sdk/2.2.0/lib/tinyusb/src/class/cdc/cdc_device.c.o
                0x10006450                cdcd_deinit
 .text.cdcd_reset
                0x10006480       0x4c CMakeFiles/IntegratedMotorController_code.dir/home/aleks/.pico-sdk/sdk/2.2.0/lib/tinyusb/src/class/cdc/cdc_device.c.o
                0x10006480                cdcd_reset
 .text.cdcd_open
                0x100064cc       0xa4 CMakeFiles/IntegratedMotorController_code.dir/home/aleks/.pico-sdk/sdk/2.2.0/lib/tinyusb/src/class/cdc/cdc_device.c.o
                0x100064cc                cdcd_open
 .text.cdcd_control_xfer_cb
                0x10006570       0xe8 CMakeFiles/IntegratedMotorController_code.dir/home/aleks/.pico-sdk/sdk/2.2.0/lib/tinyusb/src/class/cdc/cdc_device.c.o
                0x10006570                cdcd_control_xfer_cb
 .text.cdcd_xfer_cb
                0x10006658      0x100 CMakeFiles/IntegratedMotorController_code.dir/home/aleks/.pico-sdk/sdk/2.2.0/lib/tinyusb/src/class/cdc/cdc_device.c.o
                0x10006658                cdcd_xfer_cb
 .text.vendord_init
                0x10006758       0x5c CMakeFiles/IntegratedMotorController_code.dir/home/aleks/.pico-sdk/sdk/2.2.0/lib/tinyusb/src/class/vendor/vendor_device.c.o
                0x10006758                vendord_init
 .text.vendord_deinit
                0x100067b4       0x1c CMakeFiles/IntegratedMotorController_code.dir/home/aleks/.pico-sdk/sdk/2.2.0/lib/tinyusb/src/class/vendor/vendor_device.c.o
                0x100067b4                vendord_deinit
 .text.vendord_reset
                0x100067d0       0x28 CMakeFiles/IntegratedMotorController_code.dir/home/aleks/.pico-sdk/sdk/2.2.0/lib/tinyusb/src/class/vendor/vendor_device.c.o
                0x100067d0                vendord_reset
 .text.vendord_open
                0x100067f8      0x120 CMakeFiles/IntegratedMotorController_code.dir/home/aleks/.pico-sdk/sdk/2.2.0/lib/tinyusb/src/class/vendor/vendor_device.c.o
                0x100067f8                vendord_open
 .text.vendord_xfer_cb
                0x10006918       0x9c CMakeFiles/IntegratedMotorController_code.dir/home/aleks/.pico-sdk/sdk/2.2.0/lib/tinyusb/src/class/vendor/vendor_device.c.o
                0x10006918                vendord_xfer_cb
 .text.tusb_rhport_init
                0x100069b4       0x4c CMakeFiles/IntegratedMotorController_code.dir/home/aleks/.pico-sdk/sdk/2.2.0/lib/tinyusb/src/tusb.c.o
                0x100069b4                tusb_rhport_init
 .text.tu_edpt_claim
                0x10006a00       0x50 CMakeFiles/IntegratedMotorController_code.dir/home/aleks/.pico-sdk/sdk/2.2.0/lib/tinyusb/src/tusb.c.o
                0x10006a00                tu_edpt_claim
 .text.tu_edpt_release
                0x10006a50       0x38 CMakeFiles/IntegratedMotorController_code.dir/home/aleks/.pico-sdk/sdk/2.2.0/lib/tinyusb/src/tusb.c.o
                0x10006a50                tu_edpt_release
 .text.tu_edpt_validate
                0x10006a88       0x7c CMakeFiles/IntegratedMotorController_code.dir/home/aleks/.pico-sdk/sdk/2.2.0/lib/tinyusb/src/tusb.c.o
                0x10006a88                tu_edpt_validate
 .text.tu_edpt_bind_driver
                0x10006b04       0x34 CMakeFiles/IntegratedMotorController_code.dir/home/aleks/.pico-sdk/sdk/2.2.0/lib/tinyusb/src/tusb.c.o
                0x10006b04                tu_edpt_bind_driver
 .text.tu_edpt_stream_init
                0x10006b38       0x6c CMakeFiles/IntegratedMotorController_code.dir/home/aleks/.pico-sdk/sdk/2.2.0/lib/tinyusb/src/tusb.c.o
                0x10006b38                tu_edpt_stream_init
 .text.tu_edpt_stream_deinit
                0x10006ba4        0x4 CMakeFiles/IntegratedMotorController_code.dir/home/aleks/.pico-sdk/sdk/2.2.0/lib/tinyusb/src/tusb.c.o
                0x10006ba4                tu_edpt_stream_deinit
 .text.tu_edpt_stream_write_zlp_if_needed
                0x10006ba8       0x68 CMakeFiles/IntegratedMotorController_code.dir/home/aleks/.pico-sdk/sdk/2.2.0/lib/tinyusb/src/tusb.c.o
                0x10006ba8                tu_edpt_stream_write_zlp_if_needed
 .text.tu_edpt_stream_write_xfer
                0x10006c10       0x68 CMakeFiles/IntegratedMotorController_code.dir/home/aleks/.pico-sdk/sdk/2.2.0/lib/tinyusb/src/tusb.c.o
                0x10006c10                tu_edpt_stream_write_xfer
 .text.tu_edpt_stream_read_xfer
                0x10006c78       0xd8 CMakeFiles/IntegratedMotorController_code.dir/home/aleks/.pico-sdk/sdk/2.2.0/lib/tinyusb/src/tusb.c.o
                0x10006c78                tu_edpt_stream_read_xfer
 .text.tu_fifo_config
                0x10006d50       0x6c CMakeFiles/IntegratedMotorController_code.dir/home/aleks/.pico-sdk/sdk/2.2.0/lib/tinyusb/src/common/tusb_fifo.c.o
                0x10006d50                tu_fifo_config
 .text.tu_fifo_count
                0x10006dbc       0x2c CMakeFiles/IntegratedMotorController_code.dir/home/aleks/.pico-sdk/sdk/2.2.0/lib/tinyusb/src/common/tusb_fifo.c.o
                0x10006dbc                tu_fifo_count
 .text.tu_fifo_empty
                0x10006de8       0x10 CMakeFiles/IntegratedMotorController_code.dir/home/aleks/.pico-sdk/sdk/2.2.0/lib/tinyusb/src/common/tusb_fifo.c.o
                0x10006de8                tu_fifo_empty
 .text.tu_fifo_remaining
                0x10006df8       0x2c CMakeFiles/IntegratedMotorController_code.dir/home/aleks/.pico-sdk/sdk/2.2.0/lib/tinyusb/src/common/tusb_fifo.c.o
                0x10006df8                tu_fifo_remaining
 .text.tu_fifo_read
                0x10006e24       0x9c CMakeFiles/IntegratedMotorController_code.dir/home/aleks/.pico-sdk/sdk/2.2.0/lib/tinyusb/src/common/tusb_fifo.c.o
                0x10006e24                tu_fifo_read
 .text.tu_fifo_read_n
                0x10006ec0       0xe8 CMakeFiles/IntegratedMotorController_code.dir/home/aleks/.pico-sdk/sdk/2.2.0/lib/tinyusb/src/common/tusb_fifo.c.o
                0x10006ec0                tu_fifo_read_n
 .text.tu_fifo_write
                0x10006fa8       0xa4 CMakeFiles/IntegratedMotorController_code.dir/home/aleks/.pico-sdk/sdk/2.2.0/lib/tinyusb/src/common/tusb_fifo.c.o
                0x10006fa8                tu_fifo_write
 .text.tu_fifo_write_n
                0x1000704c      0x178 CMakeFiles/IntegratedMotorController_code.dir/home/aleks/.pico-sdk/sdk/2.2.0/lib/tinyusb/src/common/tusb_fifo.c.o
                0x1000704c                tu_fifo_write_n
 .text.tu_fifo_clear
                0x100071c4       0x40 CMakeFiles/IntegratedMotorController_code.dir/home/aleks/.pico-sdk/sdk/2.2.0/lib/tinyusb/src/common/tusb_fifo.c.o
                0x100071c4                tu_fifo_clear
 .text.tu_fifo_set_overwritable
                0x10007204       0x48 CMakeFiles/IntegratedMotorController_code.dir/home/aleks/.pico-sdk/sdk/2.2.0/lib/tinyusb/src/common/tusb_fifo.c.o
                0x10007204                tu_fifo_set_overwritable
 .text.strlen   0x1000724c       0x5c /home/aleks/.pico-sdk/toolchain/14_2_Rel1/bin/../lib/gcc/arm-none-eabi/14.2.1/../../../../arm-none-eabi/lib/thumb/v6-m/nofp/libg.a(libc_a-strlen-stub.o)
                0x1000724c                strlen
 *(.fini)
 .fini          0x100072a8        0x4 /home/aleks/.pico-sdk/toolchain/14_2_Rel1/bin/../lib/gcc/arm-none-eabi/14.2.1/thumb/v6-m/nofp/crti.o
                0x100072a8                _fini
 *fill*         0x100072ac        0x4 
 .fini.__stub   0x100072b0       0xc0 linker stubs
 *crtbegin.o(.ctors)
 *crtbegin?.o(.ctors)
 *(EXCLUDE_FILE(*crtend.o *crtend?.o) .ctors)
 *(SORT_BY_NAME(.ctors.*))
 *(.ctors)
 *crtbegin.o(.dtors)
 *crtbegin?.o(.dtors)
 *(EXCLUDE_FILE(*crtend.o *crtend?.o) .dtors)
 *(SORT_BY_NAME(.dtors.*))
 *(.dtors)
                0x10007370                        . = ALIGN (0x4)
                0x10007370                        PROVIDE (__preinit_array_start = .)
 *(SORT_BY_NAME(.preinit_array.*))
 .preinit_array.00100
                0x10007370        0x4 CMakeFiles/IntegratedMotorController_code.dir/home/aleks/.pico-sdk/sdk/2.2.0/src/rp2_common/pico_runtime_init/runtime_init.c.o
                0x10007370                __pre_init_runtime_init_early_resets
 .preinit_array.00101
                0x10007374        0x4 CMakeFiles/IntegratedMotorController_code.dir/home/aleks/.pico-sdk/sdk/2.2.0/src/rp2_common/pico_runtime_init/runtime_init.c.o
                0x10007374                __pre_init_runtime_init_usb_power_down
 .preinit_array.00275
                0x10007378        0x4 CMakeFiles/IntegratedMotorController_code.dir/home/aleks/.pico-sdk/sdk/2.2.0/src/rp2_common/pico_bit_ops/bit_ops_aeabi.S.o
 .preinit_array.00300
                0x1000737c        0x4 CMakeFiles/IntegratedMotorController_code.dir/home/aleks/.pico-sdk/sdk/2.2.0/src/rp2_common/pico_mem_ops/mem_ops_aeabi.S.o
 .preinit_array.00350
                0x10007380        0x4 CMakeFiles/IntegratedMotorController_code.dir/home/aleks/.pico-sdk/sdk/2.2.0/src/rp2_common/pico_double/double_aeabi_rp2040.S.o
 .preinit_array.00350
                0x10007384        0x4 CMakeFiles/IntegratedMotorController_code.dir/home/aleks/.pico-sdk/sdk/2.2.0/src/rp2_common/pico_float/float_aeabi_rp2040.S.o
 .preinit_array.00500
                0x10007388        0x4 CMakeFiles/IntegratedMotorController_code.dir/home/aleks/.pico-sdk/sdk/2.2.0/src/rp2_common/pico_runtime_init/runtime_init.c.o
                0x10007388                __pre_init_runtime_init_clocks
 .preinit_array.00600
                0x1000738c        0x4 CMakeFiles/IntegratedMotorController_code.dir/home/aleks/.pico-sdk/sdk/2.2.0/src/rp2_common/pico_runtime_init/runtime_init.c.o
                0x1000738c                __pre_init_runtime_init_post_clock_resets
 .preinit_array.00700
                0x10007390        0x4 CMakeFiles/IntegratedMotorController_code.dir/home/aleks/.pico-sdk/sdk/2.2.0/src/rp2_common/pico_runtime_init/runtime_init.c.o
                0x10007390                __pre_init_runtime_init_rp2040_gpio_ie_disable
 .preinit_array.01000
                0x10007394        0x4 CMakeFiles/IntegratedMotorController_code.dir/home/aleks/.pico-sdk/sdk/2.2.0/src/rp2_common/pico_runtime_init/runtime_init.c.o
                0x10007394                __pre_init_runtime_init_spin_locks_reset
 .preinit_array.01100
                0x10007398        0x4 CMakeFiles/IntegratedMotorController_code.dir/home/aleks/.pico-sdk/sdk/2.2.0/src/common/pico_sync/mutex.c.o
                0x10007398                __pre_init_runtime_init_mutex
 .preinit_array.10080
                0x1000739c        0x4 CMakeFiles/IntegratedMotorController_code.dir/home/aleks/.pico-sdk/sdk/2.2.0/src/rp2_common/pico_runtime_init/runtime_init.c.o
                0x1000739c                __pre_init_runtime_init_install_ram_vector_table
 .preinit_array.11000
                0x100073a0        0x4 CMakeFiles/IntegratedMotorController_code.dir/home/aleks/.pico-sdk/sdk/2.2.0/src/common/pico_time/time.c.o
                0x100073a0                __pre_init_runtime_init_default_alarm_pool
 .preinit_array.YYYYY
                0x100073a4        0x4 CMakeFiles/IntegratedMotorController_code.dir/home/aleks/.pico-sdk/sdk/2.2.0/src/rp2_common/pico_runtime/runtime.c.o
                0x100073a4                __pre_init_first_per_core_initializer
 .preinit_array.ZZZZZ.01200
                0x100073a8        0x4 CMakeFiles/IntegratedMotorController_code.dir/home/aleks/.pico-sdk/sdk/2.2.0/src/rp2_common/hardware_irq/irq.c.o
                0x100073a8                __pre_init_runtime_init_per_core_irq_priorities
 *(.preinit_array)
                0x100073ac                        PROVIDE (__preinit_array_end = .)
                0x100073ac                        . = ALIGN (0x4)
                0x100073ac                        PROVIDE (__init_array_start = .)
 *(SORT_BY_NAME(.init_array.*))
 .init_array.01000
                0x100073ac        0x4 CMakeFiles/IntegratedMotorController_code.dir/home/aleks/.pico-sdk/sdk/2.2.0/src/rp2_common/pico_unique_id/unique_id.c.o
 *(.init_array)
 .init_array    0x100073b0        0x4 /home/aleks/.pico-sdk/toolchain/14_2_Rel1/bin/../lib/gcc/arm-none-eabi/14.2.1/thumb/v6-m/nofp/crtbegin.o
                0x100073b4                        PROVIDE (__init_array_end = .)
                0x100073b4                        . = ALIGN (0x4)
                [!provide]                        PROVIDE (__fini_array_start = .)
 *(SORT_BY_NAME(.fini_array.*))
 *(.fini_array)
                [!provide]                        PROVIDE (__fini_array_end = .)
 *(.eh_frame*)
 .eh_frame      0x100073b4        0x0 /home/aleks/.pico-sdk/toolchain/14_2_Rel1/bin/../lib/gcc/arm-none-eabi/14.2.1/thumb/v6-m/nofp/crtbegin.o
                0x100073b4                        . = ALIGN (0x4)

.glue_7         0x100073b4        0x0
 .glue_7        0x100073b4        0x0 linker stubs

.glue_7t        0x100073b4        0x0
 .glue_7t       0x100073b4        0x0 linker stubs

.vfp11_veneer   0x100073b4        0x0
 .vfp11_veneer  0x100073b4        0x0 linker stubs

.v4_bx          0x100073b4        0x0
 .v4_bx         0x100073b4        0x0 linker stubs

.iplt           0x100073b4        0x0
 .iplt          0x100073b4        0x0 /home/aleks/.pico-sdk/toolchain/14_2_Rel1/bin/../lib/gcc/arm-none-eabi/14.2.1/thumb/v6-m/nofp/crtbegin.o

.rodata         0x100073b8      0x914
 *(EXCLUDE_FILE(*libm.a: *libc.a:*lib_a-mem*.o *libgcc.a:) .rodata*)
 .rodata.main.str1.4
                0x100073b8      0x420 CMakeFiles/IntegratedMotorController_code.dir/src/main.c.o
                                0x296 (size before relaxing)
 .rodata.main   0x100077d8       0x44 CMakeFiles/IntegratedMotorController_code.dir/src/main.c.o
 .rodata.panic.str1.4
                0x1000781c       0x12 CMakeFiles/IntegratedMotorController_code.dir/home/aleks/.pico-sdk/sdk/2.2.0/src/rp2_common/pico_platform_panic/panic.c.o
 .rodata.spin_lock_claim_unused.str1.4
                0x1000781c       0x1b CMakeFiles/IntegratedMotorController_code.dir/home/aleks/.pico-sdk/sdk/2.2.0/src/rp2_common/hardware_sync/sync.c.o
 .rodata.user_irq_claim_unused.str1.4
                0x1000781c       0x1b CMakeFiles/IntegratedMotorController_code.dir/home/aleks/.pico-sdk/sdk/2.2.0/src/rp2_common/hardware_irq/irq.c.o
 .rodata.timer_hardware_alarm_claim.str1.4
                0x1000781c       0x22 CMakeFiles/IntegratedMotorController_code.dir/home/aleks/.pico-sdk/sdk/2.2.0/src/rp2_common/hardware_timer/timer.c.o
 .rodata.hard_assertion_failure.str1.4
                0x1000781c        0xc CMakeFiles/IntegratedMotorController_code.dir/home/aleks/.pico-sdk/sdk/2.2.0/src/rp2_common/pico_runtime/runtime.c.o
 .rodata.str1.4
                0x1000781c       0x58 CMakeFiles/IntegratedMotorController_code.dir/home/aleks/.pico-sdk/sdk/2.2.0/src/rp2_common/pico_standard_binary_info/standard_binary_info.c.o
 .rodata.__bi_84
                0x1000781c        0xc CMakeFiles/IntegratedMotorController_code.dir/home/aleks/.pico-sdk/sdk/2.2.0/src/rp2_common/pico_standard_binary_info/standard_binary_info.c.o
 .rodata.__bi_78
                0x10007828        0xc CMakeFiles/IntegratedMotorController_code.dir/home/aleks/.pico-sdk/sdk/2.2.0/src/rp2_common/pico_standard_binary_info/standard_binary_info.c.o
 .rodata.__bi_60
                0x10007834        0xc CMakeFiles/IntegratedMotorController_code.dir/home/aleks/.pico-sdk/sdk/2.2.0/src/rp2_common/pico_standard_binary_info/standard_binary_info.c.o
 .rodata.__bi_54
                0x10007840        0xc CMakeFiles/IntegratedMotorController_code.dir/home/aleks/.pico-sdk/sdk/2.2.0/src/rp2_common/pico_standard_binary_info/standard_binary_info.c.o
 .rodata.__bi_48
                0x1000784c        0xc CMakeFiles/IntegratedMotorController_code.dir/home/aleks/.pico-sdk/sdk/2.2.0/src/rp2_common/pico_standard_binary_info/standard_binary_info.c.o
 .rodata.__bi_42
                0x10007858        0xc CMakeFiles/IntegratedMotorController_code.dir/home/aleks/.pico-sdk/sdk/2.2.0/src/rp2_common/pico_standard_binary_info/standard_binary_info.c.o
 .rodata.__bi_34
                0x10007864        0xc CMakeFiles/IntegratedMotorController_code.dir/home/aleks/.pico-sdk/sdk/2.2.0/src/rp2_common/pico_standard_binary_info/standard_binary_info.c.o
 .rodata.__bi_26
                0x10007870        0xc CMakeFiles/IntegratedMotorController_code.dir/home/aleks/.pico-sdk/sdk/2.2.0/src/rp2_common/pico_standard_binary_info/standard_binary_info.c.o
 .rodata._ftoa.str1.4
                0x1000787c       0x15 CMakeFiles/IntegratedMotorController_code.dir/home/aleks/.pico-sdk/sdk/2.2.0/src/rp2_common/pico_printf/printf.c.o
 .rodata._vsnprintf
                0x1000787c      0x19c CMakeFiles/IntegratedMotorController_code.dir/home/aleks/.pico-sdk/sdk/2.2.0/src/rp2_common/pico_printf/printf.c.o
 .rodata.pow10.0
                0x10007a18       0x50 CMakeFiles/IntegratedMotorController_code.dir/home/aleks/.pico-sdk/sdk/2.2.0/src/rp2_common/pico_printf/printf.c.o
 .rodata.crlf_str.0
                0x10007a68        0x2 CMakeFiles/IntegratedMotorController_code.dir/home/aleks/.pico-sdk/sdk/2.2.0/src/rp2_common/pico_stdio/stdio.c.o
 *fill*         0x10007a6a        0x2 
 .rodata._resetd_driver
                0x10007a6c       0x20 CMakeFiles/IntegratedMotorController_code.dir/home/aleks/.pico-sdk/sdk/2.2.0/src/rp2_common/pico_stdio_usb/reset_interface.c.o
 .rodata.desc_ms_os_20
                0x10007a8c       0xa6 CMakeFiles/IntegratedMotorController_code.dir/home/aleks/.pico-sdk/sdk/2.2.0/src/rp2_common/pico_stdio_usb/reset_interface.c.o
 *fill*         0x10007b32        0x2 
 .rodata.desc_bos
                0x10007b34       0x21 CMakeFiles/IntegratedMotorController_code.dir/home/aleks/.pico-sdk/sdk/2.2.0/src/rp2_common/pico_stdio_usb/reset_interface.c.o
                0x10007b34                desc_bos
 .rodata.str1.4
                0x10007b55       0x13 CMakeFiles/IntegratedMotorController_code.dir/home/aleks/.pico-sdk/sdk/2.2.0/src/rp2_common/pico_stdio_usb/stdio_usb.c.o
 *fill*         0x10007b55        0x3 
 .rodata.__bi_202.0
                0x10007b58        0xc CMakeFiles/IntegratedMotorController_code.dir/home/aleks/.pico-sdk/sdk/2.2.0/src/rp2_common/pico_stdio_usb/stdio_usb.c.o
 .rodata.str1.4
                0x10007b64       0x2a CMakeFiles/IntegratedMotorController_code.dir/home/aleks/.pico-sdk/sdk/2.2.0/src/rp2_common/pico_stdio_usb/stdio_usb_descriptors.c.o
 .rodata.usbd_desc_str
                0x10007b64       0x18 CMakeFiles/IntegratedMotorController_code.dir/home/aleks/.pico-sdk/sdk/2.2.0/src/rp2_common/pico_stdio_usb/stdio_usb_descriptors.c.o
 .rodata.usbd_desc_cfg
                0x10007b7c       0x54 CMakeFiles/IntegratedMotorController_code.dir/home/aleks/.pico-sdk/sdk/2.2.0/src/rp2_common/pico_stdio_usb/stdio_usb_descriptors.c.o
 .rodata.usbd_desc_device
                0x10007bd0       0x12 CMakeFiles/IntegratedMotorController_code.dir/home/aleks/.pico-sdk/sdk/2.2.0/src/rp2_common/pico_stdio_usb/stdio_usb_descriptors.c.o
 .rodata.str1.4
                0x10007be2       0x14 CMakeFiles/IntegratedMotorController_code.dir/home/aleks/.pico-sdk/sdk/2.2.0/lib/tinyusb/src/portable/raspberrypi/rp2040/dcd_rp2040.c.o
 .rodata.str1.4
                0x10007be2       0x48 CMakeFiles/IntegratedMotorController_code.dir/home/aleks/.pico-sdk/sdk/2.2.0/lib/tinyusb/src/portable/raspberrypi/rp2040/rp2040_usb.c.o
 *fill*         0x10007be2        0x2 
 .rodata.tud_task_ext
                0x10007be4       0x8c CMakeFiles/IntegratedMotorController_code.dir/home/aleks/.pico-sdk/sdk/2.2.0/lib/tinyusb/src/device/usbd.c.o
 .rodata        0x10007c70       0x1c CMakeFiles/IntegratedMotorController_code.dir/home/aleks/.pico-sdk/sdk/2.2.0/lib/tinyusb/src/device/usbd.c.o
 .rodata._usbd_driver
                0x10007c8c       0x40 CMakeFiles/IntegratedMotorController_code.dir/home/aleks/.pico-sdk/sdk/2.2.0/lib/tinyusb/src/device/usbd.c.o
                0x10007ccc                        . = ALIGN (0x4)
 *(SORT_BY_ALIGNMENT(SORT_BY_NAME(.flashdata*)))
                0x10007ccc                        . = ALIGN (0x4)

.ARM.extab
 *(.ARM.extab* .gnu.linkonce.armextab.*)
                0x10007ccc                        __exidx_start = .

.ARM.exidx
 *(.ARM.exidx* .gnu.linkonce.armexidx.*)
                0x10007ccc                        __exidx_end = .
                0x10007ccc                        . = ALIGN (0x4)
                0x10007ccc                        __binary_info_start = .

.binary_info    0x10007ccc       0x24
 *(.binary_info.keep.*)
 .binary_info.keep.__bi_ptr84
                0x10007ccc        0x4 CMakeFiles/IntegratedMotorController_code.dir/home/aleks/.pico-sdk/sdk/2.2.0/src/rp2_common/pico_standard_binary_info/standard_binary_info.c.o
 .binary_info.keep.__bi_ptr78
                0x10007cd0        0x4 CMakeFiles/IntegratedMotorController_code.dir/home/aleks/.pico-sdk/sdk/2.2.0/src/rp2_common/pico_standard_binary_info/standard_binary_info.c.o
 .binary_info.keep.__bi_ptr60
                0x10007cd4        0x4 CMakeFiles/IntegratedMotorController_code.dir/home/aleks/.pico-sdk/sdk/2.2.0/src/rp2_common/pico_standard_binary_info/standard_binary_info.c.o
 .binary_info.keep.__bi_ptr54
                0x10007cd8        0x4 CMakeFiles/IntegratedMotorController_code.dir/home/aleks/.pico-sdk/sdk/2.2.0/src/rp2_common/pico_standard_binary_info/standard_binary_info.c.o
 .binary_info.keep.__bi_ptr48
                0x10007cdc        0x4 CMakeFiles/IntegratedMotorController_code.dir/home/aleks/.pico-sdk/sdk/2.2.0/src/rp2_common/pico_standard_binary_info/standard_binary_info.c.o
 .binary_info.keep.__bi_ptr42
                0x10007ce0        0x4 CMakeFiles/IntegratedMotorController_code.dir/home/aleks/.pico-sdk/sdk/2.2.0/src/rp2_common/pico_standard_binary_info/standard_binary_info.c.o
 .binary_info.keep.__bi_ptr34
                0x10007ce4        0x4 CMakeFiles/IntegratedMotorController_code.dir/home/aleks/.pico-sdk/sdk/2.2.0/src/rp2_common/pico_standard_binary_info/standard_binary_info.c.o
 .binary_info.keep.__bi_ptr26
                0x10007ce8        0x4 CMakeFiles/IntegratedMotorController_code.dir/home/aleks/.pico-sdk/sdk/2.2.0/src/rp2_common/pico_standard_binary_info/standard_binary_info.c.o
 *(.binary_info.*)
 .binary_info.__bi_ptr202
                0x10007cec        0x4 CMakeFiles/IntegratedMotorController_code.dir/home/aleks/.pico-sdk/sdk/2.2.0/src/rp2_common/pico_stdio_usb/stdio_usb.c.o
                0x10007cf0                        __binary_info_end = .
                0x10007cf0                        . = ALIGN (0x4)

.ram_vector_table
                0x20000000       0xc0
 *(.ram_vector_table)
 .ram_vector_table
                0x20000000       0xc0 CMakeFiles/IntegratedMotorController_code.dir/home/aleks/.pico-sdk/sdk/2.2.0/src/rp2_common/pico_runtime_init/runtime_init.c.o
                0x20000000                ram_vector_table

.uninitialized_data
                0x200000c0        0x0
                0x200000c0                        . = ALIGN (0x4)
 *(.uninitialized_data*)

.data           0x200000c0      0xff0 load address 0x10007cf0
                0x200000c0                        __data_start__ = .
 *(vtable)
 *(.time_critical*)
 .time_critical.mutex_try_enter
                0x200000c0       0x40 CMakeFiles/IntegratedMotorController_code.dir/home/aleks/.pico-sdk/sdk/2.2.0/src/common/pico_sync/mutex.c.o
                0x200000c0                mutex_try_enter
 .time_critical.mutex_try_enter_block_until
                0x20000100       0x98 CMakeFiles/IntegratedMotorController_code.dir/home/aleks/.pico-sdk/sdk/2.2.0/src/common/pico_sync/mutex.c.o
                0x20000100                mutex_try_enter_block_until
 .time_critical.mutex_enter_timeout_ms
                0x20000198       0x8c CMakeFiles/IntegratedMotorController_code.dir/home/aleks/.pico-sdk/sdk/2.2.0/src/common/pico_sync/mutex.c.o
                0x20000198                mutex_enter_timeout_ms
 .time_critical.mutex_exit
                0x20000224       0x28 CMakeFiles/IntegratedMotorController_code.dir/home/aleks/.pico-sdk/sdk/2.2.0/src/common/pico_sync/mutex.c.o
                0x20000224                mutex_exit
 .time_critical.flash_init_boot2_copyout
                0x2000024c       0x30 CMakeFiles/IntegratedMotorController_code.dir/home/aleks/.pico-sdk/sdk/2.2.0/src/rp2_common/hardware_flash/flash.c.o
 .time_critical.flash_enable_xip_via_boot2
                0x2000027c        0xc CMakeFiles/IntegratedMotorController_code.dir/home/aleks/.pico-sdk/sdk/2.2.0/src/rp2_common/hardware_flash/flash.c.o
 .time_critical.flash_save_hardware_state
                0x20000288       0x20 CMakeFiles/IntegratedMotorController_code.dir/home/aleks/.pico-sdk/sdk/2.2.0/src/rp2_common/hardware_flash/flash.c.o
 .time_critical.flash_restore_hardware_state
                0x200002a8       0x20 CMakeFiles/IntegratedMotorController_code.dir/home/aleks/.pico-sdk/sdk/2.2.0/src/rp2_common/hardware_flash/flash.c.o
 .time_critical.flash_cs_force
                0x200002c8       0x38 CMakeFiles/IntegratedMotorController_code.dir/home/aleks/.pico-sdk/sdk/2.2.0/src/rp2_common/hardware_flash/flash.c.o
 .time_critical.flash_do_cmd
                0x20000300      0x13c CMakeFiles/IntegratedMotorController_code.dir/home/aleks/.pico-sdk/sdk/2.2.0/src/rp2_common/hardware_flash/flash.c.o
                0x20000300                flash_do_cmd
 .time_critical.reset_non_control_endpoints
                0x2000043c       0x68 CMakeFiles/IntegratedMotorController_code.dir/home/aleks/.pico-sdk/sdk/2.2.0/lib/tinyusb/src/portable/raspberrypi/rp2040/dcd_rp2040.c.o
 .time_critical.hw_handle_buff_status
                0x200004a4       0xa0 CMakeFiles/IntegratedMotorController_code.dir/home/aleks/.pico-sdk/sdk/2.2.0/lib/tinyusb/src/portable/raspberrypi/rp2040/dcd_rp2040.c.o
 .time_critical.dcd_rp2040_irq
                0x20000544      0x548 CMakeFiles/IntegratedMotorController_code.dir/home/aleks/.pico-sdk/sdk/2.2.0/lib/tinyusb/src/portable/raspberrypi/rp2040/dcd_rp2040.c.o
 .time_critical.prepare_ep_buffer
                0x20000a8c       0xc8 CMakeFiles/IntegratedMotorController_code.dir/home/aleks/.pico-sdk/sdk/2.2.0/lib/tinyusb/src/portable/raspberrypi/rp2040/rp2040_usb.c.o
 .time_critical.sync_ep_buffer
                0x20000b54       0x9c CMakeFiles/IntegratedMotorController_code.dir/home/aleks/.pico-sdk/sdk/2.2.0/lib/tinyusb/src/portable/raspberrypi/rp2040/rp2040_usb.c.o
 .time_critical._hw_endpoint_xfer_sync
                0x20000bf0       0x28 CMakeFiles/IntegratedMotorController_code.dir/home/aleks/.pico-sdk/sdk/2.2.0/lib/tinyusb/src/portable/raspberrypi/rp2040/rp2040_usb.c.o
 .time_critical.e15_is_bulkin_ep
                0x20000c18       0x28 CMakeFiles/IntegratedMotorController_code.dir/home/aleks/.pico-sdk/sdk/2.2.0/lib/tinyusb/src/portable/raspberrypi/rp2040/rp2040_usb.c.o
 .time_critical.e15_is_critical_frame_period
                0x20000c40       0x34 CMakeFiles/IntegratedMotorController_code.dir/home/aleks/.pico-sdk/sdk/2.2.0/lib/tinyusb/src/portable/raspberrypi/rp2040/rp2040_usb.c.o
 .time_critical.hw_endpoint_reset_transfer
                0x20000c74        0xc CMakeFiles/IntegratedMotorController_code.dir/home/aleks/.pico-sdk/sdk/2.2.0/lib/tinyusb/src/portable/raspberrypi/rp2040/rp2040_usb.c.o
                0x20000c74                hw_endpoint_reset_transfer
 .time_critical._hw_endpoint_buffer_control_update32
                0x20000c80       0x50 CMakeFiles/IntegratedMotorController_code.dir/home/aleks/.pico-sdk/sdk/2.2.0/lib/tinyusb/src/portable/raspberrypi/rp2040/rp2040_usb.c.o
                0x20000c80                _hw_endpoint_buffer_control_update32
 .time_critical.hw_endpoint_start_next_buffer
                0x20000cd0       0x68 CMakeFiles/IntegratedMotorController_code.dir/home/aleks/.pico-sdk/sdk/2.2.0/lib/tinyusb/src/portable/raspberrypi/rp2040/rp2040_usb.c.o
                0x20000cd0                hw_endpoint_start_next_buffer
 .time_critical.hw_endpoint_xfer_continue
                0x20000d38       0x40 CMakeFiles/IntegratedMotorController_code.dir/home/aleks/.pico-sdk/sdk/2.2.0/lib/tinyusb/src/portable/raspberrypi/rp2040/rp2040_usb.c.o
                0x20000d38                hw_endpoint_xfer_continue
 .time_critical.tinyusb
                0x20000d78      0x1e4 CMakeFiles/IntegratedMotorController_code.dir/home/aleks/.pico-sdk/sdk/2.2.0/lib/tinyusb/src/device/usbd.c.o
                0x20000d78                dcd_event_handler
 *(.text*)
 .text          0x20000f5c        0x4 /home/aleks/.pico-sdk/toolchain/14_2_Rel1/bin/../lib/gcc/arm-none-eabi/14.2.1/thumb/v6-m/nofp/libgcc.a(_dvmd_tls.o)
                0x20000f5c                __aeabi_ldiv0
                0x20000f5c                __aeabi_idiv0
 .text.__stub   0x20000f60       0x80 linker stubs
                0x20000fe0                        . = ALIGN (0x4)
 *(.rodata*)
                0x20000fe0                        . = ALIGN (0x4)
 *(.data*)
 .data.sweep_dir
                0x20000fe0        0x4 CMakeFiles/IntegratedMotorController_code.dir/src/main.c.o
 .data.sweeping
                0x20000fe4        0x1 CMakeFiles/IntegratedMotorController_code.dir/src/main.c.o
 *fill*         0x20000fe5        0x1 
 .data.current_us
                0x20000fe6        0x2 CMakeFiles/IntegratedMotorController_code.dir/src/main.c.o
 .data.striped_spin_lock_num
                0x20000fe8        0x1 CMakeFiles/IntegratedMotorController_code.dir/home/aleks/.pico-sdk/sdk/2.2.0/src/rp2_common/hardware_sync/sync.c.o
 *fill*         0x20000fe9        0x3 
 .data          0x20000fec       0x48 CMakeFiles/IntegratedMotorController_code.dir/home/aleks/.pico-sdk/sdk/2.2.0/src/rp2_common/hardware_irq/irq_handler_chain.S.o
                0x20000fec                irq_handler_chain_slots
                0x2000101c                irq_handler_chain_first_slot
                0x20001026                irq_handler_chain_remove_tail
 .data.default_alarm_pool
                0x20001034       0x18 CMakeFiles/IntegratedMotorController_code.dir/home/aleks/.pico-sdk/sdk/2.2.0/src/common/pico_time/time.c.o
 *fill*         0x2000104c        0x4 
 .data.aeabi_bits_funcs
                0x20001050       0x10 CMakeFiles/IntegratedMotorController_code.dir/home/aleks/.pico-sdk/sdk/2.2.0/src/rp2_common/pico_bit_ops/bit_ops_aeabi.S.o
                0x20001050                aeabi_bits_funcs
                0x20001060                aeabi_bits_funcs_end
 .data.aeabi_mem_funcs
                0x20001060       0x10 CMakeFiles/IntegratedMotorController_code.dir/home/aleks/.pico-sdk/sdk/2.2.0/src/rp2_common/pico_mem_ops/mem_ops_aeabi.S.o
                0x20001060                aeabi_mem_funcs
                0x20001070                aeabi_mem_funcs_end
 .data.stdio_usb
                0x20001070       0x18 CMakeFiles/IntegratedMotorController_code.dir/home/aleks/.pico-sdk/sdk/2.2.0/src/rp2_common/pico_stdio_usb/stdio_usb.c.o
                0x20001070                stdio_usb
 .data._usbd_qdef
                0x20001088       0x1c CMakeFiles/IntegratedMotorController_code.dir/home/aleks/.pico-sdk/sdk/2.2.0/lib/tinyusb/src/device/usbd.c.o
                0x20001088                _usbd_qdef
 .data._usbd_rhport
                0x200010a4        0x1 CMakeFiles/IntegratedMotorController_code.dir/home/aleks/.pico-sdk/sdk/2.2.0/lib/tinyusb/src/device/usbd.c.o
                0x200010a8                        . = ALIGN (0x4)
 *fill*         0x200010a5        0x3 
 *(.after_data.*)
                0x200010a8                        . = ALIGN (0x4)
                0x200010a8                        PROVIDE (__mutex_array_start = .)
 *(SORT_BY_NAME(.mutex_array.*))
 *(.mutex_array)
 .mutex_array   0x200010a8        0x8 CMakeFiles/IntegratedMotorController_code.dir/home/aleks/.pico-sdk/sdk/2.2.0/src/rp2_common/pico_stdio/stdio.c.o
                0x200010b0                        PROVIDE (__mutex_array_end = .)
                0x200010b0                        . = ALIGN (0x4)
 *(.jcr)
                0x200010b0                        . = ALIGN (0x4)

.tm_clone_table
                0x200010b0        0x0 load address 0x10008ce0
 .tm_clone_table
                0x200010b0        0x0 /home/aleks/.pico-sdk/toolchain/14_2_Rel1/bin/../lib/gcc/arm-none-eabi/14.2.1/thumb/v6-m/nofp/crtbegin.o
 .tm_clone_table
                0x200010b0        0x0 /home/aleks/.pico-sdk/toolchain/14_2_Rel1/bin/../lib/gcc/arm-none-eabi/14.2.1/thumb/v6-m/nofp/crtend.o

.igot.plt       0x200010b0        0x0 load address 0x10008ce0
 .igot.plt      0x200010b0        0x0 /home/aleks/.pico-sdk/toolchain/14_2_Rel1/bin/../lib/gcc/arm-none-eabi/14.2.1/thumb/v6-m/nofp/crtbegin.o

.tdata          0x200010b0        0x0 load address 0x10008ce0
                0x200010b0                        . = ALIGN (0x4)
 *(.tdata .tdata.* .gnu.linkonce.td.*)
                0x200010b0                        __tdata_end = .
                0x200010b0                        PROVIDE (__data_end__ = .)
                0x10007cf0                        __etext = LOADADDR (.data)

.tbss           0x200010b0        0x0 load address 0x10008ce0
                0x200010b0                        . = ALIGN (0x4)
                0x200010b0                        __bss_start__ = .
                0x200010b0                        __tls_base = .
 *(.tbss .tbss.* .gnu.linkonce.tb.*)
 *(.tcommon)
                0x200010b0                        __tls_end = .

.bss            0x200010b0      0xf04 load address 0x10008ce0
                0x200010b0                        . = ALIGN (0x4)
                0x200010b0                        __tbss_end = .
 *(SORT_BY_ALIGNMENT(SORT_BY_NAME(.bss*)))
 .bss.default_alarm_pool_entries
                0x200010b0      0x180 CMakeFiles/IntegratedMotorController_code.dir/home/aleks/.pico-sdk/sdk/2.2.0/src/common/pico_time/time.c.o
 .bss.last_avail_time.1
                0x20001230        0x8 CMakeFiles/IntegratedMotorController_code.dir/home/aleks/.pico-sdk/sdk/2.2.0/src/rp2_common/pico_stdio_usb/stdio_usb.c.o
 .bss.sd_table  0x20001238      0x100 CMakeFiles/IntegratedMotorController_code.dir/home/aleks/.pico-sdk/sdk/2.2.0/src/rp2_common/pico_double/double_init_rom_rp2040.c.o
                0x20001238                sd_table
 .bss.sf_table  0x20001338      0x100 CMakeFiles/IntegratedMotorController_code.dir/home/aleks/.pico-sdk/sdk/2.2.0/src/rp2_common/pico_float/float_init_rom_rp2040.c.o
                0x20001338                sf_table
 .bss._app_driver
                0x20001438        0x4 CMakeFiles/IntegratedMotorController_code.dir/home/aleks/.pico-sdk/sdk/2.2.0/lib/tinyusb/src/device/usbd.c.o
 .bss._cdcd_epbuf
                0x2000143c       0x80 CMakeFiles/IntegratedMotorController_code.dir/home/aleks/.pico-sdk/sdk/2.2.0/lib/tinyusb/src/class/cdc/cdc_device.c.o
 .bss._cdcd_fifo_cfg
                0x200014bc        0x1 CMakeFiles/IntegratedMotorController_code.dir/home/aleks/.pico-sdk/sdk/2.2.0/lib/tinyusb/src/class/cdc/cdc_device.c.o
 *fill*         0x200014bd        0x3 
 .bss._cdcd_itf
                0x200014c0       0xc8 CMakeFiles/IntegratedMotorController_code.dir/home/aleks/.pico-sdk/sdk/2.2.0/lib/tinyusb/src/class/cdc/cdc_device.c.o
 .bss._ctrl_epbuf
                0x20001588       0x40 CMakeFiles/IntegratedMotorController_code.dir/home/aleks/.pico-sdk/sdk/2.2.0/lib/tinyusb/src/device/usbd_control.c.o
 .bss._ctrl_xfer
                0x200015c8       0x14 CMakeFiles/IntegratedMotorController_code.dir/home/aleks/.pico-sdk/sdk/2.2.0/lib/tinyusb/src/device/usbd_control.c.o
 .bss._tusb_rhport_role
                0x200015dc        0x2 CMakeFiles/IntegratedMotorController_code.dir/home/aleks/.pico-sdk/sdk/2.2.0/lib/tinyusb/src/tusb.c.o
                0x200015dc                _tusb_rhport_role
 *fill*         0x200015de        0x2 
 .bss._ubsd_mutexdef
                0x200015e0        0x8 CMakeFiles/IntegratedMotorController_code.dir/home/aleks/.pico-sdk/sdk/2.2.0/lib/tinyusb/src/device/usbd.c.o
 .bss._usbd_dev
                0x200015e8       0x54 CMakeFiles/IntegratedMotorController_code.dir/home/aleks/.pico-sdk/sdk/2.2.0/lib/tinyusb/src/device/usbd.c.o
 .bss._usbd_mutex
                0x2000163c        0x4 CMakeFiles/IntegratedMotorController_code.dir/home/aleks/.pico-sdk/sdk/2.2.0/lib/tinyusb/src/device/usbd.c.o
 .bss._usbd_q   0x20001640        0x4 CMakeFiles/IntegratedMotorController_code.dir/home/aleks/.pico-sdk/sdk/2.2.0/lib/tinyusb/src/device/usbd.c.o
 .bss._usbd_qdef_buf
                0x20001644       0xc0 CMakeFiles/IntegratedMotorController_code.dir/home/aleks/.pico-sdk/sdk/2.2.0/lib/tinyusb/src/device/usbd.c.o
                0x20001644                _usbd_qdef_buf
 .bss._vendord_epbuf
                0x20001704       0x80 CMakeFiles/IntegratedMotorController_code.dir/home/aleks/.pico-sdk/sdk/2.2.0/lib/tinyusb/src/class/vendor/vendor_device.c.o
 .bss._vendord_itf
                0x20001784      0x24c CMakeFiles/IntegratedMotorController_code.dir/home/aleks/.pico-sdk/sdk/2.2.0/lib/tinyusb/src/class/vendor/vendor_device.c.o
 .bss.boot2_copyout
                0x200019d0      0x100 CMakeFiles/IntegratedMotorController_code.dir/home/aleks/.pico-sdk/sdk/2.2.0/src/rp2_common/hardware_flash/flash.c.o
 .bss.chars_available_callback
                0x20001ad0        0x4 CMakeFiles/IntegratedMotorController_code.dir/home/aleks/.pico-sdk/sdk/2.2.0/src/rp2_common/pico_stdio_usb/stdio_usb.c.o
 .bss.chars_available_param
                0x20001ad4        0x4 CMakeFiles/IntegratedMotorController_code.dir/home/aleks/.pico-sdk/sdk/2.2.0/src/rp2_common/pico_stdio_usb/stdio_usb.c.o
 .bss.claimed   0x20001ad8        0x4 CMakeFiles/IntegratedMotorController_code.dir/home/aleks/.pico-sdk/sdk/2.2.0/src/rp2_common/hardware_sync/sync.c.o
 .bss.claimed   0x20001adc        0x1 CMakeFiles/IntegratedMotorController_code.dir/home/aleks/.pico-sdk/sdk/2.2.0/src/rp2_common/hardware_timer/timer.c.o
 *fill*         0x20001add        0x3 
 .bss.configured_freq
                0x20001ae0       0x28 CMakeFiles/IntegratedMotorController_code.dir/home/aleks/.pico-sdk/sdk/2.2.0/src/rp2_common/hardware_clocks/clocks.c.o
 .bss.desc_str.0
                0x20001b08       0x28 CMakeFiles/IntegratedMotorController_code.dir/home/aleks/.pico-sdk/sdk/2.2.0/src/rp2_common/pico_stdio_usb/stdio_usb_descriptors.c.o
 .bss.drivers   0x20001b30        0x4 CMakeFiles/IntegratedMotorController_code.dir/home/aleks/.pico-sdk/sdk/2.2.0/src/rp2_common/pico_stdio/stdio.c.o
 .bss.e15_last_sof
                0x20001b34        0x4 CMakeFiles/IntegratedMotorController_code.dir/home/aleks/.pico-sdk/sdk/2.2.0/lib/tinyusb/src/portable/raspberrypi/rp2040/rp2040_usb.c.o
                0x20001b34                e15_last_sof
 .bss.filter    0x20001b38        0x4 CMakeFiles/IntegratedMotorController_code.dir/home/aleks/.pico-sdk/sdk/2.2.0/src/rp2_common/pico_stdio/stdio.c.o
 .bss.hw_endpoints
                0x20001b3c      0x400 CMakeFiles/IntegratedMotorController_code.dir/home/aleks/.pico-sdk/sdk/2.2.0/lib/tinyusb/src/portable/raspberrypi/rp2040/dcd_rp2040.c.o
 .bss.lazy_vsnprintf
                0x20001f3c        0x4 CMakeFiles/IntegratedMotorController_code.dir/home/aleks/.pico-sdk/sdk/2.2.0/src/rp2_common/pico_printf/printf.c.o
 .bss.load_value
                0x20001f40        0x4 CMakeFiles/IntegratedMotorController_code.dir/home/aleks/.pico-sdk/sdk/2.2.0/src/rp2_common/hardware_watchdog/watchdog.c.o
 .bss.next_buffer_ptr
                0x20001f44        0x4 CMakeFiles/IntegratedMotorController_code.dir/home/aleks/.pico-sdk/sdk/2.2.0/lib/tinyusb/src/portable/raspberrypi/rp2040/dcd_rp2040.c.o
 .bss.object.0  0x20001f48       0x18 /home/aleks/.pico-sdk/toolchain/14_2_Rel1/bin/../lib/gcc/arm-none-eabi/14.2.1/thumb/v6-m/nofp/crtbegin.o
 .bss.one_shot_timer_crit_sec
                0x20001f60        0x8 CMakeFiles/IntegratedMotorController_code.dir/home/aleks/.pico-sdk/sdk/2.2.0/src/rp2_common/pico_stdio_usb/stdio_usb.c.o
 .bss.pools     0x20001f68       0x10 CMakeFiles/IntegratedMotorController_code.dir/home/aleks/.pico-sdk/sdk/2.2.0/src/common/pico_time/time.c.o
 .bss.retrieved_id
                0x20001f78        0x8 CMakeFiles/IntegratedMotorController_code.dir/home/aleks/.pico-sdk/sdk/2.2.0/src/rp2_common/pico_unique_id/unique_id.c.o
 .bss.servo_channel
                0x20001f80        0x4 CMakeFiles/IntegratedMotorController_code.dir/src/main.c.o
 .bss.servo_slice
                0x20001f84        0x4 CMakeFiles/IntegratedMotorController_code.dir/src/main.c.o
 .bss.sf_clz_func
                0x20001f88        0x4 CMakeFiles/IntegratedMotorController_code.dir/home/aleks/.pico-sdk/sdk/2.2.0/src/rp2_common/pico_double/double_init_rom_rp2040.c.o
                0x20001f88                sf_clz_func
 .bss.sleep_notifier
                0x20001f8c        0x4 CMakeFiles/IntegratedMotorController_code.dir/home/aleks/.pico-sdk/sdk/2.2.0/src/common/pico_time/time.c.o
 .bss.stdio_usb_mutex
                0x20001f90        0x8 CMakeFiles/IntegratedMotorController_code.dir/home/aleks/.pico-sdk/sdk/2.2.0/src/rp2_common/pico_stdio_usb/stdio_usb.c.o
 .bss.usbd_serial_str
                0x20001f98       0x11 CMakeFiles/IntegratedMotorController_code.dir/home/aleks/.pico-sdk/sdk/2.2.0/src/rp2_common/pico_stdio_usb/stdio_usb_descriptors.c.o
 .bss._app_driver_count
                0x20001fa9        0x1 CMakeFiles/IntegratedMotorController_code.dir/home/aleks/.pico-sdk/sdk/2.2.0/lib/tinyusb/src/device/usbd.c.o
 .bss._sof_enable
                0x20001faa        0x1 CMakeFiles/IntegratedMotorController_code.dir/home/aleks/.pico-sdk/sdk/2.2.0/lib/tinyusb/src/portable/raspberrypi/rp2040/dcd_rp2040.c.o
 .bss._usbd_queued_setup
                0x20001fab        0x1 CMakeFiles/IntegratedMotorController_code.dir/home/aleks/.pico-sdk/sdk/2.2.0/lib/tinyusb/src/device/usbd.c.o
 .bss.boot2_copyout_valid
                0x20001fac        0x1 CMakeFiles/IntegratedMotorController_code.dir/home/aleks/.pico-sdk/sdk/2.2.0/src/rp2_common/hardware_flash/flash.c.o
 .bss.irq_handler_chain_free_slot_head
                0x20001fad        0x1 CMakeFiles/IntegratedMotorController_code.dir/home/aleks/.pico-sdk/sdk/2.2.0/src/rp2_common/hardware_irq/irq.c.o
 .bss.itf_num   0x20001fae        0x1 CMakeFiles/IntegratedMotorController_code.dir/home/aleks/.pico-sdk/sdk/2.2.0/src/rp2_common/pico_stdio_usb/reset_interface.c.o
 .bss.low_priority_irq_num
                0x20001faf        0x1 CMakeFiles/IntegratedMotorController_code.dir/home/aleks/.pico-sdk/sdk/2.2.0/src/rp2_common/pico_stdio_usb/stdio_usb.c.o
 .bss.one_shot_timer_pending
                0x20001fb0        0x1 CMakeFiles/IntegratedMotorController_code.dir/home/aleks/.pico-sdk/sdk/2.2.0/src/rp2_common/pico_stdio_usb/stdio_usb.c.o
 .bss.user_irq_claimed
                0x20001fb1        0x1 CMakeFiles/IntegratedMotorController_code.dir/home/aleks/.pico-sdk/sdk/2.2.0/src/rp2_common/hardware_irq/irq.c.o
 *(COMMON)
                0x20001fb4                        . = ALIGN (0x4)
 *fill*         0x20001fb2        0x2 
                0x20001fb4                        __bss_end__ = .

.heap           0x20001fb4      0x800 load address 0x10008ce0