Archive member included to satisfy reference by file (symbol)

/home/aleks/.pico-sdk/toolchain/14_2_Rel1/bin/../lib/gcc/arm-none-eabi/14.2.1/thumb/v6-m/nofp/libgcc.a(_dvmd_tls.o)
                              CMakeFiles/IntegratedMotorController_code.dir/home/aleks/.pico-sdk/sdk/2.2.0/src/rp2_common/pico_divider/divider_hardware.S.o (__aeabi_idiv0)
/home/aleks/.pico-sdk/toolchain/14_2_Rel1/bin/../lib/gcc/arm-none-eabi/14.2.1/../../../../arm-none-eabi/lib/thumb/v6-m/nofp/libg.a(libc_a-calloc.o)
                              CMakeFiles/IntegratedMotorController_code.dir/home/aleks/.pico-sdk/sdk/2.2.0/src/rp2_common/pico_malloc/malloc.c.o (calloc)
/home/aleks/.pico-sdk/toolchain/14_2_Rel1/bin/../lib/gcc/arm-none-eabi/14.2.1/../../../../arm-none-eabi/lib/thumb/v6-m/nofp/libg.a(libc_a-callocr.o)
                              /home/aleks/.pico-sdk/toolchain/14_2_Rel1/bin/../lib/gcc/arm-none-eabi/14.2.1/../../../../arm-none-eabi/lib/thumb/v6-m/nofp/libg.a(libc_a-calloc.o) (_calloc_r)
/home/aleks/.pico-sdk/toolchain/14_2_Rel1/bin/../lib/gcc/arm-none-eabi/14.2.1/../../../../arm-none-eabi/lib/thumb/v6-m/nofp/libg.a(libc_a-malloc.o)
                              CMakeFiles/IntegratedMotorController_code.dir/home/aleks/.pico-sdk/sdk/2.2.0/src/rp2_common/pico_malloc/malloc.c.o (malloc)
/home/aleks/.pico-sdk/toolchain/14_2_Rel1/bin/../lib/gcc/arm-none-eabi/14.2.1/../../../../arm-none-eabi/lib/thumb/v6-m/nofp/libg.a(libc_a-mallocr.o)
                              /home/aleks/.pico-sdk/toolchain/14_2_Rel1/bin/../lib/gcc/arm-none-eabi/14.2.1/../../../../arm-none-eabi/lib/thumb/v6-m/nofp/libg.a(libc_a-callocr.o) (_malloc_r)
/home/aleks/.pico-sdk/toolchain/14_2_Rel1/bin/../lib/gcc/arm-none-eabi/14.2.1/../../../../arm-none-eabi/lib/thumb/v6-m/nofp/libg.a(libc_a-mlock.o)
                              /home/aleks/.pico-sdk/toolchain/14_2_Rel1/bin/../lib/gcc/arm-none-eabi/14.2.1/../../../../arm-none-eabi/lib/thumb/v6-m/nofp/libg.a(libc_a-mallocr.o) (__malloc_lock)
/home/aleks/.pico-sdk/toolchain/14_2_Rel1/bin/../lib/gcc/arm-none-eabi/14.2.1/../../../../arm-none-eabi/lib/thumb/v6-m/nofp/libg.a(libc_a-realloc.o)
                              CMakeFiles/IntegratedMotorController_code.dir/home/aleks/.pico-sdk/sdk/2.2.0/src/rp2_common/pico_malloc/malloc.c.o (realloc)
/home/aleks/.pico-sdk/toolchain/14_2_Rel1/bin/../lib/gcc/arm-none-eabi/14.2.1/../../../../arm-none-eabi/lib/thumb/v6-m/nofp/libg.a(libc_a-reallocr.o)
                              /home/aleks/.pico-sdk/toolchain/14_2_Rel1/bin/../lib/gcc/arm-none-eabi/14.2.1/../../../../arm-none-eabi/lib/thumb/v6-m/nofp/libg.a(libc_a-realloc.o) (_realloc_r)
/home/aleks/.pico-sdk/toolchain/14_2_Rel1/bin/../lib/gcc/arm-none-eabi/14.2.1/../../../../arm-none-eabi/lib/thumb/v6-m/nofp/libg.a(libc_a-memcmp.o)
                              CMakeFiles/IntegratedMotorController_code.dir/home/aleks/.pico-sdk/sdk/2.2.0/src/rp2_common/pico_atomic/atomic.c.o (memcmp)
/home/aleks/.pico-sdk/toolchain/14_2_Rel1/bin/../lib/gcc/arm-none-eabi/14.2.1/../../../../arm-none-eabi/lib/thumb/v6-m/nofp/libg.a(libc_a-memmove.o)
                              /home/aleks/.pico-sdk/toolchain/14_2_Rel1/bin/../lib/gcc/arm-none-eabi/14.2.1/../../../../arm-none-eabi/lib/thumb/v6-m/nofp/libg.a(libc_a-reallocr.o) (memmove)
/home/aleks/.pico-sdk/toolchain/14_2_Rel1/bin/../lib/gcc/arm-none-eabi/14.2.1/../../../../arm-none-eabi/lib/thumb/v6-m/nofp/libg.a(libc_a-lcltime_r.o)
                              CMakeFiles/IntegratedMotorController_code.dir/home/aleks/.pico-sdk/sdk/2.2.0/src/common/pico_util/datetime.c.o (localtime_r)
/home/aleks/.pico-sdk/toolchain/14_2_Rel1/bin/../lib/gcc/arm-none-eabi/14.2.1/../../../../arm-none-eabi/lib/thumb/v6-m/nofp/libg.a(libc_a-mktime.o)
                              CMakeFiles/IntegratedMotorController_code.dir/home/aleks/.pico-sdk/sdk/2.2.0/src/common/pico_util/datetime.c.o (mktime)
/home/aleks/.pico-sdk/toolchain/14_2_Rel1/bin/../lib/gcc/arm-none-eabi/14.2.1/../../../../arm-none-eabi/lib/thumb/v6-m/nofp/libg.a(libc_a-month_lengths.o)
                              /home/aleks/.pico-sdk/toolchain/14_2_Rel1/bin/../lib/gcc/arm-none-eabi/14.2.1/../../../../arm-none-eabi/lib/thumb/v6-m/nofp/libg.a(libc_a-lcltime_r.o) (__month_lengths)
/home/aleks/.pico-sdk/toolchain/14_2_Rel1/bin/../lib/gcc/arm-none-eabi/14.2.1/../../../../arm-none-eabi/lib/thumb/v6-m/nofp/libg.a(libc_a-tzcalc_limits.o)
                              /home/aleks/.pico-sdk/toolchain/14_2_Rel1/bin/../lib/gcc/arm-none-eabi/14.2.1/../../../../arm-none-eabi/lib/thumb/v6-m/nofp/libg.a(libc_a-lcltime_r.o) (__tzcalc_limits)
/home/aleks/.pico-sdk/toolchain/14_2_Rel1/bin/../lib/gcc/arm-none-eabi/14.2.1/../../../../arm-none-eabi/lib/thumb/v6-m/nofp/libg.a(libc_a-tzlock.o)
                              /home/aleks/.pico-sdk/toolchain/14_2_Rel1/bin/../lib/gcc/arm-none-eabi/14.2.1/../../../../arm-none-eabi/lib/thumb/v6-m/nofp/libg.a(libc_a-lcltime_r.o) (__tz_lock)
[...]
Memory Configuration

Name             Origin             Length             Attributes
FLASH            0x10000000         0x00200000         xr
RAM              0x20000000         0x00040000         xrw
SCRATCH_X        0x20040000         0x00001000         xrw
SCRATCH_Y        0x20041000         0x00001000         xrw
*default*        0x00000000         0xffffffff

Linker script and memory map

LOAD /home/aleks/.pico-sdk/toolchain/14_2_Rel1/bin/../lib/gcc/arm-none-eabi/14.2.1/thumb/v6-m/nofp/crti.o
LOAD /home/aleks/.pico-sdk/toolchain/14_2_Rel1/bin/../lib/gcc/arm-none-eabi/14.2.1/thumb/v6-m/nofp/crtbegin.o
LOAD /home/aleks/.pico-sdk/toolchain/14_2_Rel1/bin/../lib/gcc/arm-none-eabi/14.2.1/../../../../arm-none-eabi/lib/thumb/v6-m/nofp/crt0.o

.flash_begin    0x10000000        0x0
                0x10000000                        __flash_binary_start = .

.boot2          0x10000000      0x100
                0x10000000                        __boot2_start__ = .
 *(.boot2)
 .boot2         0x10000000      0x100 pico-sdk/src/rp2040/boot_stage2/CMakeFiles/bs2_default_library.dir/./bs2_default_padded_checksummed.S.o
                0x10000100                        __boot2_end__ = .
                0x00000001                        ASSERT (((__boot2_end__ - __boot2_start__) == 0x100), ERROR: Pico second stage bootloader must be 256 bytes in size)

.text           0x10000100     0x7ad4
                0x10000100                        __logical_binary_start = .
 *(.vectors)
 .vectors       0x10000100       0xd4 CMakeFiles/IntegratedMotorController_code.dir/home/aleks/.pico-sdk/sdk/2.2.0/src/rp2_common/pico_crt0/crt0.S.o
                0x10000100                __vectors
                0x10000100                __VECTOR_TABLE
                0x100001c0                isr_irq30
                0x100001c0                __unhandled_user_irq
                0x100001c0                isr_irq13
                0x100001c0                isr_irq27
                0x100001c0                isr_irq31
                0x100001c0                isr_irq5
                0x100001c0                isr_irq11
                0x100001c0                isr_irq23
                0x100001c0                isr_irq18
                0x100001c0                isr_irq28
                0x100001c0                isr_irq19
                0x100001c0                isr_irq0
                0x100001c0                isr_irq6
                0x100001c0                isr_irq22
                0x100001c0                isr_irq17
                0x100001c0                isr_irq14
                0x100001c0                __vectors_end
                0x100001c0                __default_isrs_start
                0x100001c0                isr_irq2
                0x100001c0                isr_irq10
                0x100001c0                isr_irq8
                0x100001c0                isr_irq24
                0x100001c0                isr_irq1
                0x100001c0                isr_irq7
                0x100001c0                isr_irq21
                0x100001c0                isr_irq20
                0x100001c0                isr_irq15
                0x100001c0                isr_irq25
                0x100001c0                isr_irq4
                0x100001c0                isr_irq16
                0x100001c0                isr_irq29
                0x100001c0                isr_irq26
                0x100001c0                isr_irq3
                0x100001c0                isr_irq12
                0x100001c0                isr_irq9
                0x100001c6                unhandled_user_irq_num_in_r0
                0x100001c8                isr_invalid
                0x100001ca                isr_nmi
                0x100001cc                isr_hardfault
                0x100001ce                isr_svcall
                0x100001d0                isr_pendsv
                0x100001d2                isr_systick
                0x100001d4                __default_isrs_end
 *(.binary_info_header)
 .binary_info_header
                0x100001d4       0x14 CMakeFiles/IntegratedMotorController_code.dir/home/aleks/.pico-sdk/sdk/2.2.0/src/rp2_common/pico_crt0/crt0.S.o
                0x100001e8                        __binary_info_header_end = .
 *(.embedded_block)
                0x100001e8                        __embedded_block_end = .
 *(.reset)
 .reset         0x100001e8       0x9c CMakeFiles/IntegratedMotorController_code.dir/home/aleks/.pico-sdk/sdk/2.2.0/src/rp2_common/pico_crt0/crt0.S.o
                0x100001e8                _entry_point
 *(.init)
 .init          0x10000284        0x4 /home/aleks/.pico-sdk/toolchain/14_2_Rel1/bin/../lib/gcc/arm-none-eabi/14.2.1/thumb/v6-m/nofp/crti.o
                0x10000284                _init
 *(EXCLUDE_FILE(*libm.a: *libc.a:*lib_a-mem*.o *libgcc.a:) .text*)
 .text.register_tm_clones
                0x10000288       0x28 /home/aleks/.pico-sdk/toolchain/14_2_Rel1/bin/../lib/gcc/arm-none-eabi/14.2.1/thumb/v6-m/nofp/crtbegin.o
 .text.frame_dummy
                0x100002b0       0x24 /home/aleks/.pico-sdk/toolchain/14_2_Rel1/bin/../lib/gcc/arm-none-eabi/14.2.1/thumb/v6-m/nofp/crtbegin.o
 .text.adc_gpio_init
                0x100002d4       0x20 CMakeFiles/IntegratedMotorController_code.dir/src/main.c.o
 .text.i2c_test_init
                0x100002f4       0xcc CMakeFiles/IntegratedMotorController_code.dir/src/main.c.o
 .text.scan_i2c
                0x100003c0       0xa4 CMakeFiles/IntegratedMotorController_code.dir/src/main.c.o
 .text.i2c_read_reg16.constprop.2
                0x10000464       0x90 CMakeFiles/IntegratedMotorController_code.dir/src/main.c.o
 .text.startup.main
                0x100004f4      0x638 CMakeFiles/IntegratedMotorController_code.dir/src/main.c.o
                0x100004f4                main
 .text.gpio_set_function
                0x10000b2c       0x34 CMakeFiles/IntegratedMotorController_code.dir/home/aleks/.pico-sdk/sdk/2.2.0/src/rp2_common/hardware_gpio/gpio.c.o
                0x10000b2c                gpio_set_function
 .text.gpio_set_pulls
                0x10000b60       0x28 CMakeFiles/IntegratedMotorController_code.dir/home/aleks/.pico-sdk/sdk/2.2.0/src/rp2_common/hardware_gpio/gpio.c.o
                0x10000b60                gpio_set_pulls
 .text.gpio_set_input_enabled
                0x10000b88       0x28 CMakeFiles/IntegratedMotorController_code.dir/home/aleks/.pico-sdk/sdk/2.2.0/src/rp2_common/hardware_gpio/gpio.c.o
                0x10000b88                gpio_set_input_enabled
 .text.gpio_init
                0x10000bb0       0x40 CMakeFiles/IntegratedMotorController_code.dir/home/aleks/.pico-sdk/sdk/2.2.0/src/rp2_common/hardware_gpio/gpio.c.o
                0x10000bb0                gpio_init
 .text.rp2040_chip_version
                0x10000bf0        0xc CMakeFiles/IntegratedMotorController_code.dir/home/aleks/.pico-sdk/sdk/2.2.0/src/rp2040/pico_platform/platform.c.o
                0x10000bf0                rp2040_chip_version
 .text.panic    0x10000bfc       0x30 CMakeFiles/IntegratedMotorController_code.dir/home/aleks/.pico-sdk/sdk/2.2.0/src/rp2_common/pico_platform_panic/panic.c.o
                0x10000bfc                panic
 .text.hw_claim_or_assert
                0x10000c2c       0x44 CMakeFiles/IntegratedMotorController_code.dir/home/aleks/.pico-sdk/sdk/2.2.0/src/common/hardware_claim/claim.c.o
                0x10000c2c                hw_claim_or_assert
 .text.hw_claim_unused_from_range
                0x10000c70       0x88 CMakeFiles/IntegratedMotorController_code.dir/home/aleks/.pico-sdk/sdk/2.2.0/src/common/hardware_claim/claim.c.o
                0x10000c70                hw_claim_unused_from_range
 .text.next_striped_spin_lock_num
                0x10000cf8       0x18 CMakeFiles/IntegratedMotorController_code.dir/home/aleks/.pico-sdk/sdk/2.2.0/src/rp2_common/hardware_sync/sync.c.o
                0x10000cf8                next_striped_spin_lock_num
 .text.spin_lock_claim_unused
                0x10000d10       0x24 CMakeFiles/IntegratedMotorController_code.dir/home/aleks/.pico-sdk/sdk/2.2.0/src/rp2_common/hardware_sync/sync.c.o
                0x10000d10                spin_lock_claim_unused
 .text.spin_locks_reset
                0x10000d34       0x1c CMakeFiles/IntegratedMotorController_code.dir/home/aleks/.pico-sdk/sdk/2.2.0/src/rp2_common/hardware_sync_spin_lock/sync_spin_lock.c.o
                0x10000d34                spin_locks_reset
 .text.runtime_init_per_core_irq_priorities
                0x10000d50       0x24 CMakeFiles/IntegratedMotorController_code.dir/home/aleks/.pico-sdk/sdk/2.2.0/src/rp2_common/hardware_irq/irq.c.o
                0x10000d50                runtime_init_per_core_irq_priorities
 .text.irq_set_enabled
                0x10000d74       0x24 CMakeFiles/IntegratedMotorController_code.dir/home/aleks/.pico-sdk/sdk/2.2.0/src/rp2_common/hardware_irq/irq.c.o
                0x10000d74                irq_set_enabled
 .text.irq_is_enabled
                0x10000d98       0x18 CMakeFiles/IntegratedMotorController_code.dir/home/aleks/.pico-sdk/sdk/2.2.0/src/rp2_common/hardware_irq/irq.c.o
                0x10000d98                irq_is_enabled
 .text.irq_set_pending
                0x10000db0       0x10 CMakeFiles/IntegratedMotorController_code.dir/home/aleks/.pico-sdk/sdk/2.2.0/src/rp2_common/hardware_irq/irq.c.o
                0x10000db0                irq_set_pending
 .text.irq_has_shared_handler
                0x10000dc0       0x24 CMakeFiles/IntegratedMotorController_code.dir/home/aleks/.pico-sdk/sdk/2.2.0/src/rp2_common/hardware_irq/irq.c.o
                0x10000dc0                irq_has_shared_handler
 .text.irq_set_exclusive_handler
                0x10000de4       0x54 CMakeFiles/IntegratedMotorController_code.dir/home/aleks/.pico-sdk/sdk/2.2.0/src/rp2_common/hardware_irq/irq.c.o
                0x10000de4                irq_set_exclusive_handler
 .text.irq_add_shared_handler
                0x10000e38      0x1f4 CMakeFiles/IntegratedMotorController_code.dir/home/aleks/.pico-sdk/sdk/2.2.0/src/rp2_common/hardware_irq/irq.c.o
                0x10000e38                irq_add_shared_handler
 .text.irq_add_tail_to_free_list
                0x1000102c       0xb4 CMakeFiles/IntegratedMotorController_code.dir/home/aleks/.pico-sdk/sdk/2.2.0/src/rp2_common/hardware_irq/irq.c.o
                0x1000102c                irq_add_tail_to_free_list
 .text.user_irq_claim_unused
                0x100010e0       0x2c CMakeFiles/IntegratedMotorController_code.dir/home/aleks/.pico-sdk/sdk/2.2.0/src/rp2_common/hardware_irq/irq.c.o
                0x100010e0                user_irq_claim_unused
 .text.lock_init
                0x1000110c       0x10 CMakeFiles/IntegratedMotorController_code.dir/home/aleks/.pico-sdk/sdk/2.2.0/src/common/pico_sync/lock_core.c.o
                0x1000110c                lock_init
 .text.runtime_init_mutex
                0x1000111c       0x50 CMakeFiles/IntegratedMotorController_code.dir/home/aleks/.pico-sdk/sdk/2.2.0/src/common/pico_sync/mutex.c.o
                0x1000111c                runtime_init_mutex
 .text.mutex_init
                0x1000116c       0x1c CMakeFiles/IntegratedMotorController_code.dir/home/aleks/.pico-sdk/sdk/2.2.0/src/common/pico_sync/mutex.c.o
                0x1000116c                mutex_init
 .text.critical_section_init
                0x10001188       0x1c CMakeFiles/IntegratedMotorController_code.dir/home/aleks/.pico-sdk/sdk/2.2.0/src/common/pico_sync/critical_section.c.o
                0x10001188                critical_section_init
 .text.critical_section_init_with_lock_num
                0x100011a4       0x14 CMakeFiles/IntegratedMotorController_code.dir/home/aleks/.pico-sdk/sdk/2.2.0/src/common/pico_sync/critical_section.c.o
                0x100011a4                critical_section_init_with_lock_num
 .text.sleep_until_callback
                0x100011b8       0x30 CMakeFiles/IntegratedMotorController_code.dir/home/aleks/.pico-sdk/sdk/2.2.0/src/common/pico_time/time.c.o
 .text.alarm_pool_irq_handler
                0x100011e8      0x300 CMakeFiles/IntegratedMotorController_code.dir/home/aleks/.pico-sdk/sdk/2.2.0/src/common/pico_time/time.c.o
 .text.runtime_init_default_alarm_pool
                0x100014e8       0xdc CMakeFiles/IntegratedMotorController_code.dir/home/aleks/.pico-sdk/sdk/2.2.0/src/common/pico_time/time.c.o
                0x100014e8                runtime_init_default_alarm_pool
 .text.alarm_pool_get_default
                0x100015c4        0x8 CMakeFiles/IntegratedMotorController_code.dir/home/aleks/.pico-sdk/sdk/2.2.0/src/common/pico_time/time.c.o
                0x100015c4                alarm_pool_get_default
 .text.alarm_pool_add_alarm_at
                0x100015cc       0xd0 CMakeFiles/IntegratedMotorController_code.dir/home/aleks/.pico-sdk/sdk/2.2.0/src/common/pico_time/time.c.o
                0x100015cc                alarm_pool_add_alarm_at
 .text.alarm_pool_add_alarm_at_force_in_context
                0x1000169c       0xb0 CMakeFiles/IntegratedMotorController_code.dir/home/aleks/.pico-sdk/sdk/2.2.0/src/common/pico_time/time.c.o
                0x1000169c                alarm_pool_add_alarm_at_force_in_context
 .text.alarm_pool_cancel_alarm
                0x1000174c       0x74 CMakeFiles/IntegratedMotorController_code.dir/home/aleks/.pico-sdk/sdk/2.2.0/src/common/pico_time/time.c.o
                0x1000174c                alarm_pool_cancel_alarm
 .text.alarm_pool_core_num
                0x100017c0        0x4 CMakeFiles/IntegratedMotorController_code.dir/home/aleks/.pico-sdk/sdk/2.2.0/src/common/pico_time/time.c.o
                0x100017c0                alarm_pool_core_num
 .text.sleep_us
                0x100017c4       0xec CMakeFiles/IntegratedMotorController_code.dir/home/aleks/.pico-sdk/sdk/2.2.0/src/common/pico_time/time.c.o
                0x100017c4                sleep_us
 .text.sleep_ms
                0x100018b0       0xfc CMakeFiles/IntegratedMotorController_code.dir/home/aleks/.pico-sdk/sdk/2.2.0/src/common/pico_time/time.c.o
                0x100018b0                sleep_ms
 .text.best_effort_wfe_or_timeout
                0x100019ac      0x10c CMakeFiles/IntegratedMotorController_code.dir/home/aleks/.pico-sdk/sdk/2.2.0/src/common/pico_time/time.c.o
                0x100019ac                best_effort_wfe_or_timeout
 .text.check_single_timeout_us
                0x10001ab8       0x24 CMakeFiles/IntegratedMotorController_code.dir/home/aleks/.pico-sdk/sdk/2.2.0/src/common/pico_time/timeout_helper.c.o
 .text.init_single_timeout_until
                0x10001adc        0xc CMakeFiles/IntegratedMotorController_code.dir/home/aleks/.pico-sdk/sdk/2.2.0/src/common/pico_time/timeout_helper.c.o
                0x10001adc                init_single_timeout_until
 .text.timer_hardware_alarm_claim
                0x10001ae8       0x14 CMakeFiles/IntegratedMotorController_code.dir/home/aleks/.pico-sdk/sdk/2.2.0/src/rp2_common/hardware_timer/timer.c.o
                0x10001ae8                timer_hardware_alarm_claim
 .text.timer_time_us_64
                0x10001afc       0x10 CMakeFiles/IntegratedMotorController_code.dir/home/aleks/.pico-sdk/sdk/2.2.0/src/rp2_common/hardware_timer/timer.c.o
                0x10001afc                timer_time_us_64
 .text.time_us_64
                0x10001b0c       0x14 CMakeFiles/IntegratedMotorController_code.dir/home/aleks/.pico-sdk/sdk/2.2.0/src/rp2_common/hardware_timer/timer.c.o
                0x10001b0c                time_us_64
 .text.busy_wait_us
                0x10001b20       0x68 CMakeFiles/IntegratedMotorController_code.dir/home/aleks/.pico-sdk/sdk/2.2.0/src/rp2_common/hardware_timer/timer.c.o
                0x10001b20                busy_wait_us
 .text.busy_wait_until
                0x10001b88       0x20 CMakeFiles/IntegratedMotorController_code.dir/home/aleks/.pico-sdk/sdk/2.2.0/src/rp2_common/hardware_timer/timer.c.o
                0x10001b88                busy_wait_until
 .text.clock_configure_int_divider
                0x10001ba8       0xf4 CMakeFiles/IntegratedMotorController_code.dir/home/aleks/.pico-sdk/sdk/2.2.0/src/rp2_common/hardware_clocks/clocks.c.o
                0x10001ba8                clock_configure_int_divider
 .text.clock_configure_undivided
                0x10001c9c       0xe8 CMakeFiles/IntegratedMotorController_code.dir/home/aleks/.pico-sdk/sdk/2.2.0/src/rp2_common/hardware_clocks/clocks.c.o
                0x10001c9c                clock_configure_undivided
 .text.clock_get_hz
                0x10001d84        0xc CMakeFiles/IntegratedMotorController_code.dir/home/aleks/.pico-sdk/sdk/2.2.0/src/rp2_common/hardware_clocks/clocks.c.o
                0x10001d84                clock_get_hz
 .text.pll_init
                0x10001d90       0xa4 CMakeFiles/IntegratedMotorController_code.dir/home/aleks/.pico-sdk/sdk/2.2.0/src/rp2_common/hardware_pll/pll.c.o
                0x10001d90                pll_init
 .text.watchdog_reboot
                0x10001e34       0x9c CMakeFiles/IntegratedMotorController_code.dir/home/aleks/.pico-sdk/sdk/2.2.0/src/rp2_common/hardware_watchdog/watchdog.c.o
                0x10001e34                watchdog_reboot
 .text.tick_start
                0x10001ed0       0x10 CMakeFiles/IntegratedMotorController_code.dir/home/aleks/.pico-sdk/sdk/2.2.0/src/rp2_common/hardware_ticks/ticks.c.o
                0x10001ed0                tick_start
 .text.rom_func_lookup
                0x10001ee0       0x10 CMakeFiles/IntegratedMotorController_code.dir/home/aleks/.pico-sdk/sdk/2.2.0/src/rp2_common/pico_bootrom/bootrom.c.o
                0x10001ee0                rom_func_lookup
 .text.rom_data_lookup
                0x10001ef0       0x10 CMakeFiles/IntegratedMotorController_code.dir/home/aleks/.pico-sdk/sdk/2.2.0/src/rp2_common/pico_bootrom/bootrom.c.o
                0x10001ef0                rom_data_lookup
 .text.rom_funcs_lookup
                0x10001f00       0x44 CMakeFiles/IntegratedMotorController_code.dir/home/aleks/.pico-sdk/sdk/2.2.0/src/rp2_common/pico_bootrom/bootrom.c.o
                0x10001f00                rom_funcs_lookup
 .text.rom_reset_usb_boot_extra
                0x10001f44       0x24 CMakeFiles/IntegratedMotorController_code.dir/home/aleks/.pico-sdk/sdk/2.2.0/src/rp2_common/pico_bootrom/bootrom.c.o
                0x10001f44                rom_reset_usb_boot_extra
 .text.xosc_init
                0x10001f68       0x28 CMakeFiles/IntegratedMotorController_code.dir/home/aleks/.pico-sdk/sdk/2.2.0/src/rp2_common/hardware_xosc/xosc.c.o
                0x10001f68                xosc_init
 .text.first_per_core_initializer
                0x10001f90        0x4 CMakeFiles/IntegratedMotorController_code.dir/home/aleks/.pico-sdk/sdk/2.2.0/src/rp2_common/pico_runtime/runtime.c.o
 .text.hard_assertion_failure
                0x10001f94        0xc CMakeFiles/IntegratedMotorController_code.dir/home/aleks/.pico-sdk/sdk/2.2.0/src/rp2_common/pico_runtime/runtime.c.o
                0x10001f94                hard_assertion_failure
 .text.runtime_run_initializers
                0x10001fa0       0x28 CMakeFiles/IntegratedMotorController_code.dir/home/aleks/.pico-sdk/sdk/2.2.0/src/rp2_common/pico_runtime/runtime.c.o
                0x10001fa0                runtime_run_initializers
 .text.runtime_init_early_resets
                0x10001fc8       0x2c CMakeFiles/IntegratedMotorController_code.dir/home/aleks/.pico-sdk/sdk/2.2.0/src/rp2_common/pico_runtime_init/runtime_init.c.o
                0x10001fc8                runtime_init_early_resets
 .text.runtime_init_usb_power_down
                0x10001ff4       0x1c CMakeFiles/IntegratedMotorController_code.dir/home/aleks/.pico-sdk/sdk/2.2.0/src/rp2_common/pico_runtime_init/runtime_init.c.o
                0x10001ff4                runtime_init_usb_power_down
 .text.runtime_init_post_clock_resets
                0x10002010       0x20 CMakeFiles/IntegratedMotorController_code.dir/home/aleks/.pico-sdk/sdk/2.2.0/src/rp2_common/pico_runtime_init/runtime_init.c.o
                0x10002010                runtime_init_post_clock_resets
 .text.runtime_init_rp2040_gpio_ie_disable
                0x10002030       0x14 CMakeFiles/IntegratedMotorController_code.dir/home/aleks/.pico-sdk/sdk/2.2.0/src/rp2_common/pico_runtime_init/runtime_init.c.o
                0x10002030                runtime_init_rp2040_gpio_ie_disable
 .text.runtime_init_spin_locks_reset
                0x10002044        0x8 CMakeFiles/IntegratedMotorController_code.dir/home/aleks/.pico-sdk/sdk/2.2.0/src/rp2_common/pico_runtime_init/runtime_init.c.o
                0x10002044                runtime_init_spin_locks_reset
 .text.runtime_init_install_ram_vector_table
                0x1000204c       0xb4 CMakeFiles/IntegratedMotorController_code.dir/home/aleks/.pico-sdk/sdk/2.2.0/src/rp2_common/pico_runtime_init/runtime_init.c.o
                0x1000204c                runtime_init_install_ram_vector_table
 .text.runtime_init_clocks
                0x10002100       0xd8 CMakeFiles/IntegratedMotorController_code.dir/home/aleks/.pico-sdk/sdk/2.2.0/src/rp2_common/pico_runtime_init/runtime_init_clocks.c.o
                0x10002100                runtime_init_clocks
 .text          0x100021d8       0x10 CMakeFiles/IntegratedMotorController_code.dir/home/aleks/.pico-sdk/sdk/2.2.0/src/rp2_common/pico_bit_ops/bit_ops_aeabi.S.o
 .text.__wrap___aeabi_idiv
                0x100021e8       0x50 CMakeFiles/IntegratedMotorController_code.dir/home/aleks/.pico-sdk/sdk/2.2.0/src/rp2_common/pico_divider/divider_hardware.S.o
                0x100021e8                __wrap___aeabi_idivmod
                0x100021e8                divmod_s32s32
                0x100021e8                div_s32s32
                0x100021e8                __wrap___aeabi_idiv
                0x100021f0                divmod_s32s32_unsafe
                0x1000221c                divmod_s32s32_savestate
 .text.__wrap___aeabi_uidiv
                0x10002238       0x4c CMakeFiles/IntegratedMotorController_code.dir/home/aleks/.pico-sdk/sdk/2.2.0/src/rp2_common/pico_divider/divider_hardware.S.o
                0x10002238                __wrap___aeabi_uidiv
                0x10002238                __wrap___aeabi_uidivmod
                0x10002238                div_u32u32
                0x10002238                divmod_u32u32
                0x10002240                divmod_u32u32_unsafe
                0x10002268                divmod_u32u32_savestate
 .text.__wrap___aeabi_ldiv
                0x10002284      0x424 CMakeFiles/IntegratedMotorController_code.dir/home/aleks/.pico-sdk/sdk/2.2.0/src/rp2_common/pico_divider/divider_hardware.S.o
                0x10002284                div_s64s64
                0x10002284                divmod_s64s64
                0x10002284                __wrap___aeabi_ldivmod
                0x100022b4                div_u64u64
                0x100022b4                divmod_u64u64
                0x100022b4                __wrap___aeabi_uldivmod
                0x100022c4                divmod_u64u64_savestate
                0x100022e4                divmod_s64s64_unsafe
                0x1000236c                divmod_u64u64_unsafe
 .text.__wrap___aeabi_darithmetic
                0x100026a8       0x80 CMakeFiles/IntegratedMotorController_code.dir/home/aleks/.pico-sdk/sdk/2.2.0/src/rp2_common/pico_double/double_aeabi_rp2040.S.o
                0x100026a8                __wrap___aeabi_drsub
                0x100026ae                __wrap___aeabi_dsub
                0x100026c0                __wrap___aeabi_dadd
                0x100026d2                __wrap___aeabi_ddiv
                0x1000270e                __wrap___aeabi_dmul
 .text.__wrap___aeabi_cdcmple
                0x10002728       0x6c CMakeFiles/IntegratedMotorController_code.dir/home/aleks/.pico-sdk/sdk/2.2.0/src/rp2_common/pico_double/double_aeabi_rp2040.S.o
                0x10002728                __wrap___aeabi_cdrcmple
                0x10002738                __wrap___aeabi_cdcmple
                0x10002738                __wrap___aeabi_cdcmpeq
 .text.__wrap___aeabi_dcmplt
                0x10002794        0xc CMakeFiles/IntegratedMotorController_code.dir/home/aleks/.pico-sdk/sdk/2.2.0/src/rp2_common/pico_double/double_aeabi_rp2040.S.o
                0x10002794                __wrap___aeabi_dcmplt
 .text.__wrap___aeabi_dcmple
                0x100027a0       0x10 CMakeFiles/IntegratedMotorController_code.dir/home/aleks/.pico-sdk/sdk/2.2.0/src/rp2_common/pico_double/double_aeabi_rp2040.S.o
                0x100027a0                __wrap___aeabi_dcmple
 .text.__wrap___aeabi_dcmpge
                0x100027b0       0x10 CMakeFiles/IntegratedMotorController_code.dir/home/aleks/.pico-sdk/sdk/2.2.0/src/rp2_common/pico_double/double_aeabi_rp2040.S.o
                0x100027b0                __wrap___aeabi_dcmpge
 .text.__wrap___aeabi_dcmpgt
                0x100027c0        0xa CMakeFiles/IntegratedMotorController_code.dir/home/aleks/.pico-sdk/sdk/2.2.0/src/rp2_common/pico_double/double_aeabi_rp2040.S.o
                0x100027c0                __wrap___aeabi_dcmpgt
 .text.__wrap___aeabi_dcmpun
                0x100027ca       0x18 CMakeFiles/IntegratedMotorController_code.dir/home/aleks/.pico-sdk/sdk/2.2.0/src/rp2_common/pico_double/double_aeabi_rp2040.S.o
                0x100027ca                __wrap___aeabi_dcmpun
 *fill*         0x100027e2        0x2 
 .text.__wrap___aeabi_i2d
                0x100027e4       0x38 CMakeFiles/IntegratedMotorController_code.dir/home/aleks/.pico-sdk/sdk/2.2.0/src/rp2_common/pico_double/double_aeabi_rp2040.S.o
                0x100027e4                __wrap___aeabi_ui2d
                0x100027e4                uint2double
                0x100027ec                __wrap___aeabi_i2d
                0x100027ec                int2double
 .text.__wrap___aeabi_d2iz
                0x1000281c       0x48 CMakeFiles/IntegratedMotorController_code.dir/home/aleks/.pico-sdk/sdk/2.2.0/src/rp2_common/pico_double/double_aeabi_rp2040.S.o
                0x1000281c                __wrap___aeabi_d2iz
                0x1000281c                double2int_z
 .text.__wrap___aeabi_d2uiz
                0x10002864       0x18 CMakeFiles/IntegratedMotorController_code.dir/home/aleks/.pico-sdk/sdk/2.2.0/src/rp2_common/pico_double/double_aeabi_rp2040.S.o
                0x10002864                double2uint_z
                0x10002864                double2uint
                0x10002864                __wrap___aeabi_d2uiz
 .text.__aeabi_double_init
                0x1000287c       0xa4 CMakeFiles/IntegratedMotorController_code.dir/home/aleks/.pico-sdk/sdk/2.2.0/src/rp2_common/pico_double/double_init_rom_rp2040.c.o
                0x1000287c                __aeabi_double_init
 .text.double_table_shim_on_use_helper
                0x10002920       0x2c CMakeFiles/IntegratedMotorController_code.dir/home/aleks/.pico-sdk/sdk/2.2.0/src/rp2_common/pico_double/double_v1_rom_shim_rp2040.S.o
                0x10002920                double_table_shim_on_use_helper
 .text.__wrap___aeabi_dsub
                0x1000294c       0x10 CMakeFiles/IntegratedMotorController_code.dir/home/aleks/.pico-sdk/sdk/2.2.0/src/rp2_common/pico_double/double_v1_rom_shim_rp2040.S.o
                0x1000294c                drsub_shim
                0x10002952                dsub_shim
 .text.dadd_shim
                0x1000295c      0x15c CMakeFiles/IntegratedMotorController_code.dir/home/aleks/.pico-sdk/sdk/2.2.0/src/rp2_common/pico_double/double_v1_rom_shim_rp2040.S.o
                0x1000295c                dadd_shim
 .text.dmul_shim
                0x10002ab8      0x15c CMakeFiles/IntegratedMotorController_code.dir/home/aleks/.pico-sdk/sdk/2.2.0/src/rp2_common/pico_double/double_v1_rom_shim_rp2040.S.o
                0x10002ab8                dmul_shim
 .text.ddiv_shim
                0x10002c14      0x1b0 CMakeFiles/IntegratedMotorController_code.dir/home/aleks/.pico-sdk/sdk/2.2.0/src/rp2_common/pico_double/double_v1_rom_shim_rp2040.S.o
                0x10002c14                ddiv_shim
 .text.double2uint_shim
                0x10002dc4        0xe CMakeFiles/IntegratedMotorController_code.dir/home/aleks/.pico-sdk/sdk/2.2.0/src/rp2_common/pico_double/double_v1_rom_shim_rp2040.S.o
                0x10002dc4                double2uint_shim
                0x10002dc6                double2ufix_shim
 *fill*         0x10002dd2        0x2 
 .text.double2uint64_shim
                0x10002dd4       0x70 CMakeFiles/IntegratedMotorController_code.dir/home/aleks/.pico-sdk/sdk/2.2.0/src/rp2_common/pico_double/double_v1_rom_shim_rp2040.S.o
                0x10002dd4                double2uint64_shim
                0x10002dd6                double2ufix64_shim
                0x10002df6                d2fix_a
 .text.dunpacks
                0x10002e44       0x3c CMakeFiles/IntegratedMotorController_code.dir/home/aleks/.pico-sdk/sdk/2.2.0/src/rp2_common/pico_double/double_v1_rom_shim_rp2040.S.o
                0x10002e44                dunpacks
 .text.__aeabi_lmul
                0x10002e80       0x32 CMakeFiles/IntegratedMotorController_code.dir/home/aleks/.pico-sdk/sdk/2.2.0/src/rp2_common/pico_int64_ops/pico_int64_ops_aeabi.S.o
                0x10002e80                __wrap___aeabi_lmul
 *fill*         0x10002eb2        0x2 
 .text.__wrap___aeabi_farithmetic
                0x10002eb4       0x48 CMakeFiles/IntegratedMotorController_code.dir/home/aleks/.pico-sdk/sdk/2.2.0/src/rp2_common/pico_float/float_aeabi_rp2040.S.o
                0x10002eb4                __wrap___aeabi_frsub
                0x10002eba                __wrap___aeabi_fsub
                0x10002ec0                __wrap___aeabi_fadd
                0x10002ec6                __wrap___aeabi_fdiv
                0x10002eee                __wrap___aeabi_fmul
 .text.__wrap___aeabi_ui2f
                0x10002efc        0xa CMakeFiles/IntegratedMotorController_code.dir/home/aleks/.pico-sdk/sdk/2.2.0/src/rp2_common/pico_float/float_aeabi_rp2040.S.o
                0x10002efc                uint2float
                0x10002efc                __wrap___aeabi_ui2f
 *fill*         0x10002f06        0x2 
 .text.__wrap___aeabi_i2f
                0x10002f08       0x44 CMakeFiles/IntegratedMotorController_code.dir/home/aleks/.pico-sdk/sdk/2.2.0/src/rp2_common/pico_float/float_aeabi_rp2040.S.o
                0x10002f08                int2float
                0x10002f08                __wrap___aeabi_i2f
 .text.__wrap___aeabi_f2d
                0x10002f4c       0x14 CMakeFiles/IntegratedMotorController_code.dir/home/aleks/.pico-sdk/sdk/2.2.0/src/rp2_common/pico_float/float_aeabi_rp2040.S.o
                0x10002f4c                __wrap___aeabi_f2d
 .text.__aeabi_float_init
                0x10002f60       0x64 CMakeFiles/IntegratedMotorController_code.dir/home/aleks/.pico-sdk/sdk/2.2.0/src/rp2_common/pico_float/float_init_rom_rp2040.c.o
                0x10002f60                __aeabi_float_init
 .text.float_table_shim_on_use_helper
                0x10002fc4       0x2c CMakeFiles/IntegratedMotorController_code.dir/home/aleks/.pico-sdk/sdk/2.2.0/src/rp2_common/pico_float/float_v1_rom_shim_rp2040.S.o
                0x10002fc4                float_table_shim_on_use_helper
 .text.float2double_shim
                0x10002ff0       0x30 CMakeFiles/IntegratedMotorController_code.dir/home/aleks/.pico-sdk/sdk/2.2.0/src/rp2_common/pico_float/float_v1_rom_shim_rp2040.S.o
                0x10002ff0                float2double_shim
 .text          0x10003020       0x10 CMakeFiles/IntegratedMotorController_code.dir/home/aleks/.pico-sdk/sdk/2.2.0/src/rp2_common/pico_mem_ops/mem_ops_aeabi.S.o
                0x10003020                __aeabi_mem_init
 .text.memset   0x10003030        0xc CMakeFiles/IntegratedMotorController_code.dir/home/aleks/.pico-sdk/sdk/2.2.0/src/rp2_common/pico_mem_ops/mem_ops_aeabi.S.o
                0x10003030                __wrap_memset
 .text.memcpy   0x1000303c        0xc CMakeFiles/IntegratedMotorController_code.dir/home/aleks/.pico-sdk/sdk/2.2.0/src/rp2_common/pico_mem_ops/mem_ops_aeabi.S.o
                0x1000303c                __wrap___aeabi_memcpy
                0x1000303c                __wrap_memcpy
 .text._out_null
                0x10003048        0x4 CMakeFiles/IntegratedMotorController_code.dir/home/aleks/.pico-sdk/sdk/2.2.0/src/rp2_common/pico_printf/printf.c.o
 .text._out_rev
                0x1000304c       0xac CMakeFiles/IntegratedMotorController_code.dir/home/aleks/.pico-sdk/sdk/2.2.0/src/rp2_common/pico_printf/printf.c.o
 .text._ntoa_format
                0x100030f8      0x1cc CMakeFiles/IntegratedMotorController_code.dir/home/aleks/.pico-sdk/sdk/2.2.0/src/rp2_common/pico_printf/printf.c.o
 .text._out_char
                0x100032c4       0x10 CMakeFiles/IntegratedMotorController_code.dir/home/aleks/.pico-sdk/sdk/2.2.0/src/rp2_common/pico_printf/printf.c.o
 .text._out_fct
                0x100032d4       0x10 CMakeFiles/IntegratedMotorController_code.dir/home/aleks/.pico-sdk/sdk/2.2.0/src/rp2_common/pico_printf/printf.c.o
 .text._ftoa    0x100032e4      0x4a8 CMakeFiles/IntegratedMotorController_code.dir/home/aleks/.pico-sdk/sdk/2.2.0/src/rp2_common/pico_printf/printf.c.o
 .text._etoa    0x1000378c      0x57c CMakeFiles/IntegratedMotorController_code.dir/home/aleks/.pico-sdk/sdk/2.2.0/src/rp2_common/pico_printf/printf.c.o
 .text._vsnprintf
                0x10003d08      0xbe0 CMakeFiles/IntegratedMotorController_code.dir/home/aleks/.pico-sdk/sdk/2.2.0/src/rp2_common/pico_printf/printf.c.o
 .text.vfctprintf
                0x100048e8       0x24 CMakeFiles/IntegratedMotorController_code.dir/home/aleks/.pico-sdk/sdk/2.2.0/src/rp2_common/pico_printf/printf.c.o
                0x100048e8                vfctprintf
 .text.weak_raw_vprintf
                0x1000490c       0x30 CMakeFiles/IntegratedMotorController_code.dir/home/aleks/.pico-sdk/sdk/2.2.0/src/rp2_common/pico_printf/printf.c.o
                0x1000490c                weak_raw_vprintf
 .text._exit    0x1000493c        0x4 CMakeFiles/IntegratedMotorController_code.dir/home/aleks/.pico-sdk/sdk/2.2.0/src/rp2_common/pico_clib_interface/newlib_interface.c.o
                0x1000493c                _exit
 .text.exit     0x10004940        0x8 CMakeFiles/IntegratedMotorController_code.dir/home/aleks/.pico-sdk/sdk/2.2.0/src/rp2_common/pico_clib_interface/newlib_interface.c.o
                0x10004940                exit
 .text.runtime_init
                0x10004948       0x2c CMakeFiles/IntegratedMotorController_code.dir/home/aleks/.pico-sdk/sdk/2.2.0/src/rp2_common/pico_clib_interface/newlib_interface.c.o
                0x10004948                runtime_init
 .text.stdio_out_chars_no_crlf
                0x10004974       0x10 CMakeFiles/IntegratedMotorController_code.dir/home/aleks/.pico-sdk/sdk/2.2.0/src/rp2_common/pico_stdio/stdio.c.o
 .text.stdio_out_chars_crlf
                0x10004984       0xb0 CMakeFiles/IntegratedMotorController_code.dir/home/aleks/.pico-sdk/sdk/2.2.0/src/rp2_common/pico_stdio/stdio.c.o
 .text.stdio_buffered_printer
                0x10004a34       0x64 CMakeFiles/IntegratedMotorController_code.dir/home/aleks/.pico-sdk/sdk/2.2.0/src/rp2_common/pico_stdio/stdio.c.o
 .text.stdio_put_string
                0x10004a98       0xfc CMakeFiles/IntegratedMotorController_code.dir/home/aleks/.pico-sdk/sdk/2.2.0/src/rp2_common/pico_stdio/stdio.c.o
                0x10004a98                stdio_put_string
 .text.stdio_set_driver_enabled
                0x10004b94       0x30 CMakeFiles/IntegratedMotorController_code.dir/home/aleks/.pico-sdk/sdk/2.2.0/src/rp2_common/pico_stdio/stdio.c.o
                0x10004b94                stdio_set_driver_enabled
 .text.stdio_init_all
                0x10004bc4        0x8 CMakeFiles/IntegratedMotorController_code.dir/home/aleks/.pico-sdk/sdk/2.2.0/src/rp2_common/pico_stdio/stdio.c.o
                0x10004bc4                stdio_init_all
 .text.stdio_getchar_timeout_us
                0x10004bcc       0x98 CMakeFiles/IntegratedMotorController_code.dir/home/aleks/.pico-sdk/sdk/2.2.0/src/rp2_common/pico_stdio/stdio.c.o
                0x10004bcc                stdio_getchar_timeout_us
 .text.__wrap_putchar
                0x10004c64       0x94 CMakeFiles/IntegratedMotorController_code.dir/home/aleks/.pico-sdk/sdk/2.2.0/src/rp2_common/pico_stdio/stdio.c.o
                0x10004c64                stdio_putchar
                0x10004c64                __wrap_putchar
 .text.__wrap_puts
                0x10004cf8       0x3c CMakeFiles/IntegratedMotorController_code.dir/home/aleks/.pico-sdk/sdk/2.2.0/src/rp2_common/pico_stdio/stdio.c.o
                0x10004cf8                __wrap_puts
                0x10004cf8                stdio_puts
 .text.__wrap_vprintf
                0x10004d34       0xcc CMakeFiles/IntegratedMotorController_code.dir/home/aleks/.pico-sdk/sdk/2.2.0/src/rp2_common/pico_stdio/stdio.c.o
                0x10004d34                __wrap_vprintf
                0x10004d34                stdio_vprintf
 .text.__wrap_printf
                0x10004e00       0x18 CMakeFiles/IntegratedMotorController_code.dir/home/aleks/.pico-sdk/sdk/2.2.0/src/rp2_common/pico_stdio/stdio.c.o
                0x10004e00                stdio_printf
                0x10004e00                __wrap_printf
 .text.resetd_init
                0x10004e18        0x4 CMakeFiles/IntegratedMotorController_code.dir/home/aleks/.pico-sdk/sdk/2.2.0/src/rp2_common/pico_stdio_usb/reset_interface.c.o
 .text.resetd_reset
                0x10004e1c        0xc CMakeFiles/IntegratedMotorController_code.dir/home/aleks/.pico-sdk/sdk/2.2.0/src/rp2_common/pico_stdio_usb/reset_interface.c.o
 .text.resetd_open
                0x10004e28       0x28 CMakeFiles/IntegratedMotorController_code.dir/home/aleks/.pico-sdk/sdk/2.2.0/src/rp2_common/pico_stdio_usb/reset_interface.c.o
 .text.resetd_xfer_cb
                0x10004e50        0x4 CMakeFiles/IntegratedMotorController_code.dir/home/aleks/.pico-sdk/sdk/2.2.0/src/rp2_common/pico_stdio_usb/reset_interface.c.o
 .text.resetd_control_xfer_cb
                0x10004e54       0x54 CMakeFiles/IntegratedMotorController_code.dir/home/aleks/.pico-sdk/sdk/2.2.0/src/rp2_common/pico_stdio_usb/reset_interface.c.o
 .text.tud_descriptor_bos_cb
                0x10004ea8        0x8 CMakeFiles/IntegratedMotorController_code.dir/home/aleks/.pico-sdk/sdk/2.2.0/src/rp2_common/pico_stdio_usb/reset_interface.c.o
                0x10004ea8                tud_descriptor_bos_cb
 .text.tud_vendor_control_xfer_cb
                0x10004eb0       0x34 CMakeFiles/IntegratedMotorController_code.dir/home/aleks/.pico-sdk/sdk/2.2.0/src/rp2_common/pico_stdio_usb/reset_interface.c.o
                0x10004eb0                tud_vendor_control_xfer_cb
 .text.usbd_app_driver_get_cb
                0x10004ee4        0xc CMakeFiles/IntegratedMotorController_code.dir/home/aleks/.pico-sdk/sdk/2.2.0/src/rp2_common/pico_stdio_usb/reset_interface.c.o
                0x10004ee4                usbd_app_driver_get_cb
 .text.tud_cdc_line_coding_cb
                0x10004ef0       0x2c CMakeFiles/IntegratedMotorController_code.dir/home/aleks/.pico-sdk/sdk/2.2.0/src/rp2_common/pico_stdio_usb/reset_interface.c.o
                0x10004ef0                tud_cdc_line_coding_cb
 .text.stdio_usb_set_chars_available_callback
                0x10004f1c       0x14 CMakeFiles/IntegratedMotorController_code.dir/home/aleks/.pico-sdk/sdk/2.2.0/src/rp2_common/pico_stdio_usb/stdio_usb.c.o
                0x10004f1c                stdio_usb_set_chars_available_callback
 .text.usb_irq  0x10004f30       0x10 CMakeFiles/IntegratedMotorController_code.dir/home/aleks/.pico-sdk/sdk/2.2.0/src/rp2_common/pico_stdio_usb/stdio_usb.c.o
 .text.timer_task
                0x10004f40       0x64 CMakeFiles/IntegratedMotorController_code.dir/home/aleks/.pico-sdk/sdk/2.2.0/src/rp2_common/pico_stdio_usb/stdio_usb.c.o
 .text.stdio_usb_in_chars
                0x10004fa4       0x8c CMakeFiles/IntegratedMotorController_code.dir/home/aleks/.pico-sdk/sdk/2.2.0/src/rp2_common/pico_stdio_usb/stdio_usb.c.o
                0x10004fa4                stdio_usb_in_chars
 .text.stdio_usb_out_flush
                0x10005030       0x4c CMakeFiles/IntegratedMotorController_code.dir/home/aleks/.pico-sdk/sdk/2.2.0/src/rp2_common/pico_stdio_usb/stdio_usb.c.o
 .text.stdio_usb_out_chars
                0x1000507c      0x100 CMakeFiles/IntegratedMotorController_code.dir/home/aleks/.pico-sdk/sdk/2.2.0/src/rp2_common/pico_stdio_usb/stdio_usb.c.o
 .text.low_priority_worker_irq
                0x1000517c       0xc8 CMakeFiles/IntegratedMotorController_code.dir/home/aleks/.pico-sdk/sdk/2.2.0/src/rp2_common/pico_stdio_usb/stdio_usb.c.o
 .text.stdio_usb_init
                0x10005244       0xe8 CMakeFiles/IntegratedMotorController_code.dir/home/aleks/.pico-sdk/sdk/2.2.0/src/rp2_common/pico_stdio_usb/stdio_usb.c.o
                0x10005244                stdio_usb_init
 .text.tud_descriptor_device_cb
                0x1000532c        0x8 CMakeFiles/IntegratedMotorController_code.dir/home/aleks/.pico-sdk/sdk/2.2.0/src/rp2_common/pico_stdio_usb/stdio_usb_descriptors.c.o
                0x1000532c                tud_descriptor_device_cb
 .text.tud_descriptor_configuration_cb
                0x10005334        0x8 CMakeFiles/IntegratedMotorController_code.dir/home/aleks/.pico-sdk/sdk/2.2.0/src/rp2_common/pico_stdio_usb/stdio_usb_descriptors.c.o
                0x10005334                tud_descriptor_configuration_cb
 .text.tud_descriptor_string_cb
                0x1000533c       0x78 CMakeFiles/IntegratedMotorController_code.dir/home/aleks/.pico-sdk/sdk/2.2.0/src/rp2_common/pico_stdio_usb/stdio_usb_descriptors.c.o
                0x1000533c                tud_descriptor_string_cb
 .text.startup._retrieve_unique_id_on_boot
                0x100053b4       0x10 CMakeFiles/IntegratedMotorController_code.dir/home/aleks/.pico-sdk/sdk/2.2.0/src/rp2_common/pico_unique_id/unique_id.c.o
 .text.pico_get_unique_board_id_string
                0x100053c4      0x1a8 CMakeFiles/IntegratedMotorController_code.dir/home/aleks/.pico-sdk/sdk/2.2.0/src/rp2_common/pico_unique_id/unique_id.c.o
                0x100053c4                pico_get_unique_board_id_string
 .text.flash_get_unique_id
                0x1000556c       0x3c CMakeFiles/IntegratedMotorController_code.dir/home/aleks/.pico-sdk/sdk/2.2.0/src/rp2_common/hardware_flash/flash.c.o
                0x1000556c                flash_get_unique_id
 .text.dcd_init
                0x100055a8       0x90 CMakeFiles/IntegratedMotorController_code.dir/home/aleks/.pico-sdk/sdk/2.2.0/lib/tinyusb/src/portable/raspberrypi/rp2040/dcd_rp2040.c.o
                0x100055a8                dcd_init
 .text.dcd_int_enable
                0x10005638        0xc CMakeFiles/IntegratedMotorController_code.dir/home/aleks/.pico-sdk/sdk/2.2.0/lib/tinyusb/src/portable/raspberrypi/rp2040/dcd_rp2040.c.o
                0x10005638                dcd_int_enable
 .text.dcd_set_address
                0x10005644       0x14 CMakeFiles/IntegratedMotorController_code.dir/home/aleks/.pico-sdk/sdk/2.2.0/lib/tinyusb/src/portable/raspberrypi/rp2040/dcd_rp2040.c.o
                0x10005644                dcd_set_address
 .text.dcd_sof_enable
                0x10005658       0x1c CMakeFiles/IntegratedMotorController_code.dir/home/aleks/.pico-sdk/sdk/2.2.0/lib/tinyusb/src/portable/raspberrypi/rp2040/dcd_rp2040.c.o
                0x10005658                dcd_sof_enable
 .text.dcd_edpt0_status_complete
                0x10005674       0x1c CMakeFiles/IntegratedMotorController_code.dir/home/aleks/.pico-sdk/sdk/2.2.0/lib/tinyusb/src/portable/raspberrypi/rp2040/dcd_rp2040.c.o
                0x10005674                dcd_edpt0_status_complete
 .text.dcd_edpt_open
                0x10005690      0x114 CMakeFiles/IntegratedMotorController_code.dir/home/aleks/.pico-sdk/sdk/2.2.0/lib/tinyusb/src/portable/raspberrypi/rp2040/dcd_rp2040.c.o
                0x10005690                dcd_edpt_open
 .text.dcd_edpt_close_all
                0x100057a4        0x8 CMakeFiles/IntegratedMotorController_code.dir/home/aleks/.pico-sdk/sdk/2.2.0/lib/tinyusb/src/portable/raspberrypi/rp2040/dcd_rp2040.c.o
                0x100057a4                dcd_edpt_close_all
 .text.dcd_edpt_xfer
                0x100057ac       0x24 CMakeFiles/IntegratedMotorController_code.dir/home/aleks/.pico-sdk/sdk/2.2.0/lib/tinyusb/src/portable/raspberrypi/rp2040/dcd_rp2040.c.o
                0x100057ac                dcd_edpt_xfer
 .text.dcd_edpt_stall
                0x100057d0       0x3c CMakeFiles/IntegratedMotorController_code.dir/home/aleks/.pico-sdk/sdk/2.2.0/lib/tinyusb/src/portable/raspberrypi/rp2040/dcd_rp2040.c.o
                0x100057d0                dcd_edpt_stall
 .text.dcd_edpt_clear_stall
                0x1000580c       0x30 CMakeFiles/IntegratedMotorController_code.dir/home/aleks/.pico-sdk/sdk/2.2.0/lib/tinyusb/src/portable/raspberrypi/rp2040/dcd_rp2040.c.o
                0x1000580c                dcd_edpt_clear_stall
 .text.rp2040_usb_init
                0x1000583c       0x40 CMakeFiles/IntegratedMotorController_code.dir/home/aleks/.pico-sdk/sdk/2.2.0/lib/tinyusb/src/portable/raspberrypi/rp2040/rp2040_usb.c.o
                0x1000583c                rp2040_usb_init
 .text.hw_endpoint_xfer_start
                0x1000587c       0x40 CMakeFiles/IntegratedMotorController_code.dir/home/aleks/.pico-sdk/sdk/2.2.0/lib/tinyusb/src/portable/raspberrypi/rp2040/rp2040_usb.c.o
                0x1000587c                hw_endpoint_xfer_start
 .text.tud_event_hook_cb
                0x100058bc        0x4 CMakeFiles/IntegratedMotorController_code.dir/home/aleks/.pico-sdk/sdk/2.2.0/lib/tinyusb/src/device/usbd.c.o
                0x100058bc                tud_event_hook_cb
 .text.tud_sof_cb
                0x100058c0        0x4 CMakeFiles/IntegratedMotorController_code.dir/home/aleks/.pico-sdk/sdk/2.2.0/lib/tinyusb/src/device/usbd.c.o
                0x100058c0                tud_sof_cb
 .text.tud_descriptor_device_qualifier_cb
                0x100058c4        0x4 CMakeFiles/IntegratedMotorController_code.dir/home/aleks/.pico-sdk/sdk/2.2.0/lib/tinyusb/src/device/usbd.c.o
                0x100058c4                tud_descriptor_device_qualifier_cb
 .text.tud_descriptor_other_speed_configuration_cb
                0x100058c8        0x4 CMakeFiles/IntegratedMotorController_code.dir/home/aleks/.pico-sdk/sdk/2.2.0/lib/tinyusb/src/device/usbd.c.o
                0x100058c8                tud_descriptor_other_speed_configuration_cb
 .text.tud_mount_cb
                0x100058cc        0x4 CMakeFiles/IntegratedMotorController_code.dir/home/aleks/.pico-sdk/sdk/2.2.0/lib/tinyusb/src/device/usbd.c.o
                0x100058cc                tud_mount_cb
 .text.tud_umount_cb
                0x100058d0        0x4 CMakeFiles/IntegratedMotorController_code.dir/home/aleks/.pico-sdk/sdk/2.2.0/lib/tinyusb/src/device/usbd.c.o
                0x100058d0                tud_umount_cb
 .text.tud_suspend_cb
                0x100058d4        0x4 CMakeFiles/IntegratedMotorController_code.dir/home/aleks/.pico-sdk/sdk/2.2.0/lib/tinyusb/src/device/usbd.c.o
                0x100058d4                tud_suspend_cb
 .text.tud_resume_cb
                0x100058d8        0x4 CMakeFiles/IntegratedMotorController_code.dir/home/aleks/.pico-sdk/sdk/2.2.0/lib/tinyusb/src/device/usbd.c.o
                0x100058d8                tud_resume_cb
 .text.tud_mounted
                0x100058dc       0x10 CMakeFiles/IntegratedMotorController_code.dir/home/aleks/.pico-sdk/sdk/2.2.0/lib/tinyusb/src/device/usbd.c.o
                0x100058dc                tud_mounted
 .text.tud_suspended
                0x100058ec       0x10 CMakeFiles/IntegratedMotorController_code.dir/home/aleks/.pico-sdk/sdk/2.2.0/lib/tinyusb/src/device/usbd.c.o
                0x100058ec                tud_suspended
 .text.tud_rhport_init
                0x100058fc       0xf4 CMakeFiles/IntegratedMotorController_code.dir/home/aleks/.pico-sdk/sdk/2.2.0/lib/tinyusb/src/device/usbd.c.o
                0x100058fc                tud_rhport_init
 .text.tud_task_ext
                0x100059f0      0x800 CMakeFiles/IntegratedMotorController_code.dir/home/aleks/.pico-sdk/sdk/2.2.0/lib/tinyusb/src/device/usbd.c.o
                0x100059f0                tud_task_ext
 .text.usbd_open_edpt_pair
                0x100061f0       0x9c CMakeFiles/IntegratedMotorController_code.dir/home/aleks/.pico-sdk/sdk/2.2.0/lib/tinyusb/src/device/usbd.c.o
                0x100061f0                usbd_open_edpt_pair
 .text.usbd_edpt_open
                0x1000628c       0x34 CMakeFiles/IntegratedMotorController_code.dir/home/aleks/.pico-sdk/sdk/2.2.0/lib/tinyusb/src/device/usbd.c.o
                0x1000628c                usbd_edpt_open
 .text.usbd_edpt_claim
                0x100062c0       0x28 CMakeFiles/IntegratedMotorController_code.dir/home/aleks/.pico-sdk/sdk/2.2.0/lib/tinyusb/src/device/usbd.c.o
                0x100062c0                usbd_edpt_claim
 .text.usbd_edpt_release
                0x100062e8       0x28 CMakeFiles/IntegratedMotorController_code.dir/home/aleks/.pico-sdk/sdk/2.2.0/lib/tinyusb/src/device/usbd.c.o
                0x100062e8                usbd_edpt_release
 .text.usbd_edpt_xfer
                0x10006310       0x4c CMakeFiles/IntegratedMotorController_code.dir/home/aleks/.pico-sdk/sdk/2.2.0/lib/tinyusb/src/device/usbd.c.o
                0x10006310                usbd_edpt_xfer
 .text.tud_control_status
                0x1000635c       0x2c CMakeFiles/IntegratedMotorController_code.dir/home/aleks/.pico-sdk/sdk/2.2.0/lib/tinyusb/src/device/usbd_control.c.o
                0x1000635c                tud_control_status
 .text.tud_control_xfer
                0x10006388       0xa8 CMakeFiles/IntegratedMotorController_code.dir/home/aleks/.pico-sdk/sdk/2.2.0/lib/tinyusb/src/device/usbd_control.c.o
                0x10006388                tud_control_xfer
 .text.usbd_control_reset
                0x10006430       0x14 CMakeFiles/IntegratedMotorController_code.dir/home/aleks/.pico-sdk/sdk/2.2.0/lib/tinyusb/src/device/usbd_control.c.o
                0x10006430                usbd_control_reset
 .text.usbd_control_set_complete_callback
                0x10006444        0xc CMakeFiles/IntegratedMotorController_code.dir/home/aleks/.pico-sdk/sdk/2.2.0/lib/tinyusb/src/device/usbd_control.c.o
                0x10006444                usbd_control_set_complete_callback
 .text.usbd_control_set_request
                0x10006450       0x1c CMakeFiles/IntegratedMotorController_code.dir/home/aleks/.pico-sdk/sdk/2.2.0/lib/tinyusb/src/device/usbd_control.c.o
                0x10006450                usbd_control_set_request
 .text.usbd_control_xfer_cb
                0x1000646c       0xec CMakeFiles/IntegratedMotorController_code.dir/home/aleks/.pico-sdk/sdk/2.2.0/lib/tinyusb/src/device/usbd_control.c.o
                0x1000646c                usbd_control_xfer_cb
 .text._prep_out_transaction.isra.0
                0x10006558       0x6c CMakeFiles/IntegratedMotorController_code.dir/home/aleks/.pico-sdk/sdk/2.2.0/lib/tinyusb/src/class/cdc/cdc_device.c.o
 .text.tud_cdc_n_connected
                0x100065c4       0x2c CMakeFiles/IntegratedMotorController_code.dir/home/aleks/.pico-sdk/sdk/2.2.0/lib/tinyusb/src/class/cdc/cdc_device.c.o
                0x100065c4                tud_cdc_n_connected
 .text.tud_cdc_n_available
                0x100065f0       0x14 CMakeFiles/IntegratedMotorController_code.dir/home/aleks/.pico-sdk/sdk/2.2.0/lib/tinyusb/src/class/cdc/cdc_device.c.o
                0x100065f0                tud_cdc_n_available
 .text.tud_cdc_n_read
                0x10006604       0x88 CMakeFiles/IntegratedMotorController_code.dir/home/aleks/.pico-sdk/sdk/2.2.0/lib/tinyusb/src/class/cdc/cdc_device.c.o
                0x10006604                tud_cdc_n_read
 .text.tud_cdc_n_write_flush
                0x1000668c       0x74 CMakeFiles/IntegratedMotorController_code.dir/home/aleks/.pico-sdk/sdk/2.2.0/lib/tinyusb/src/class/cdc/cdc_device.c.o
                0x1000668c                tud_cdc_n_write_flush
 .text.tud_cdc_n_write
                0x10006700       0x40 CMakeFiles/IntegratedMotorController_code.dir/home/aleks/.pico-sdk/sdk/2.2.0/lib/tinyusb/src/class/cdc/cdc_device.c.o
                0x10006700                tud_cdc_n_write
 .text.tud_cdc_n_write_available
                0x10006740       0x14 CMakeFiles/IntegratedMotorController_code.dir/home/aleks/.pico-sdk/sdk/2.2.0/lib/tinyusb/src/class/cdc/cdc_device.c.o
                0x10006740                tud_cdc_n_write_available
 .text.cdcd_init
                0x10006754       0x70 CMakeFiles/IntegratedMotorController_code.dir/home/aleks/.pico-sdk/sdk/2.2.0/lib/tinyusb/src/class/cdc/cdc_device.c.o
                0x10006754                cdcd_init
 .text.cdcd_deinit
                0x100067c4       0x30 CMakeFiles/IntegratedMotorController_code.dir/home/aleks/.pico-sdk/sdk/2.2.0/lib/tinyusb/src/class/cdc/cdc_device.c.o
                0x100067c4                cdcd_deinit
 .text.cdcd_reset
                0x100067f4       0x4c CMakeFiles/IntegratedMotorController_code.dir/home/aleks/.pico-sdk/sdk/2.2.0/lib/tinyusb/src/class/cdc/cdc_device.c.o
                0x100067f4                cdcd_reset
 .text.cdcd_open
                0x10006840       0xa4 CMakeFiles/IntegratedMotorController_code.dir/home/aleks/.pico-sdk/sdk/2.2.0/lib/tinyusb/src/class/cdc/cdc_device.c.o
                0x10006840                cdcd_open
 .text.cdcd_control_xfer_cb
                0x100068e4       0xe8 CMakeFiles/IntegratedMotorController_code.dir/home/aleks/.pico-sdk/sdk/2.2.0/lib/tinyusb/src/class/cdc/cdc_device.c.o
                0x100068e4                cdcd_control_xfer_cb
 .text.cdcd_xfer_cb
                0x100069cc      0x100 CMakeFiles/IntegratedMotorController_code.dir/home/aleks/.pico-sdk/sdk/2.2.0/lib/tinyusb/src/class/cdc/cdc_device.c.o
                0x100069cc                cdcd_xfer_cb
 .text.vendord_init
                0x10006acc       0x5c CMakeFiles/IntegratedMotorController_code.dir/home/aleks/.pico-sdk/sdk/2.2.0/lib/tinyusb/src/class/vendor/vendor_device.c.o
                0x10006acc                vendord_init
 .text.vendord_deinit
                0x10006b28       0x1c CMakeFiles/IntegratedMotorController_code.dir/home/aleks/.pico-sdk/sdk/2.2.0/lib/tinyusb/src/class/vendor/vendor_device.c.o
                0x10006b28                vendord_deinit
 .text.vendord_reset
                0x10006b44       0x28 CMakeFiles/IntegratedMotorController_code.dir/home/aleks/.pico-sdk/sdk/2.2.0/lib/tinyusb/src/class/vendor/vendor_device.c.o
                0x10006b44                vendord_reset
 .text.vendord_open
                0x10006b6c      0x120 CMakeFiles/IntegratedMotorController_code.dir/home/aleks/.pico-sdk/sdk/2.2.0/lib/tinyusb/src/class/vendor/vendor_device.c.o
                0x10006b6c                vendord_open
 .text.vendord_xfer_cb
                0x10006c8c       0x9c CMakeFiles/IntegratedMotorController_code.dir/home/aleks/.pico-sdk/sdk/2.2.0/lib/tinyusb/src/class/vendor/vendor_device.c.o
                0x10006c8c                vendord_xfer_cb
 .text.tusb_rhport_init
                0x10006d28       0x4c CMakeFiles/IntegratedMotorController_code.dir/home/aleks/.pico-sdk/sdk/2.2.0/lib/tinyusb/src/tusb.c.o
                0x10006d28                tusb_rhport_init
 .text.tu_edpt_claim
                0x10006d74       0x50 CMakeFiles/IntegratedMotorController_code.dir/home/aleks/.pico-sdk/sdk/2.2.0/lib/tinyusb/src/tusb.c.o
                0x10006d74                tu_edpt_claim
 .text.tu_edpt_release
                0x10006dc4       0x38 CMakeFiles/IntegratedMotorController_code.dir/home/aleks/.pico-sdk/sdk/2.2.0/lib/tinyusb/src/tusb.c.o
                0x10006dc4                tu_edpt_release
 .text.tu_edpt_validate
                0x10006dfc       0x7c CMakeFiles/IntegratedMotorController_code.dir/home/aleks/.pico-sdk/sdk/2.2.0/lib/tinyusb/src/tusb.c.o
                0x10006dfc                tu_edpt_validate
 .text.tu_edpt_bind_driver
                0x10006e78       0x34 CMakeFiles/IntegratedMotorController_code.dir/home/aleks/.pico-sdk/sdk/2.2.0/lib/tinyusb/src/tusb.c.o
                0x10006e78                tu_edpt_bind_driver
 .text.tu_edpt_stream_init
                0x10006eac       0x6c CMakeFiles/IntegratedMotorController_code.dir/home/aleks/.pico-sdk/sdk/2.2.0/lib/tinyusb/src/tusb.c.o
                0x10006eac                tu_edpt_stream_init
 .text.tu_edpt_stream_deinit
                0x10006f18        0x4 CMakeFiles/IntegratedMotorController_code.dir/home/aleks/.pico-sdk/sdk/2.2.0/lib/tinyusb/src/tusb.c.o
                0x10006f18                tu_edpt_stream_deinit
 .text.tu_edpt_stream_write_zlp_if_needed
                0x10006f1c       0x68 CMakeFiles/IntegratedMotorController_code.dir/home/aleks/.pico-sdk/sdk/2.2.0/lib/tinyusb/src/tusb.c.o
                0x10006f1c                tu_edpt_stream_write_zlp_if_needed
 .text.tu_edpt_stream_write_xfer
                0x10006f84       0x68 CMakeFiles/IntegratedMotorController_code.dir/home/aleks/.pico-sdk/sdk/2.2.0/lib/tinyusb/src/tusb.c.o
                0x10006f84                tu_edpt_stream_write_xfer
 .text.tu_edpt_stream_read_xfer
                0x10006fec       0xd8 CMakeFiles/IntegratedMotorController_code.dir/home/aleks/.pico-sdk/sdk/2.2.0/lib/tinyusb/src/tusb.c.o
                0x10006fec                tu_edpt_stream_read_xfer
 .text.tu_fifo_config
                0x100070c4       0x6c CMakeFiles/IntegratedMotorController_code.dir/home/aleks/.pico-sdk/sdk/2.2.0/lib/tinyusb/src/common/tusb_fifo.c.o
                0x100070c4                tu_fifo_config
 .text.tu_fifo_count
                0x10007130       0x2c CMakeFiles/IntegratedMotorController_code.dir/home/aleks/.pico-sdk/sdk/2.2.0/lib/tinyusb/src/common/tusb_fifo.c.o
                0x10007130                tu_fifo_count
 .text.tu_fifo_empty
                0x1000715c       0x10 CMakeFiles/IntegratedMotorController_code.dir/home/aleks/.pico-sdk/sdk/2.2.0/lib/tinyusb/src/common/tusb_fifo.c.o
                0x1000715c                tu_fifo_empty
 .text.tu_fifo_remaining
                0x1000716c       0x2c CMakeFiles/IntegratedMotorController_code.dir/home/aleks/.pico-sdk/sdk/2.2.0/lib/tinyusb/src/common/tusb_fifo.c.o
                0x1000716c                tu_fifo_remaining
 .text.tu_fifo_read
                0x10007198       0x9c CMakeFiles/IntegratedMotorController_code.dir/home/aleks/.pico-sdk/sdk/2.2.0/lib/tinyusb/src/common/tusb_fifo.c.o
                0x10007198                tu_fifo_read
 .text.tu_fifo_read_n
                0x10007234       0xe8 CMakeFiles/IntegratedMotorController_code.dir/home/aleks/.pico-sdk/sdk/2.2.0/lib/tinyusb/src/common/tusb_fifo.c.o
                0x10007234                tu_fifo_read_n
 .text.tu_fifo_write
                0x1000731c       0xa4 CMakeFiles/IntegratedMotorController_code.dir/home/aleks/.pico-sdk/sdk/2.2.0/lib/tinyusb/src/common/tusb_fifo.c.o
                0x1000731c                tu_fifo_write
 .text.tu_fifo_write_n
                0x100073c0      0x178 CMakeFiles/IntegratedMotorController_code.dir/home/aleks/.pico-sdk/sdk/2.2.0/lib/tinyusb/src/common/tusb_fifo.c.o
                0x100073c0                tu_fifo_write_n
 .text.tu_fifo_clear
                0x10007538       0x40 CMakeFiles/IntegratedMotorController_code.dir/home/aleks/.pico-sdk/sdk/2.2.0/lib/tinyusb/src/common/tusb_fifo.c.o
                0x10007538                tu_fifo_clear
 .text.tu_fifo_set_overwritable
                0x10007578       0x48 CMakeFiles/IntegratedMotorController_code.dir/home/aleks/.pico-sdk/sdk/2.2.0/lib/tinyusb/src/common/tusb_fifo.c.o
                0x10007578                tu_fifo_set_overwritable
 .text.i2c_write_blocking_internal
                0x100075c0      0x1b8 CMakeFiles/IntegratedMotorController_code.dir/home/aleks/.pico-sdk/sdk/2.2.0/src/rp2_common/hardware_i2c/i2c.c.o
 .text.i2c_read_blocking_internal
                0x10007778      0x100 CMakeFiles/IntegratedMotorController_code.dir/home/aleks/.pico-sdk/sdk/2.2.0/src/rp2_common/hardware_i2c/i2c.c.o
 .text.i2c_deinit
                0x10007878       0x1c CMakeFiles/IntegratedMotorController_code.dir/home/aleks/.pico-sdk/sdk/2.2.0/src/rp2_common/hardware_i2c/i2c.c.o
                0x10007878                i2c_deinit
 .text.i2c_set_baudrate
                0x10007894       0xc0 CMakeFiles/IntegratedMotorController_code.dir/home/aleks/.pico-sdk/sdk/2.2.0/src/rp2_common/hardware_i2c/i2c.c.o
                0x10007894                i2c_set_baudrate
 .text.i2c_init
                0x10007954       0x50 CMakeFiles/IntegratedMotorController_code.dir/home/aleks/.pico-sdk/sdk/2.2.0/src/rp2_common/hardware_i2c/i2c.c.o
                0x10007954                i2c_init
 .text.i2c_write_blocking_until
                0x100079a4       0x48 CMakeFiles/IntegratedMotorController_code.dir/home/aleks/.pico-sdk/sdk/2.2.0/src/rp2_common/hardware_i2c/i2c.c.o
                0x100079a4                i2c_write_blocking_until
 .text.i2c_read_blocking_until
                0x100079ec       0x48 CMakeFiles/IntegratedMotorController_code.dir/home/aleks/.pico-sdk/sdk/2.2.0/src/rp2_common/hardware_i2c/i2c.c.o
                0x100079ec                i2c_read_blocking_until
 .text.adc_init
                0x10007a34       0x38 CMakeFiles/IntegratedMotorController_code.dir/home/aleks/.pico-sdk/sdk/2.2.0/src/rp2_common/hardware_adc/adc.c.o
                0x10007a34                adc_init
 .text.strlen   0x10007a6c       0x5c /home/aleks/.pico-sdk/toolchain/14_2_Rel1/bin/../lib/gcc/arm-none-eabi/14.2.1/../../../../arm-none-eabi/lib/thumb/v6-m/nofp/libg.a(libc_a-strlen-stub.o)
                0x10007a6c                strlen
 *(.fini)
 .fini          0x10007ac8        0x4 /home/aleks/.pico-sdk/toolchain/14_2_Rel1/bin/../lib/gcc/arm-none-eabi/14.2.1/thumb/v6-m/nofp/crti.o
                0x10007ac8                _fini
 *fill*         0x10007acc        0x4 
 .fini.__stub   0x10007ad0       0xc0 linker stubs
 *crtbegin.o(.ctors)
 *crtbegin?.o(.ctors)
 *(EXCLUDE_FILE(*crtend.o *crtend?.o) .ctors)
 *(SORT_BY_NAME(.ctors.*))
 *(.ctors)
 *crtbegin.o(.dtors)
 *crtbegin?.o(.dtors)
 *(EXCLUDE_FILE(*crtend.o *crtend?.o) .dtors)
 *(SORT_BY_NAME(.dtors.*))
 *(.dtors)
                0x10007b90                        . = ALIGN (0x4)
                0x10007b90                        PROVIDE (__preinit_array_start = .)
 *(SORT_BY_NAME(.preinit_array.*))
 .preinit_array.00100
                0x10007b90        0x4 CMakeFiles/IntegratedMotorController_code.dir/home/aleks/.pico-sdk/sdk/2.2.0/src/rp2_common/pico_runtime_init/runtime_init.c.o
                0x10007b90                __pre_init_runtime_init_early_resets
 .preinit_array.00101
                0x10007b94        0x4 CMakeFiles/IntegratedMotorController_code.dir/home/aleks/.pico-sdk/sdk/2.2.0/src/rp2_common/pico_runtime_init/runtime_init.c.o
                0x10007b94                __pre_init_runtime_init_usb_power_down
 .preinit_array.00275
                0x10007b98        0x4 CMakeFiles/IntegratedMotorController_code.dir/home/aleks/.pico-sdk/sdk/2.2.0/src/rp2_common/pico_bit_ops/bit_ops_aeabi.S.o
 .preinit_array.00300
                0x10007b9c        0x4 CMakeFiles/IntegratedMotorController_code.dir/home/aleks/.pico-sdk/sdk/2.2.0/src/rp2_common/pico_mem_ops/mem_ops_aeabi.S.o
 .preinit_array.00350
                0x10007ba0        0x4 CMakeFiles/IntegratedMotorController_code.dir/home/aleks/.pico-sdk/sdk/2.2.0/src/rp2_common/pico_double/double_aeabi_rp2040.S.o
 .preinit_array.00350
                0x10007ba4        0x4 CMakeFiles/IntegratedMotorController_code.dir/home/aleks/.pico-sdk/sdk/2.2.0/src/rp2_common/pico_float/float_aeabi_rp2040.S.o
 .preinit_array.00500
                0x10007ba8        0x4 CMakeFiles/IntegratedMotorController_code.dir/home/aleks/.pico-sdk/sdk/2.2.0/src/rp2_common/pico_runtime_init/runtime_init.c.o
                0x10007ba8                __pre_init_runtime_init_clocks
 .preinit_array.00600
                0x10007bac        0x4 CMakeFiles/IntegratedMotorController_code.dir/home/aleks/.pico-sdk/sdk/2.2.0/src/rp2_common/pico_runtime_init/runtime_init.c.o
                0x10007bac                __pre_init_runtime_init_post_clock_resets
 .preinit_array.00700
                0x10007bb0        0x4 CMakeFiles/IntegratedMotorController_code.dir/home/aleks/.pico-sdk/sdk/2.2.0/src/rp2_common/pico_runtime_init/runtime_init.c.o
                0x10007bb0                __pre_init_runtime_init_rp2040_gpio_ie_disable
 .preinit_array.01000
                0x10007bb4        0x4 CMakeFiles/IntegratedMotorController_code.dir/home/aleks/.pico-sdk/sdk/2.2.0/src/rp2_common/pico_runtime_init/runtime_init.c.o
                0x10007bb4                __pre_init_runtime_init_spin_locks_reset
 .preinit_array.01100
                0x10007bb8        0x4 CMakeFiles/IntegratedMotorController_code.dir/home/aleks/.pico-sdk/sdk/2.2.0/src/common/pico_sync/mutex.c.o
                0x10007bb8                __pre_init_runtime_init_mutex
 .preinit_array.10080
                0x10007bbc        0x4 CMakeFiles/IntegratedMotorController_code.dir/home/aleks/.pico-sdk/sdk/2.2.0/src/rp2_common/pico_runtime_init/runtime_init.c.o
                0x10007bbc                __pre_init_runtime_init_install_ram_vector_table
 .preinit_array.11000
                0x10007bc0        0x4 CMakeFiles/IntegratedMotorController_code.dir/home/aleks/.pico-sdk/sdk/2.2.0/src/common/pico_time/time.c.o
                0x10007bc0                __pre_init_runtime_init_default_alarm_pool
 .preinit_array.YYYYY
                0x10007bc4        0x4 CMakeFiles/IntegratedMotorController_code.dir/home/aleks/.pico-sdk/sdk/2.2.0/src/rp2_common/pico_runtime/runtime.c.o
                0x10007bc4                __pre_init_first_per_core_initializer
 .preinit_array.ZZZZZ.01200
                0x10007bc8        0x4 CMakeFiles/IntegratedMotorController_code.dir/home/aleks/.pico-sdk/sdk/2.2.0/src/rp2_common/hardware_irq/irq.c.o
                0x10007bc8                __pre_init_runtime_init_per_core_irq_priorities
 *(.preinit_array)
                0x10007bcc                        PROVIDE (__preinit_array_end = .)
                0x10007bcc                        . = ALIGN (0x4)
                0x10007bcc                        PROVIDE (__init_array_start = .)
 *(SORT_BY_NAME(.init_array.*))
 .init_array.01000
                0x10007bcc        0x4 CMakeFiles/IntegratedMotorController_code.dir/home/aleks/.pico-sdk/sdk/2.2.0/src/rp2_common/pico_unique_id/unique_id.c.o
 *(.init_array)
 .init_array    0x10007bd0        0x4 /home/aleks/.pico-sdk/toolchain/14_2_Rel1/bin/../lib/gcc/arm-none-eabi/14.2.1/thumb/v6-m/nofp/crtbegin.o
                0x10007bd4                        PROVIDE (__init_array_end = .)
                0x10007bd4                        . = ALIGN (0x4)
                [!provide]                        PROVIDE (__fini_array_start = .)
 *(SORT_BY_NAME(.fini_array.*))
 *(.fini_array)
                [!provide]                        PROVIDE (__fini_array_end = .)
 *(.eh_frame*)
 .eh_frame      0x10007bd4        0x0 /home/aleks/.pico-sdk/toolchain/14_2_Rel1/bin/../lib/gcc/arm-none-eabi/14.2.1/thumb/v6-m/nofp/crtbegin.o
                0x10007bd4                        . = ALIGN (0x4)

.glue_7         0x10007bd4        0x0
 .glue_7        0x10007bd4        0x0 linker stubs

.glue_7t        0x10007bd4        0x0
 .glue_7t       0x10007bd4        0x0 linker stubs

.vfp11_veneer   0x10007bd4        0x0
 .vfp11_veneer  0x10007bd4        0x0 linker stubs

.v4_bx          0x10007bd4        0x0
 .v4_bx         0x10007bd4        0x0 linker stubs

.iplt           0x10007bd4        0x0
 .iplt          0x10007bd4        0x0 /home/aleks/.pico-sdk/toolchain/14_2_Rel1/bin/../lib/gcc/arm-none-eabi/14.2.1/thumb/v6-m/nofp/crtbegin.o

.rodata         0x10007bd8      0x95c
 *(EXCLUDE_FILE(*libm.a: *libc.a:*lib_a-mem*.o *libgcc.a:) .rodata*)
 .rodata.scan_i2c.str1.4
                0x10007bd8      0x420 CMakeFiles/IntegratedMotorController_code.dir/src/main.c.o
                                 0x1a (size before relaxing)
 .rodata.main.str1.4
                0x10007ff8      0x288 CMakeFiles/IntegratedMotorController_code.dir/src/main.c.o
 .rodata.main   0x10007ff8       0x8c CMakeFiles/IntegratedMotorController_code.dir/src/main.c.o
 .rodata.panic.str1.4
                0x10008084       0x12 CMakeFiles/IntegratedMotorController_code.dir/home/aleks/.pico-sdk/sdk/2.2.0/src/rp2_common/pico_platform_panic/panic.c.o
 .rodata.spin_lock_claim_unused.str1.4
                0x10008084       0x1b CMakeFiles/IntegratedMotorController_code.dir/home/aleks/.pico-sdk/sdk/2.2.0/src/rp2_common/hardware_sync/sync.c.o
 .rodata.user_irq_claim_unused.str1.4
                0x10008084       0x1b CMakeFiles/IntegratedMotorController_code.dir/home/aleks/.pico-sdk/sdk/2.2.0/src/rp2_common/hardware_irq/irq.c.o
 .rodata.timer_hardware_alarm_claim.str1.4
                0x10008084       0x22 CMakeFiles/IntegratedMotorController_code.dir/home/aleks/.pico-sdk/sdk/2.2.0/src/rp2_common/hardware_timer/timer.c.o
 .rodata.hard_assertion_failure.str1.4
                0x10008084        0xc CMakeFiles/IntegratedMotorController_code.dir/home/aleks/.pico-sdk/sdk/2.2.0/src/rp2_common/pico_runtime/runtime.c.o
 .rodata.str1.4
                0x10008084       0x58 CMakeFiles/IntegratedMotorController_code.dir/home/aleks/.pico-sdk/sdk/2.2.0/src/rp2_common/pico_standard_binary_info/standard_binary_info.c.o
 .rodata.__bi_84
                0x10008084        0xc CMakeFiles/IntegratedMotorController_code.dir/home/aleks/.pico-sdk/sdk/2.2.0/src/rp2_common/pico_standard_binary_info/standard_binary_info.c.o
 .rodata.__bi_78
                0x10008090        0xc CMakeFiles/IntegratedMotorController_code.dir/home/aleks/.pico-sdk/sdk/2.2.0/src/rp2_common/pico_standard_binary_info/standard_binary_info.c.o
 .rodata.__bi_60
                0x1000809c        0xc CMakeFiles/IntegratedMotorController_code.dir/home/aleks/.pico-sdk/sdk/2.2.0/src/rp2_common/pico_standard_binary_info/standard_binary_info.c.o
 .rodata.__bi_54
                0x100080a8        0xc CMakeFiles/IntegratedMotorController_code.dir/home/aleks/.pico-sdk/sdk/2.2.0/src/rp2_common/pico_standard_binary_info/standard_binary_info.c.o
 .rodata.__bi_48
                0x100080b4        0xc CMakeFiles/IntegratedMotorController_code.dir/home/aleks/.pico-sdk/sdk/2.2.0/src/rp2_common/pico_standard_binary_info/standard_binary_info.c.o
 .rodata.__bi_42
                0x100080c0        0xc CMakeFiles/IntegratedMotorController_code.dir/home/aleks/.pico-sdk/sdk/2.2.0/src/rp2_common/pico_standard_binary_info/standard_binary_info.c.o
 .rodata.__bi_34
                0x100080cc        0xc CMakeFiles/IntegratedMotorController_code.dir/home/aleks/.pico-sdk/sdk/2.2.0/src/rp2_common/pico_standard_binary_info/standard_binary_info.c.o
 .rodata.__bi_26
                0x100080d8        0xc CMakeFiles/IntegratedMotorController_code.dir/home/aleks/.pico-sdk/sdk/2.2.0/src/rp2_common/pico_standard_binary_info/standard_binary_info.c.o
 .rodata._ftoa.str1.4
                0x100080e4       0x15 CMakeFiles/IntegratedMotorController_code.dir/home/aleks/.pico-sdk/sdk/2.2.0/src/rp2_common/pico_printf/printf.c.o
 .rodata._vsnprintf
                0x100080e4      0x19c CMakeFiles/IntegratedMotorController_code.dir/home/aleks/.pico-sdk/sdk/2.2.0/src/rp2_common/pico_printf/printf.c.o
 .rodata.pow10.0
                0x10008280       0x50 CMakeFiles/IntegratedMotorController_code.dir/home/aleks/.pico-sdk/sdk/2.2.0/src/rp2_common/pico_printf/printf.c.o
 .rodata.crlf_str.0
                0x100082d0        0x2 CMakeFiles/IntegratedMotorController_code.dir/home/aleks/.pico-sdk/sdk/2.2.0/src/rp2_common/pico_stdio/stdio.c.o
 *fill*         0x100082d2        0x2 
 .rodata._resetd_driver
                0x100082d4       0x20 CMakeFiles/IntegratedMotorController_code.dir/home/aleks/.pico-sdk/sdk/2.2.0/src/rp2_common/pico_stdio_usb/reset_interface.c.o
 .rodata.desc_ms_os_20
                0x100082f4       0xa6 CMakeFiles/IntegratedMotorController_code.dir/home/aleks/.pico-sdk/sdk/2.2.0/src/rp2_common/pico_stdio_usb/reset_interface.c.o
 *fill*         0x1000839a        0x2 
 .rodata.desc_bos
                0x1000839c       0x21 CMakeFiles/IntegratedMotorController_code.dir/home/aleks/.pico-sdk/sdk/2.2.0/src/rp2_common/pico_stdio_usb/reset_interface.c.o
                0x1000839c                desc_bos
 .rodata.str1.4
                0x100083bd       0x13 CMakeFiles/IntegratedMotorController_code.dir/home/aleks/.pico-sdk/sdk/2.2.0/src/rp2_common/pico_stdio_usb/stdio_usb.c.o
 *fill*         0x100083bd        0x3 
 .rodata.__bi_202.0
                0x100083c0        0xc CMakeFiles/IntegratedMotorController_code.dir/home/aleks/.pico-sdk/sdk/2.2.0/src/rp2_common/pico_stdio_usb/stdio_usb.c.o
 .rodata.str1.4
                0x100083cc       0x2a CMakeFiles/IntegratedMotorController_code.dir/home/aleks/.pico-sdk/sdk/2.2.0/src/rp2_common/pico_stdio_usb/stdio_usb_descriptors.c.o
 .rodata.usbd_desc_str
                0x100083cc       0x18 CMakeFiles/IntegratedMotorController_code.dir/home/aleks/.pico-sdk/sdk/2.2.0/src/rp2_common/pico_stdio_usb/stdio_usb_descriptors.c.o
 .rodata.usbd_desc_cfg
                0x100083e4       0x54 CMakeFiles/IntegratedMotorController_code.dir/home/aleks/.pico-sdk/sdk/2.2.0/src/rp2_common/pico_stdio_usb/stdio_usb_descriptors.c.o
 .rodata.usbd_desc_device
                0x10008438       0x12 CMakeFiles/IntegratedMotorController_code.dir/home/aleks/.pico-sdk/sdk/2.2.0/src/rp2_common/pico_stdio_usb/stdio_usb_descriptors.c.o
 .rodata.str1.4
                0x1000844a       0x14 CMakeFiles/IntegratedMotorController_code.dir/home/aleks/.pico-sdk/sdk/2.2.0/lib/tinyusb/src/portable/raspberrypi/rp2040/dcd_rp2040.c.o
 .rodata.str1.4
                0x1000844a       0x48 CMakeFiles/IntegratedMotorController_code.dir/home/aleks/.pico-sdk/sdk/2.2.0/lib/tinyusb/src/portable/raspberrypi/rp2040/rp2040_usb.c.o
 *fill*         0x1000844a        0x2 
 .rodata.tud_task_ext
                0x1000844c       0x8c CMakeFiles/IntegratedMotorController_code.dir/home/aleks/.pico-sdk/sdk/2.2.0/lib/tinyusb/src/device/usbd.c.o
 .rodata        0x100084d8       0x1c CMakeFiles/IntegratedMotorController_code.dir/home/aleks/.pico-sdk/sdk/2.2.0/lib/tinyusb/src/device/usbd.c.o
 .rodata._usbd_driver
                0x100084f4       0x40 CMakeFiles/IntegratedMotorController_code.dir/home/aleks/.pico-sdk/sdk/2.2.0/lib/tinyusb/src/device/usbd.c.o
                0x10008534                        . = ALIGN (0x4)
 *(SORT_BY_ALIGNMENT(SORT_BY_NAME(.flashdata*)))
                0x10008534                        . = ALIGN (0x4)

.ARM.extab
 *(.ARM.extab* .gnu.linkonce.armextab.*)
                0x10008534                        __exidx_start = .

.ARM.exidx
 *(.ARM.exidx* .gnu.linkonce.armexidx.*)
                0x10008534                        __exidx_end = .
                0x10008534                        . = ALIGN (0x4)
                0x10008534                        __binary_info_start = .

.binary_info    0x10008534       0x24
 *(.binary_info.keep.*)
 .binary_info.keep.__bi_ptr84
                0x10008534        0x4 CMakeFiles/IntegratedMotorController_code.dir/home/aleks/.pico-sdk/sdk/2.2.0/src/rp2_common/pico_standard_binary_info/standard_binary_info.c.o
 .binary_info.keep.__bi_ptr78
                0x10008538        0x4 CMakeFiles/IntegratedMotorController_code.dir/home/aleks/.pico-sdk/sdk/2.2.0/src/rp2_common/pico_standard_binary_info/standard_binary_info.c.o
 .binary_info.keep.__bi_ptr60
                0x1000853c        0x4 CMakeFiles/IntegratedMotorController_code.dir/home/aleks/.pico-sdk/sdk/2.2.0/src/rp2_common/pico_standard_binary_info/standard_binary_info.c.o
 .binary_info.keep.__bi_ptr54
                0x10008540        0x4 CMakeFiles/IntegratedMotorController_code.dir/home/aleks/.pico-sdk/sdk/2.2.0/src/rp2_common/pico_standard_binary_info/standard_binary_info.c.o
 .binary_info.keep.__bi_ptr48
                0x10008544        0x4 CMakeFiles/IntegratedMotorController_code.dir/home/aleks/.pico-sdk/sdk/2.2.0/src/rp2_common/pico_standard_binary_info/standard_binary_info.c.o
 .binary_info.keep.__bi_ptr42
                0x10008548        0x4 CMakeFiles/IntegratedMotorController_code.dir/home/aleks/.pico-sdk/sdk/2.2.0/src/rp2_common/pico_standard_binary_info/standard_binary_info.c.o
 .binary_info.keep.__bi_ptr34
                0x1000854c        0x4 CMakeFiles/IntegratedMotorController_code.dir/home/aleks/.pico-sdk/sdk/2.2.0/src/rp2_common/pico_standard_binary_info/standard_binary_info.c.o
 .binary_info.keep.__bi_ptr26
                0x10008550        0x4 CMakeFiles/IntegratedMotorController_code.dir/home/aleks/.pico-sdk/sdk/2.2.0/src/rp2_common/pico_standard_binary_info/standard_binary_info.c.o
 *(.binary_info.*)
 .binary_info.__bi_ptr202
                0x10008554        0x4 CMakeFiles/IntegratedMotorController_code.dir/home/aleks/.pico-sdk/sdk/2.2.0/src/rp2_common/pico_stdio_usb/stdio_usb.c.o
                0x10008558                        __binary_info_end = .
                0x10008558                        . = ALIGN (0x4)

.ram_vector_table
                0x20000000       0xc0
 *(.ram_vector_table)
 .ram_vector_table
                0x20000000       0xc0 CMakeFiles/IntegratedMotorController_code.dir/home/aleks/.pico-sdk/sdk/2.2.0/src/rp2_common/pico_runtime_init/runtime_init.c.o
                0x20000000                ram_vector_table

.uninitialized_data
                0x200000c0        0x0
                0x200000c0                        . = ALIGN (0x4)
 *(.uninitialized_data*)

.data           0x200000c0      0xff8 load address 0x10008558
                0x200000c0                        __data_start__ = .
 *(vtable)
 *(.time_critical*)
 .time_critical.mutex_try_enter
                0x200000c0       0x40 CMakeFiles/IntegratedMotorController_code.dir/home/aleks/.pico-sdk/sdk/2.2.0/src/common/pico_sync/mutex.c.o
                0x200000c0                mutex_try_enter
 .time_critical.mutex_try_enter_block_until
                0x20000100       0x98 CMakeFiles/IntegratedMotorController_code.dir/home/aleks/.pico-sdk/sdk/2.2.0/src/common/pico_sync/mutex.c.o
                0x20000100                mutex_try_enter_block_until
 .time_critical.mutex_enter_timeout_ms
                0x20000198       0x8c CMakeFiles/IntegratedMotorController_code.dir/home/aleks/.pico-sdk/sdk/2.2.0/src/common/pico_sync/mutex.c.o
                0x20000198                mutex_enter_timeout_ms
 .time_critical.mutex_exit
                0x20000224       0x28 CMakeFiles/IntegratedMotorController_code.dir/home/aleks/.pico-sdk/sdk/2.2.0/src/common/pico_sync/mutex.c.o
                0x20000224                mutex_exit
 .time_critical.flash_init_boot2_copyout
                0x2000024c       0x30 CMakeFiles/IntegratedMotorController_code.dir/home/aleks/.pico-sdk/sdk/2.2.0/src/rp2_common/hardware_flash/flash.c.o
 .time_critical.flash_enable_xip_via_boot2
                0x2000027c        0xc CMakeFiles/IntegratedMotorController_code.dir/home/aleks/.pico-sdk/sdk/2.2.0/src/rp2_common/hardware_flash/flash.c.o
 .time_critical.flash_save_hardware_state
                0x20000288       0x20 CMakeFiles/IntegratedMotorController_code.dir/home/aleks/.pico-sdk/sdk/2.2.0/src/rp2_common/hardware_flash/flash.c.o
 .time_critical.flash_restore_hardware_state
                0x200002a8       0x20 CMakeFiles/IntegratedMotorController_code.dir/home/aleks/.pico-sdk/sdk/2.2.0/src/rp2_common/hardware_flash/flash.c.o
 .time_critical.flash_cs_force
                0x200002c8       0x38 CMakeFiles/IntegratedMotorController_code.dir/home/aleks/.pico-sdk/sdk/2.2.0/src/rp2_common/hardware_flash/flash.c.o
 .time_critical.flash_do_cmd
                0x20000300      0x13c CMakeFiles/IntegratedMotorController_code.dir/home/aleks/.pico-sdk/sdk/2.2.0/src/rp2_common/hardware_flash/flash.c.o
                0x20000300                flash_do_cmd
 .time_critical.reset_non_control_endpoints
                0x2000043c       0x68 CMakeFiles/IntegratedMotorController_code.dir/home/aleks/.pico-sdk/sdk/2.2.0/lib/tinyusb/src/portable/raspberrypi/rp2040/dcd_rp2040.c.o
 .time_critical.hw_handle_buff_status
                0x200004a4       0xa0 CMakeFiles/IntegratedMotorController_code.dir/home/aleks/.pico-sdk/sdk/2.2.0/lib/tinyusb/src/portable/raspberrypi/rp2040/dcd_rp2040.c.o
 .time_critical.dcd_rp2040_irq
                0x20000544      0x548 CMakeFiles/IntegratedMotorController_code.dir/home/aleks/.pico-sdk/sdk/2.2.0/lib/tinyusb/src/portable/raspberrypi/rp2040/dcd_rp2040.c.o
 .time_critical.prepare_ep_buffer
                0x20000a8c       0xc8 CMakeFiles/IntegratedMotorController_code.dir/home/aleks/.pico-sdk/sdk/2.2.0/lib/tinyusb/src/portable/raspberrypi/rp2040/rp2040_usb.c.o
 .time_critical.sync_ep_buffer
                0x20000b54       0x9c CMakeFiles/IntegratedMotorController_code.dir/home/aleks/.pico-sdk/sdk/2.2.0/lib/tinyusb/src/portable/raspberrypi/rp2040/rp2040_usb.c.o
 .time_critical._hw_endpoint_xfer_sync
                0x20000bf0       0x28 CMakeFiles/IntegratedMotorController_code.dir/home/aleks/.pico-sdk/sdk/2.2.0/lib/tinyusb/src/portable/raspberrypi/rp2040/rp2040_usb.c.o
 .time_critical.e15_is_bulkin_ep
                0x20000c18       0x28 CMakeFiles/IntegratedMotorController_code.dir/home/aleks/.pico-sdk/sdk/2.2.0/lib/tinyusb/src/portable/raspberrypi/rp2040/rp2040_usb.c.o
 .time_critical.e15_is_critical_frame_period
                0x20000c40       0x34 CMakeFiles/IntegratedMotorController_code.dir/home/aleks/.pico-sdk/sdk/2.2.0/lib/tinyusb/src/portable/raspberrypi/rp2040/rp2040_usb.c.o
 .time_critical.hw_endpoint_reset_transfer
                0x20000c74        0xc CMakeFiles/IntegratedMotorController_code.dir/home/aleks/.pico-sdk/sdk/2.2.0/lib/tinyusb/src/portable/raspberrypi/rp2040/rp2040_usb.c.o
                0x20000c74                hw_endpoint_reset_transfer
 .time_critical._hw_endpoint_buffer_control_update32
                0x20000c80       0x50 CMakeFiles/IntegratedMotorController_code.dir/home/aleks/.pico-sdk/sdk/2.2.0/lib/tinyusb/src/portable/raspberrypi/rp2040/rp2040_usb.c.o
                0x20000c80                _hw_endpoint_buffer_control_update32
 .time_critical.hw_endpoint_start_next_buffer
                0x20000cd0       0x68 CMakeFiles/IntegratedMotorController_code.dir/home/aleks/.pico-sdk/sdk/2.2.0/lib/tinyusb/src/portable/raspberrypi/rp2040/rp2040_usb.c.o
                0x20000cd0                hw_endpoint_start_next_buffer
 .time_critical.hw_endpoint_xfer_continue
                0x20000d38       0x40 CMakeFiles/IntegratedMotorController_code.dir/home/aleks/.pico-sdk/sdk/2.2.0/lib/tinyusb/src/portable/raspberrypi/rp2040/rp2040_usb.c.o
                0x20000d38                hw_endpoint_xfer_continue
 .time_critical.tinyusb
                0x20000d78      0x1e4 CMakeFiles/IntegratedMotorController_code.dir/home/aleks/.pico-sdk/sdk/2.2.0/lib/tinyusb/src/device/usbd.c.o
                0x20000d78                dcd_event_handler
 *(.text*)
 .text          0x20000f5c        0x4 /home/aleks/.pico-sdk/toolchain/14_2_Rel1/bin/../lib/gcc/arm-none-eabi/14.2.1/thumb/v6-m/nofp/libgcc.a(_dvmd_tls.o)
                0x20000f5c                __aeabi_ldiv0
                0x20000f5c                __aeabi_idiv0
 .text.__stub   0x20000f60       0x80 linker stubs
                0x20000fe0                        . = ALIGN (0x4)
 *(.rodata*)
                0x20000fe0                        . = ALIGN (0x4)
 *(.data*)
 .data.striped_spin_lock_num
                0x20000fe0        0x1 CMakeFiles/IntegratedMotorController_code.dir/home/aleks/.pico-sdk/sdk/2.2.0/src/rp2_common/hardware_sync/sync.c.o
 *fill*         0x20000fe1        0x3 
 .data          0x20000fe4       0x48 CMakeFiles/IntegratedMotorController_code.dir/home/aleks/.pico-sdk/sdk/2.2.0/src/rp2_common/hardware_irq/irq_handler_chain.S.o
                0x20000fe4                irq_handler_chain_slots
                0x20001014                irq_handler_chain_first_slot
                0x2000101e                irq_handler_chain_remove_tail
 .data.default_alarm_pool
                0x2000102c       0x18 CMakeFiles/IntegratedMotorController_code.dir/home/aleks/.pico-sdk/sdk/2.2.0/src/common/pico_time/time.c.o
 *fill*         0x20001044        0xc 
 .data.aeabi_bits_funcs
                0x20001050       0x10 CMakeFiles/IntegratedMotorController_code.dir/home/aleks/.pico-sdk/sdk/2.2.0/src/rp2_common/pico_bit_ops/bit_ops_aeabi.S.o
                0x20001050                aeabi_bits_funcs
                0x20001060                aeabi_bits_funcs_end
 .data.aeabi_mem_funcs
                0x20001060       0x10 CMakeFiles/IntegratedMotorController_code.dir/home/aleks/.pico-sdk/sdk/2.2.0/src/rp2_common/pico_mem_ops/mem_ops_aeabi.S.o
                0x20001060                aeabi_mem_funcs
                0x20001070                aeabi_mem_funcs_end
 .data.stdio_usb
                0x20001070       0x18 CMakeFiles/IntegratedMotorController_code.dir/home/aleks/.pico-sdk/sdk/2.2.0/src/rp2_common/pico_stdio_usb/stdio_usb.c.o
                0x20001070                stdio_usb
 .data._usbd_qdef
                0x20001088       0x1c CMakeFiles/IntegratedMotorController_code.dir/home/aleks/.pico-sdk/sdk/2.2.0/lib/tinyusb/src/device/usbd.c.o
                0x20001088                _usbd_qdef
 .data._usbd_rhport
                0x200010a4        0x1 CMakeFiles/IntegratedMotorController_code.dir/home/aleks/.pico-sdk/sdk/2.2.0/lib/tinyusb/src/device/usbd.c.o
 *fill*         0x200010a5        0x3 
 .data.i2c0_inst
                0x200010a8        0x8 CMakeFiles/IntegratedMotorController_code.dir/home/aleks/.pico-sdk/sdk/2.2.0/src/rp2_common/hardware_i2c/i2c.c.o
                0x200010a8                i2c0_inst
                0x200010b0                        . = ALIGN (0x4)
 *(.after_data.*)
                0x200010b0                        . = ALIGN (0x4)
                0x200010b0                        PROVIDE (__mutex_array_start = .)
 *(SORT_BY_NAME(.mutex_array.*))
 *(.mutex_array)
 .mutex_array   0x200010b0        0x8 CMakeFiles/IntegratedMotorController_code.dir/home/aleks/.pico-sdk/sdk/2.2.0/src/rp2_common/pico_stdio/stdio.c.o
                0x200010b8                        PROVIDE (__mutex_array_end = .)
                0x200010b8                        . = ALIGN (0x4)
 *(.jcr)
                0x200010b8                        . = ALIGN (0x4)

.tm_clone_table
                0x200010b8        0x0 load address 0x10009550
 .tm_clone_table
                0x200010b8        0x0 /home/aleks/.pico-sdk/toolchain/14_2_Rel1/bin/../lib/gcc/arm-none-eabi/14.2.1/thumb/v6-m/nofp/crtbegin.o
 .tm_clone_table
                0x200010b8        0x0 /home/aleks/.pico-sdk/toolchain/14_2_Rel1/bin/../lib/gcc/arm-none-eabi/14.2.1/thumb/v6-m/nofp/crtend.o

.igot.plt       0x200010b8        0x0 load address 0x10009550
 .igot.plt      0x200010b8        0x0 /home/aleks/.pico-sdk/toolchain/14_2_Rel1/bin/../lib/gcc/arm-none-eabi/14.2.1/thumb/v6-m/nofp/crtbegin.o

.tdata          0x200010b8        0x0 load address 0x10009550
                0x200010b8                        . = ALIGN (0x4)
 *(.tdata .tdata.* .gnu.linkonce.td.*)
                0x200010b8                        __tdata_end = .
                0x200010b8                        PROVIDE (__data_end__ = .)
                0x10008558                        __etext = LOADADDR (.data)

.tbss           0x200010b8        0x0 load address 0x10009550
                0x200010b8                        . = ALIGN (0x4)
                0x200010b8                        __bss_start__ = .
                0x200010b8                        __tls_base = .
 *(.tbss .tbss.* .gnu.linkonce.tb.*)
 *(.tcommon)
                0x200010b8                        __tls_end = .

.bss            0x200010b8      0xefc load address 0x10009550
                0x200010b8                        . = ALIGN (0x4)
                0x200010b8                        __tbss_end = .
 *(SORT_BY_ALIGNMENT(SORT_BY_NAME(.bss*)))
 .bss.default_alarm_pool_entries
                0x200010b8      0x180 CMakeFiles/IntegratedMotorController_code.dir/home/aleks/.pico-sdk/sdk/2.2.0/src/common/pico_time/time.c.o
 .bss.last_avail_time.1
                0x20001238        0x8 CMakeFiles/IntegratedMotorController_code.dir/home/aleks/.pico-sdk/sdk/2.2.0/src/rp2_common/pico_stdio_usb/stdio_usb.c.o
 .bss.sd_table  0x20001240      0x100 CMakeFiles/IntegratedMotorController_code.dir/home/aleks/.pico-sdk/sdk/2.2.0/src/rp2_common/pico_double/double_init_rom_rp2040.c.o
                0x20001240                sd_table
 .bss.sf_table  0x20001340      0x100 CMakeFiles/IntegratedMotorController_code.dir/home/aleks/.pico-sdk/sdk/2.2.0/src/rp2_common/pico_float/float_init_rom_rp2040.c.o
                0x20001340                sf_table
 .bss._app_driver
                0x20001440        0x4 CMakeFiles/IntegratedMotorController_code.dir/home/aleks/.pico-sdk/sdk/2.2.0/lib/tinyusb/src/device/usbd.c.o
 .bss._cdcd_epbuf
                0x20001444       0x80 CMakeFiles/IntegratedMotorController_code.dir/home/aleks/.pico-sdk/sdk/2.2.0/lib/tinyusb/src/class/cdc/cdc_device.c.o
 .bss._cdcd_fifo_cfg
                0x200014c4        0x1 CMakeFiles/IntegratedMotorController_code.dir/home/aleks/.pico-sdk/sdk/2.2.0/lib/tinyusb/src/class/cdc/cdc_device.c.o
 *fill*         0x200014c5        0x3 
 .bss._cdcd_itf
                0x200014c8       0xc8 CMakeFiles/IntegratedMotorController_code.dir/home/aleks/.pico-sdk/sdk/2.2.0/lib/tinyusb/src/class/cdc/cdc_device.c.o
 .bss._ctrl_epbuf
                0x20001590       0x40 CMakeFiles/IntegratedMotorController_code.dir/home/aleks/.pico-sdk/sdk/2.2.0/lib/tinyusb/src/device/usbd_control.c.o
 .bss._ctrl_xfer
                0x200015d0       0x14 CMakeFiles/IntegratedMotorController_code.dir/home/aleks/.pico-sdk/sdk/2.2.0/lib/tinyusb/src/device/usbd_control.c.o
 .bss._tusb_rhport_role
                0x200015e4        0x2 CMakeFiles/IntegratedMotorController_code.dir/home/aleks/.pico-sdk/sdk/2.2.0/lib/tinyusb/src/tusb.c.o
                0x200015e4                _tusb_rhport_role
 *fill*         0x200015e6        0x2 
 .bss._ubsd_mutexdef
                0x200015e8        0x8 CMakeFiles/IntegratedMotorController_code.dir/home/aleks/.pico-sdk/sdk/2.2.0/lib/tinyusb/src/device/usbd.c.o
 .bss._usbd_dev
                0x200015f0       0x54 CMakeFiles/IntegratedMotorController_code.dir/home/aleks/.pico-sdk/sdk/2.2.0/lib/tinyusb/src/device/usbd.c.o
 .bss._usbd_mutex
                0x20001644        0x4 CMakeFiles/IntegratedMotorController_code.dir/home/aleks/.pico-sdk/sdk/2.2.0/lib/tinyusb/src/device/usbd.c.o
 .bss._usbd_q   0x20001648        0x4 CMakeFiles/IntegratedMotorController_code.dir/home/aleks/.pico-sdk/sdk/2.2.0/lib/tinyusb/src/device/usbd.c.o
 .bss._usbd_qdef_buf
                0x2000164c       0xc0 CMakeFiles/IntegratedMotorController_code.dir/home/aleks/.pico-sdk/sdk/2.2.0/lib/tinyusb/src/device/usbd.c.o
                0x2000164c                _usbd_qdef_buf
 .bss._vendord_epbuf
                0x2000170c       0x80 CMakeFiles/IntegratedMotorController_code.dir/home/aleks/.pico-sdk/sdk/2.2.0/lib/tinyusb/src/class/vendor/vendor_device.c.o
 .bss._vendord_itf
                0x2000178c      0x24c CMakeFiles/IntegratedMotorController_code.dir/home/aleks/.pico-sdk/sdk/2.2.0/lib/tinyusb/src/class/vendor/vendor_device.c.o
 .bss.boot2_copyout
                0x200019d8      0x100 CMakeFiles/IntegratedMotorController_code.dir/home/aleks/.pico-sdk/sdk/2.2.0/src/rp2_common/hardware_flash/flash.c.o
 .bss.chars_available_callback
                0x20001ad8        0x4 CMakeFiles/IntegratedMotorController_code.dir/home/aleks/.pico-sdk/sdk/2.2.0/src/rp2_common/pico_stdio_usb/stdio_usb.c.o
 .bss.chars_available_param
                0x20001adc        0x4 CMakeFiles/IntegratedMotorController_code.dir/home/aleks/.pico-sdk/sdk/2.2.0/src/rp2_common/pico_stdio_usb/stdio_usb.c.o
 .bss.claimed   0x20001ae0        0x4 CMakeFiles/IntegratedMotorController_code.dir/home/aleks/.pico-sdk/sdk/2.2.0/src/rp2_common/hardware_sync/sync.c.o
 .bss.claimed   0x20001ae4        0x1 CMakeFiles/IntegratedMotorController_code.dir/home/aleks/.pico-sdk/sdk/2.2.0/src/rp2_common/hardware_timer/timer.c.o
 *fill*         0x20001ae5        0x3 
 .bss.configured_freq
                0x20001ae8       0x28 CMakeFiles/IntegratedMotorController_code.dir/home/aleks/.pico-sdk/sdk/2.2.0/src/rp2_common/hardware_clocks/clocks.c.o
 .bss.desc_str.0
                0x20001b10       0x28 CMakeFiles/IntegratedMotorController_code.dir/home/aleks/.pico-sdk/sdk/2.2.0/src/rp2_common/pico_stdio_usb/stdio_usb_descriptors.c.o
 .bss.drivers   0x20001b38        0x4 CMakeFiles/IntegratedMotorController_code.dir/home/aleks/.pico-sdk/sdk/2.2.0/src/rp2_common/pico_stdio/stdio.c.o
 .bss.e15_last_sof
                0x20001b3c        0x4 CMakeFiles/IntegratedMotorController_code.dir/home/aleks/.pico-sdk/sdk/2.2.0/lib/tinyusb/src/portable/raspberrypi/rp2040/rp2040_usb.c.o
                0x20001b3c                e15_last_sof
 .bss.filter    0x20001b40        0x4 CMakeFiles/IntegratedMotorController_code.dir/home/aleks/.pico-sdk/sdk/2.2.0/src/rp2_common/pico_stdio/stdio.c.o
 .bss.hw_endpoints
                0x20001b44      0x400 CMakeFiles/IntegratedMotorController_code.dir/home/aleks/.pico-sdk/sdk/2.2.0/lib/tinyusb/src/portable/raspberrypi/rp2040/dcd_rp2040.c.o
 .bss.lazy_vsnprintf
                0x20001f44        0x4 CMakeFiles/IntegratedMotorController_code.dir/home/aleks/.pico-sdk/sdk/2.2.0/src/rp2_common/pico_printf/printf.c.o
 .bss.load_value
                0x20001f48        0x4 CMakeFiles/IntegratedMotorController_code.dir/home/aleks/.pico-sdk/sdk/2.2.0/src/rp2_common/hardware_watchdog/watchdog.c.o
 .bss.next_buffer_ptr
                0x20001f4c        0x4 CMakeFiles/IntegratedMotorController_code.dir/home/aleks/.pico-sdk/sdk/2.2.0/lib/tinyusb/src/portable/raspberrypi/rp2040/dcd_rp2040.c.o
 .bss.object.0  0x20001f50       0x18 /home/aleks/.pico-sdk/toolchain/14_2_Rel1/bin/../lib/gcc/arm-none-eabi/14.2.1/thumb/v6-m/nofp/crtbegin.o
 .bss.one_shot_timer_crit_sec
                0x20001f68        0x8 CMakeFiles/IntegratedMotorController_code.dir/home/aleks/.pico-sdk/sdk/2.2.0/src/rp2_common/pico_stdio_usb/stdio_usb.c.o
 .bss.pools     0x20001f70       0x10 CMakeFiles/IntegratedMotorController_code.dir/home/aleks/.pico-sdk/sdk/2.2.0/src/common/pico_time/time.c.o
 .bss.retrieved_id